<html>
<body>
<pre>
<h1>µVision Build Log</h1>
<h2>Tool Versions:</h2>
IDE-Version: ¦ÌVision V5.36.0.0
Copyright (C) 2021 ARM Ltd and ARM Germany GmbH. All rights reserved.
License Information: F F, F, LIC=TA39H-WK3RI-SG47K-ZJE58-09QMK-NDGB4
 
Tool Versions:
Toolchain:       MDK-ARM Professional  Version: 5.36.0.0
Toolchain Path:  D:\Keil_v5\ARM\ARMCC\Bin
C Compiler:      Armcc.exe V5.06 update 7 (build 960)
Assembler:       Armasm.exe V5.06 update 7 (build 960)
Linker/Locator:  ArmLink.exe V5.06 update 7 (build 960)
Library Manager: ArmAr.exe V5.06 update 7 (build 960)
Hex Converter:   FromElf.exe V5.06 update 7 (build 960)
CPU DLL:         SARMCM3.DLL V5.36.0.0
Dialog DLL:      DCM.DLL V1.17.3.0
Target DLL:      Segger\JL2CM3.dll V2.99.40.0
Dialog DLL:      TCM.DLL V1.53.0.0
 
<h2>Project:</h2>
E:\Project\STM_PROJECT\w5500_project\MDK-ARM\w5500_project.uvprojx
Project File Date:  05/29/2026

<h2>Output:</h2>
*** Using Compiler 'V5.06 update 7 (build 960)', folder: 'D:\Keil_v5\ARM\ARMCC\Bin'
Build target 'w5500_project'
compiling usart.c...
../Core/Src/usart.c(205): warning:  #223-D: function "vsnprintf" declared implicitly
      len = vsnprintf(buf, sizeof(buf), format, args);
../Core/Src/usart.c: 1 warning, 0 errors
compiling netconf.c...
..\Application\W5500\netconf.c(12): warning:  #47-D: incompatible redefinition of macro "DEBUG_OUTPUT"  (declared at line 37 of "../Application/RTT/LOG.h")
  #define DEBUG_OUTPUT DEBUG_RTT
..\Application\W5500\netconf.c: 1 warning, 0 errors
compiling tcp_client.c...
compiling main.c...
compiling freertos.c...
linking...
Program Size: Code=28836 RO-data=528 RW-data=240 ZI-data=17616  
FromELF: creating hex file...
"w5500_project\w5500_project.axf" - 0 Error(s), 2 Warning(s).

<h2>Software Packages used:</h2>

Package Vendor: ARM
                http://www.keil.com/pack/ARM.CMSIS.5.8.0.pack
                ARM.CMSIS.5.8.0
                CMSIS (Common Microcontroller Software Interface Standard)
   * Component: CORE Version: 5.5.0

Package Vendor: Keil
                http://www.keil.com/pack/Keil.STM32F4xx_DFP.2.15.0.pack
                Keil.STM32F4xx_DFP.2.15.0
                STMicroelectronics STM32F4 Series Device Support, Drivers and Examples

<h2>Collection of Component include folders:</h2>
  .\RTE\_w5500_project
  D:\Users\Tokin_hardware\AppData\Local\Arm\Packs\ARM\CMSIS\5.8.0\CMSIS\Core\Include
  D:\Users\Tokin_hardware\AppData\Local\Arm\Packs\Keil\STM32F4xx_DFP\2.15.0\Drivers\CMSIS\Device\ST\STM32F4xx\Include

<h2>Collection of Component Files used:</h2>

   * Component: ARM::CMSIS:CORE:5.5.0
      Include file:  CMSIS\Core\Include\tz_context.h
Build Time Elapsed:  00:00:10
</pre>
</body>
</html>
