<html>
<body>
<pre>
<h1>µVision Build Log</h1>
<h2>Tool Versions:</h2>
IDE-Version: ¦ÌVision V5.36.0.0
Copyright (C) 2021 ARM Ltd and ARM Germany GmbH. All rights reserved.
License Information: F F, F, LIC=TA39H-WK3RI-SG47K-ZJE58-09QMK-NDGB4
 
Tool Versions:
Toolchain:       MDK-ARM Professional  Version: 5.36.0.0
Toolchain Path:  D:\Keil_v5\ARM\ARMCC\Bin
C Compiler:      Armcc.exe V5.06 update 7 (build 960)
Assembler:       Armasm.exe V5.06 update 7 (build 960)
Linker/Locator:  ArmLink.exe V5.06 update 7 (build 960)
Library Manager: ArmAr.exe V5.06 update 7 (build 960)
Hex Converter:   FromElf.exe V5.06 update 7 (build 960)
CPU DLL:         SARMCM3.DLL V5.36.0.0
Dialog DLL:      DCM.DLL V1.17.3.0
Target DLL:      Segger\JL2CM3.dll V2.99.40.0
Dialog DLL:      TCM.DLL V1.53.0.0
 
<h2>Project:</h2>
E:\Project\STM_PROJECT\w5500_project\MDK-ARM\w5500_project.uvprojx
Project File Date:  05/28/2026

<h2>Output:</h2>
*** Using Compiler 'V5.06 update 7 (build 960)', folder: 'D:\Keil_v5\ARM\ARMCC\Bin'
Build target 'w5500_project'
compiling adc.c...
compiling stm32f4xx_hal_msp.c...
compiling usart.c...
compiling stm32f4xx_it.c...
compiling gpio.c...
compiling spi.c...
compiling stm32f4xx_ll_adc.c...
compiling main.c...
compiling freertos.c...
compiling stm32f4xx_hal_rcc_ex.c...
compiling stm32f4xx_hal_adc.c...
compiling stm32f4xx_hal_timebase_tim.c...
compiling stm32f4xx_hal_flash.c...
compiling stm32f4xx_hal_flash_ex.c...
compiling stm32f4xx_hal_adc_ex.c...
compiling stm32f4xx_hal_rcc.c...
compiling stm32f4xx_hal_flash_ramfunc.c...
compiling stm32f4xx_hal_gpio.c...
compiling stm32f4xx_hal_dma_ex.c...
compiling stm32f4xx_hal_pwr.c...
compiling stm32f4xx_hal_pwr_ex.c...
compiling stm32f4xx_hal_cortex.c...
compiling stm32f4xx_hal_dma.c...
compiling stm32f4xx_hal.c...
compiling stm32f4xx_hal_exti.c...
compiling event_groups.c...
compiling list.c...
compiling croutine.c...
compiling queue.c...
compiling stream_buffer.c...
compiling tasks.c...
compiling timers.c...
compiling heap_4.c...
compiling cmsis_os.c...
compiling SEGGER_RTT.c...
compiling port.c...
compiling SEGGER_RTT_printf.c...
compiling socket.c...
..\Application\W5500\socket.c(199): warning:  #177-D: variable "taddr"  was declared but never referenced
      uint8_t taddr[16];
..\Application\W5500\socket.c(200): warning:  #177-D: variable "local_port"  was declared but never referenced
      uint16_t local_port = 0;
..\Application\W5500\socket.c(772): warning:  #550-D: variable "tcmd"  was set but never used
      uint8_t tcmd = Sn_CR_SEND;
..\Application\W5500\socket.c: 3 warnings, 0 errors
compiling w5500.c...
compiling wizchip_conf.c...
compiling dhcp.c...
..\Application\W5500\Internet\DHCP\dhcp.c(670): warning:  #177-D: variable "addr_len"  was declared but never referenced
      uint8_t addr_len;
..\Application\W5500\Internet\DHCP\dhcp.c: 1 warning, 0 errors
compiling stm32f4xx_hal_spi.c...
compiling dns.c...
..\Application\W5500\Internet\DNS\dns.c(536): warning:  #177-D: variable "addr_len"  was declared but never referenced
      uint8_t addr_len;
..\Application\W5500\Internet\DNS\dns.c: 1 warning, 0 errors
compiling stm32f4xx_hal_tim.c...
compiling stm32f4xx_hal_tim_ex.c...
compiling stm32f4xx_hal_uart.c...
compiling system_stm32f4xx.c...
compiling w5500_conf.c...
compiling netconf.c...
..\Application\W5500\netconf.c(65): warning:  #1-D: last line of file ends without a newline
  }
..\Application\W5500\netconf.c: 1 warning, 0 errors
compiling tcp_client.c...
..\Application\W5500\tcp_client.c(158): warning:  #1-D: last line of file ends without a newline
  }
..\Application\W5500\tcp_client.c: 1 warning, 0 errors
linking...
Program Size: Code=26484 RO-data=528 RW-data=240 ZI-data=18824  
FromELF: creating hex file...
"w5500_project\w5500_project.axf" - 0 Error(s), 7 Warning(s).

<h2>Software Packages used:</h2>

Package Vendor: ARM
                http://www.keil.com/pack/ARM.CMSIS.5.8.0.pack
                ARM.CMSIS.5.8.0
                CMSIS (Common Microcontroller Software Interface Standard)
   * Component: CORE Version: 5.5.0

Package Vendor: Keil
                http://www.keil.com/pack/Keil.STM32F4xx_DFP.2.15.0.pack
                Keil.STM32F4xx_DFP.2.15.0
                STMicroelectronics STM32F4 Series Device Support, Drivers and Examples

<h2>Collection of Component include folders:</h2>
  .\RTE\_w5500_project
  D:\Users\Tokin_hardware\AppData\Local\Arm\Packs\ARM\CMSIS\5.8.0\CMSIS\Core\Include
  D:\Users\Tokin_hardware\AppData\Local\Arm\Packs\Keil\STM32F4xx_DFP\2.15.0\Drivers\CMSIS\Device\ST\STM32F4xx\Include

<h2>Collection of Component Files used:</h2>

   * Component: ARM::CMSIS:CORE:5.5.0
      Include file:  CMSIS\Core\Include\tz_context.h
Build Time Elapsed:  00:01:28
</pre>
</body>
</html>
