Component: ARM Compiler 5.06 update 7 (build 960) Tool: armlink [4d3601]

==============================================================================

Section Cross References

    startup_stm32f405xx.o(RESET) refers to startup_stm32f405xx.o(STACK) for __initial_sp
    startup_stm32f405xx.o(RESET) refers to startup_stm32f405xx.o(.text) for Reset_Handler
    startup_stm32f405xx.o(RESET) refers to stm32f4xx_it.o(i.NMI_Handler) for NMI_Handler
    startup_stm32f405xx.o(RESET) refers to stm32f4xx_it.o(i.HardFault_Handler) for HardFault_Handler
    startup_stm32f405xx.o(RESET) refers to stm32f4xx_it.o(i.MemManage_Handler) for MemManage_Handler
    startup_stm32f405xx.o(RESET) refers to stm32f4xx_it.o(i.BusFault_Handler) for BusFault_Handler
    startup_stm32f405xx.o(RESET) refers to stm32f4xx_it.o(i.UsageFault_Handler) for UsageFault_Handler
    startup_stm32f405xx.o(RESET) refers to port.o(.emb_text) for SVC_Handler
    startup_stm32f405xx.o(RESET) refers to stm32f4xx_it.o(i.DebugMon_Handler) for DebugMon_Handler
    startup_stm32f405xx.o(RESET) refers to port.o(i.SysTick_Handler) for SysTick_Handler
    startup_stm32f405xx.o(RESET) refers to stm32f4xx_it.o(i.TIM1_UP_TIM10_IRQHandler) for TIM1_UP_TIM10_IRQHandler
    startup_stm32f405xx.o(RESET) refers to stm32f4xx_it.o(i.USART3_IRQHandler) for USART3_IRQHandler
    startup_stm32f405xx.o(RESET) refers to stm32f4xx_it.o(i.UART4_IRQHandler) for UART4_IRQHandler
    startup_stm32f405xx.o(.text) refers to system_stm32f4xx.o(i.SystemInit) for SystemInit
    startup_stm32f405xx.o(.text) refers to entry.o(.ARM.Collect$$$$00000000) for __main
    main.o(i.HAL_TIM_PeriodElapsedCallback) refers to stm32f4xx_hal.o(i.HAL_IncTick) for HAL_IncTick
    main.o(i.SystemClock_Config) refers to memseta.o(.text) for __aeabi_memclr4
    main.o(i.SystemClock_Config) refers to stm32f4xx_hal_rcc.o(i.HAL_RCC_OscConfig) for HAL_RCC_OscConfig
    main.o(i.SystemClock_Config) refers to main.o(i.Error_Handler) for Error_Handler
    main.o(i.SystemClock_Config) refers to stm32f4xx_hal_rcc.o(i.HAL_RCC_ClockConfig) for HAL_RCC_ClockConfig
    main.o(i.main) refers to stm32f4xx_hal.o(i.HAL_Init) for HAL_Init
    main.o(i.main) refers to main.o(i.SystemClock_Config) for SystemClock_Config
    main.o(i.main) refers to gpio.o(i.MX_GPIO_Init) for MX_GPIO_Init
    main.o(i.main) refers to adc.o(i.MX_ADC1_Init) for MX_ADC1_Init
    main.o(i.main) refers to spi.o(i.MX_SPI1_Init) for MX_SPI1_Init
    main.o(i.main) refers to usart.o(i.MX_UART4_Init) for MX_UART4_Init
    main.o(i.main) refers to usart.o(i.MX_USART3_UART_Init) for MX_USART3_UART_Init
    main.o(i.main) refers to main.o(i.print_reset_cause) for print_reset_cause
    main.o(i.main) refers to printfa.o(i.__0snprintf) for __2snprintf
    main.o(i.main) refers to usart.o(i.uart_printf) for uart_printf
    main.o(i.main) refers to main.o(i.watchdog_init) for watchdog_init
    main.o(i.main) refers to freertos.o(i.MX_FREERTOS_Init) for MX_FREERTOS_Init
    main.o(i.main) refers to cmsis_os.o(i.osKernelStart) for osKernelStart
    main.o(i.print_reset_cause) refers to printfa.o(i.__0snprintf) for __2snprintf
    main.o(i.print_reset_cause) refers to usart.o(i.uart_printf) for uart_printf
    main.o(i.system_reset) refers to printfa.o(i.__0snprintf) for __2snprintf
    main.o(i.system_reset) refers to usart.o(i.uart_printf) for uart_printf
    main.o(i.system_reset) refers to stm32f4xx_hal.o(i.HAL_Delay) for HAL_Delay
    main.o(i.watchdog_feed) refers to stm32f4xx_hal_iwdg.o(i.HAL_IWDG_Refresh) for HAL_IWDG_Refresh
    main.o(i.watchdog_feed) refers to main.o(.bss) for hiwdg
    main.o(i.watchdog_init) refers to stm32f4xx_hal_iwdg.o(i.HAL_IWDG_Init) for HAL_IWDG_Init
    main.o(i.watchdog_init) refers to printfa.o(i.__0snprintf) for __2snprintf
    main.o(i.watchdog_init) refers to usart.o(i.uart_printf) for uart_printf
    main.o(i.watchdog_init) refers to main.o(.bss) for hiwdg
    gpio.o(i.MX_GPIO_Init) refers to memseta.o(.text) for __aeabi_memclr4
    gpio.o(i.MX_GPIO_Init) refers to stm32f4xx_hal_gpio.o(i.HAL_GPIO_WritePin) for HAL_GPIO_WritePin
    gpio.o(i.MX_GPIO_Init) refers to stm32f4xx_hal_gpio.o(i.HAL_GPIO_Init) for HAL_GPIO_Init
    freertos.o(i.MX_FREERTOS_Init) refers to memcpya.o(.text) for __aeabi_memcpy4
    freertos.o(i.MX_FREERTOS_Init) refers to cmsis_os.o(i.osThreadCreate) for osThreadCreate
    freertos.o(i.MX_FREERTOS_Init) refers to freertos.o(.constdata) for .constdata
    freertos.o(i.MX_FREERTOS_Init) refers to freertos.o(.data) for defaultTaskHandle
    freertos.o(i.StartDefaultTask) refers to stm32f4xx_hal_gpio.o(i.HAL_GPIO_TogglePin) for HAL_GPIO_TogglePin
    freertos.o(i.StartDefaultTask) refers to cmsis_os.o(i.osDelay) for osDelay
    freertos.o(i.StartNetworkTask) refers to printfa.o(i.__0snprintf) for __2snprintf
    freertos.o(i.StartNetworkTask) refers to usart.o(i.uart_printf) for uart_printf
    freertos.o(i.StartNetworkTask) refers to stm32f4xx_hal_iwdg.o(i.HAL_IWDG_Refresh) for HAL_IWDG_Refresh
[...]
    i.__NVIC_GetPriorityGrouping             0x08003c0c   Section        0  stm32f4xx_hal_cortex.o(i.__NVIC_GetPriorityGrouping)
    __NVIC_GetPriorityGrouping               0x08003c0d   Thumb Code    10  stm32f4xx_hal_cortex.o(i.__NVIC_GetPriorityGrouping)
    i.__NVIC_SetPriority                     0x08003c1c   Section        0  stm32f4xx_hal_cortex.o(i.__NVIC_SetPriority)
    __NVIC_SetPriority                       0x08003c1d   Thumb Code    32  stm32f4xx_hal_cortex.o(i.__NVIC_SetPriority)
    i.__scatterload_copy                     0x08003c44   Section       14  handlers.o(i.__scatterload_copy)
    i.__scatterload_null                     0x08003c52   Section        2  handlers.o(i.__scatterload_null)
    i.__scatterload_zeroinit                 0x08003c54   Section       14  handlers.o(i.__scatterload_zeroinit)
    i._fp_digits                             0x08003c64   Section        0  printfa.o(i._fp_digits)
    _fp_digits                               0x08003c65   Thumb Code   366  printfa.o(i._fp_digits)
    i._printf_core                           0x08003de8   Section        0  printfa.o(i._printf_core)
    _printf_core                             0x08003de9   Thumb Code  1704  printfa.o(i._printf_core)
    i._printf_post_padding                   0x0800449c   Section        0  printfa.o(i._printf_post_padding)
    _printf_post_padding                     0x0800449d   Thumb Code    36  printfa.o(i._printf_post_padding)
    i._printf_pre_padding                    0x080044c0   Section        0  printfa.o(i._printf_pre_padding)
    _printf_pre_padding                      0x080044c1   Thumb Code    46  printfa.o(i._printf_pre_padding)
    i._snputc                                0x080044ee   Section        0  printfa.o(i._snputc)
    _snputc                                  0x080044ef   Thumb Code    22  printfa.o(i._snputc)
    i.check_DNS_timeout                      0x08004504   Section        0  dns.o(i.check_DNS_timeout)
    i.close                                  0x08004540   Section        0  socket.o(i.close)
    i.connect_IO_6                           0x080045e0   Section        0  socket.o(i.connect_IO_6)
    connect_IO_6                             0x080045e1   Thumb Code   400  socket.o(i.connect_IO_6)
    i.connect_W5x00                          0x08004778   Section        0  socket.o(i.connect_W5x00)
    i.ctlnetwork                             0x0800478e   Section        0  wizchip_conf.o(i.ctlnetwork)
    i.dns_answer                             0x080047de   Section        0  dns.o(i.dns_answer)
    i.dns_makequery                          0x080048e0   Section        0  dns.o(i.dns_makequery)
    i.dns_question                           0x080049c0   Section        0  dns.o(i.dns_question)
    i.get16                                  0x080049ea   Section        0  dns.o(i.get16)
    i.getSn_RX_RSR                           0x080049fa   Section        0  w5500.o(i.getSn_RX_RSR)
    i.getSn_TX_FSR                           0x08004a66   Section        0  w5500.o(i.getSn_TX_FSR)
    i.main                                   0x08004ad4   Section        0  main.o(i.main)
    i.makeFreeRtosPriority                   0x08004cb4   Section        0  cmsis_os.o(i.makeFreeRtosPriority)
    makeFreeRtosPriority                     0x08004cb5   Thumb Code    14  cmsis_os.o(i.makeFreeRtosPriority)
    i.osDelay                                0x08004cc2   Section        0  cmsis_os.o(i.osDelay)
    i.osKernelStart                          0x08004cda   Section        0  cmsis_os.o(i.osKernelStart)
    i.osThreadCreate                         0x08004ce4   Section        0  cmsis_os.o(i.osThreadCreate)
    i.parseDNSMSG                            0x08004d42   Section        0  dns.o(i.parseDNSMSG)
    i.parse_name                             0x08004e40   Section        0  dns.o(i.parse_name)
    i.print_reset_cause                      0x08004ed8   Section        0  main.o(i.print_reset_cause)
    i.prvAddCurrentTaskToDelayedList         0x080052e8   Section        0  tasks.o(i.prvAddCurrentTaskToDelayedList)
    prvAddCurrentTaskToDelayedList           0x080052e9   Thumb Code   124  tasks.o(i.prvAddCurrentTaskToDelayedList)
    i.prvAddNewTaskToReadyList               0x08005380   Section        0  tasks.o(i.prvAddNewTaskToReadyList)
    prvAddNewTaskToReadyList                 0x08005381   Thumb Code   150  tasks.o(i.prvAddNewTaskToReadyList)
    i.prvCheckTasksWaitingTermination        0x08005434   Section        0  tasks.o(i.prvCheckTasksWaitingTermination)
    prvCheckTasksWaitingTermination          0x08005435   Thumb Code    60  tasks.o(i.prvCheckTasksWaitingTermination)
    i.prvDeleteTCB                           0x0800547c   Section        0  tasks.o(i.prvDeleteTCB)
    prvDeleteTCB                             0x0800547d   Thumb Code    80  tasks.o(i.prvDeleteTCB)
    i.prvHeapInit                            0x080054cc   Section        0  heap_4.o(i.prvHeapInit)
    prvHeapInit                              0x080054cd   Thumb Code    98  heap_4.o(i.prvHeapInit)
    i.prvIdleTask                            0x08005548   Section        0  tasks.o(i.prvIdleTask)
    prvIdleTask                              0x08005549   Thumb Code    36  tasks.o(i.prvIdleTask)
    i.prvInitialiseNewTask                   0x08005574   Section        0  tasks.o(i.prvInitialiseNewTask)
    prvInitialiseNewTask                     0x08005575   Thumb Code   180  tasks.o(i.prvInitialiseNewTask)
    i.prvInitialiseTaskLists                 0x08005628   Section        0  tasks.o(i.prvInitialiseTaskLists)
    prvInitialiseTaskLists                   0x08005629   Thumb Code    70  tasks.o(i.prvInitialiseTaskLists)
    i.prvInsertBlockIntoFreeList             0x08005690   Section        0  heap_4.o(i.prvInsertBlockIntoFreeList)
    prvInsertBlockIntoFreeList               0x08005691   Thumb Code    96  heap_4.o(i.prvInsertBlockIntoFreeList)
    i.prvResetNextTaskUnblockTime            0x080056f8   Section        0  tasks.o(i.prvResetNextTaskUnblockTime)
    prvResetNextTaskUnblockTime              0x080056f9   Thumb Code    42  tasks.o(i.prvResetNextTaskUnblockTime)
    i.prvTaskExitError                       0x0800572c   Section        0  port.o(i.prvTaskExitError)
    prvTaskExitError                         0x0800572d   Thumb Code    60  port.o(i.prvTaskExitError)
    i.put16                                  0x0800576c   Section        0  dns.o(i.put16)
    i.pvPortMalloc                           0x08005778   Section        0  heap_4.o(i.pvPortMalloc)
    i.pxPortInitialiseStack                  0x080058c4   Section        0  port.o(i.pxPortInitialiseStack)
    i.recvfrom_IO_6                          0x080058f0   Section        0  socket.o(i.recvfrom_IO_6)
    recvfrom_IO_6                            0x080058f1   Thumb Code   800  socket.o(i.recvfrom_IO_6)
    i.recvfrom_W5x00                         0x08005c1c   Section        0  socket.o(i.recvfrom_W5x00)
    i.reg_wizchip_cris_cbfunc                0x08005c48   Section        0  wizchip_conf.o(i.reg_wizchip_cris_cbfunc)
    i.reg_wizchip_cs_cbfunc                  0x08005c70   Section        0  wizchip_conf.o(i.reg_wizchip_cs_cbfunc)
    i.reg_wizchip_spi_cbfunc                 0x08005c98   Section        0  wizchip_conf.o(i.reg_wizchip_spi_cbfunc)
    i.reg_wizchip_spiburst_cbfunc            0x08005ccc   Section        0  wizchip_conf.o(i.reg_wizchip_spiburst_cbfunc)
    i.sendto_IO_6                            0x08005d00   Section        0  socket.o(i.sendto_IO_6)
    sendto_IO_6                              0x08005d01   Thumb Code   680  socket.o(i.sendto_IO_6)
    i.sendto_W5x00                           0x08005fac   Section        0  socket.o(i.sendto_W5x00)
    i.socket                                 0x08005fd4   Section        0  socket.o(i.socket)
    i.tcp_client_connect                     0x0800618c   Section        0  tcp_client.o(i.tcp_client_connect)
    i.tcp_resolve_domain                     0x080065f0   Section        0  tcp_client.o(i.tcp_resolve_domain)
    tcp_resolve_domain                       0x080065f1   Thumb Code   224  tcp_client.o(i.tcp_resolve_domain)
    i.uart_printf                            0x08006758   Section        0  usart.o(i.uart_printf)
    i.uxListRemove                           0x08006798   Section        0  list.o(i.uxListRemove)
    i.vApplicationGetIdleTaskMemory          0x080067c0   Section        0  freertos.o(i.vApplicationGetIdleTaskMemory)
    i.vApplicationIdleHook                   0x080067d8   Section        0  freertos.o(i.vApplicationIdleHook)
    i.vListInitialise                        0x080067e8   Section        0  list.o(i.vListInitialise)
    i.vListInitialiseItem                    0x08006802   Section        0  list.o(i.vListInitialiseItem)
    i.vListInsert                            0x08006808   Section        0  list.o(i.vListInsert)
    i.vListInsertEnd                         0x0800683c   Section        0  list.o(i.vListInsertEnd)
    i.vPortEnterCritical                     0x08006854   Section        0  port.o(i.vPortEnterCritical)
    i.vPortExitCritical                      0x080068a8   Section        0  port.o(i.vPortExitCritical)
    i.vPortFree                              0x080068e4   Section        0  heap_4.o(i.vPortFree)
    i.vPortSetupTimerInterrupt               0x08006988   Section        0  port.o(i.vPortSetupTimerInterrupt)
    i.vTaskDelay                             0x080069b0   Section        0  tasks.o(i.vTaskDelay)
    i.vTaskStartScheduler                    0x08006a0c   Section        0  tasks.o(i.vTaskStartScheduler)
    i.vTaskSuspendAll                        0x08006abc   Section        0  tasks.o(i.vTaskSuspendAll)
    i.vTaskSwitchContext                     0x08006acc   Section        0  tasks.o(i.vTaskSwitchContext)
    i.w5500_cris_enter                       0x08006b58   Section        0  w5500_conf.o(i.w5500_cris_enter)
    w5500_cris_enter                         0x08006b59   Thumb Code    10  w5500_conf.o(i.w5500_cris_enter)
    i.w5500_cris_exit                        0x08006b62   Section        0  w5500_conf.o(i.w5500_cris_exit)
    w5500_cris_exit                          0x08006b63   Thumb Code    10  w5500_conf.o(i.w5500_cris_exit)
    i.w5500_cs_deselect                      0x08006b6c   Section        0  w5500_conf.o(i.w5500_cs_deselect)
    w5500_cs_deselect                        0x08006b6d   Thumb Code    14  w5500_conf.o(i.w5500_cs_deselect)
    i.w5500_cs_select                        0x08006b80   Section        0  w5500_conf.o(i.w5500_cs_select)
    w5500_cs_select                          0x08006b81   Thumb Code    14  w5500_conf.o(i.w5500_cs_select)
    i.w5500_spi_readburst                    0x08006b94   Section        0  w5500_conf.o(i.w5500_spi_readburst)
    w5500_spi_readburst                      0x08006b95   Thumb Code    48  w5500_conf.o(i.w5500_spi_readburst)
    i.w5500_spi_readbyte                     0x08006bc8   Section        0  w5500_conf.o(i.w5500_spi_readbyte)
    w5500_spi_readbyte                       0x08006bc9   Thumb Code    30  w5500_conf.o(i.w5500_spi_readbyte)
    i.w5500_spi_writeburst                   0x08006bec   Section        0  w5500_conf.o(i.w5500_spi_writeburst)
    w5500_spi_writeburst                     0x08006bed   Thumb Code    22  w5500_conf.o(i.w5500_spi_writeburst)
    i.w5500_spi_writebyte                    0x08006c08   Section        0  w5500_conf.o(i.w5500_spi_writebyte)
    w5500_spi_writebyte                      0x08006c09   Thumb Code    18  w5500_conf.o(i.w5500_spi_writebyte)
    i.watchdog_init                          0x08006c20   Section        0  main.o(i.watchdog_init)
    i.wiz_recv_data                          0x08006cb4   Section        0  w5500.o(i.wiz_recv_data)
    i.wiz_recv_ignore                        0x08006d38   Section        0  w5500.o(i.wiz_recv_ignore)
    i.wiz_send_data                          0x08006d9e   Section        0  w5500.o(i.wiz_send_data)
    i.wizchip_bus_readdata                   0x08006e22   Section        0  wizchip_conf.o(i.wizchip_bus_readdata)
    i.wizchip_bus_writedata                  0x08006e28   Section        0  wizchip_conf.o(i.wizchip_bus_writedata)
    i.wizchip_cris_enter                     0x08006e2c   Section        0  wizchip_conf.o(i.wizchip_cris_enter)
    i.wizchip_cris_exit                      0x08006e2e   Section        0  wizchip_conf.o(i.wizchip_cris_exit)
    i.wizchip_cs_deselect                    0x08006e30   Section        0  wizchip_conf.o(i.wizchip_cs_deselect)
    i.wizchip_cs_select                      0x08006e32   Section        0  wizchip_conf.o(i.wizchip_cs_select)
    i.wizchip_getnetinfo                     0x08006e34   Section        0  wizchip_conf.o(i.wizchip_getnetinfo)
    i.wizchip_getnetmode                     0x08006e90   Section        0  wizchip_conf.o(i.wizchip_getnetmode)
    i.wizchip_gettimeout                     0x08006e9a   Section        0  wizchip_conf.o(i.wizchip_gettimeout)
    i.wizchip_init                           0x08006ec2   Section        0  wizchip_conf.o(i.wizchip_init)
    i.wizchip_setnetinfo                     0x08006f54   Section        0  wizchip_conf.o(i.wizchip_setnetinfo)
    i.wizchip_setnetmode                     0x08006fac   Section        0  wizchip_conf.o(i.wizchip_setnetmode)
    i.wizchip_settimeout                     0x08006fd2   Section        0  wizchip_conf.o(i.wizchip_settimeout)
    i.wizchip_spi_cbfunc                     0x08006ff8   Section        0  w5500_conf.o(i.wizchip_spi_cbfunc)
    i.wizchip_spi_readburst                  0x0800703c   Section        0  wizchip_conf.o(i.wizchip_spi_readburst)
    i.wizchip_spi_readbyte                   0x08007060   Section        0  wizchip_conf.o(i.wizchip_spi_readbyte)
    i.wizchip_spi_writeburst                 0x08007064   Section        0  wizchip_conf.o(i.wizchip_spi_writeburst)
    i.wizchip_spi_writebyte                  0x08007088   Section        0  wizchip_conf.o(i.wizchip_spi_writebyte)
    i.wizchip_sw_reset                       0x0800708a   Section        0  wizchip_conf.o(i.wizchip_sw_reset)
    i.xPortStartScheduler                    0x080070fc   Section        0  port.o(i.xPortStartScheduler)
    i.xTaskCreate                            0x08007264   Section        0  tasks.o(i.xTaskCreate)
    i.xTaskCreateStatic                      0x080072c8   Section        0  tasks.o(i.xTaskCreateStatic)
    i.xTaskIncrementTick                     0x08007384   Section        0  tasks.o(i.xTaskIncrementTick)
    i.xTaskResumeAll                         0x080074cc   Section        0  tasks.o(i.xTaskResumeAll)
    .constdata                               0x080075d0   Section       56  freertos.o(.constdata)
    .constdata                               0x08007608   Section       24  system_stm32f4xx.o(.constdata)
    .conststring                             0x08007620   Section       24  freertos.o(.conststring)
    .data                                    0x20000000   Section       12  freertos.o(.data)
    idle_count                               0x20000008   Data           4  freertos.o(.data)
    .data                                    0x2000000c   Section        9  stm32f4xx_hal.o(.data)
    .data                                    0x20000018   Section        4  system_stm32f4xx.o(.data)
    .data                                    0x2000001c   Section       60  tasks.o(.data)
    pxDelayedTaskList                        0x20000020   Data           4  tasks.o(.data)
    pxOverflowDelayedTaskList                0x20000024   Data           4  tasks.o(.data)
    uxDeletedTasksWaitingCleanUp             0x20000028   Data           4  tasks.o(.data)
    uxCurrentNumberOfTasks                   0x2000002c   Data           4  tasks.o(.data)
    xTickCount                               0x20000030   Data           4  tasks.o(.data)
    uxTopReadyPriority                       0x20000034   Data           4  tasks.o(.data)
    xSchedulerRunning                        0x20000038   Data           4  tasks.o(.data)
    xPendedTicks                             0x2000003c   Data           4  tasks.o(.data)
    xYieldPending                            0x20000040   Data           4  tasks.o(.data)
    xNumOfOverflows                          0x20000044   Data           4  tasks.o(.data)
    uxTaskNumber                             0x20000048   Data           4  tasks.o(.data)
    xNextTaskUnblockTime                     0x2000004c   Data           4  tasks.o(.data)
    xIdleTaskHandle                          0x20000050   Data           4  tasks.o(.data)
    uxSchedulerSuspended                     0x20000054   Data           4  tasks.o(.data)
    .data                                    0x20000058   Section       32  heap_4.o(.data)
    xStart                                   0x20000058   Data           8  heap_4.o(.data)
    pxEnd                                    0x20000060   Data           4  heap_4.o(.data)
    xFreeBytesRemaining                      0x20000064   Data           4  heap_4.o(.data)
    xMinimumEverFreeBytesRemaining           0x20000068   Data           4  heap_4.o(.data)
    xNumberOfSuccessfulAllocations           0x2000006c   Data           4  heap_4.o(.data)
    xNumberOfSuccessfulFrees                 0x20000070   Data           4  heap_4.o(.data)
    xBlockAllocatedBit                       0x20000074   Data           4  heap_4.o(.data)
    .data                                    0x20000078   Section       12  port.o(.data)
    uxCriticalNesting                        0x20000078   Data           4  port.o(.data)
    ucMaxSysCallPriority                     0x2000007c   Data           1  port.o(.data)
    ulMaxPRIGROUPValue                       0x20000080   Data           4  port.o(.data)
    .data                                    0x20000084   Section       23  netconf.o(.data)
    g_net_info                               0x20000084   Data          22  netconf.o(.data)
    .data                                    0x2000009c   Section       14  socket.o(.data)
    sock_any_port                            0x2000009c   Data           2  socket.o(.data)
    sock_io_mode                             0x2000009e   Data           2  socket.o(.data)
    sock_is_sending                          0x200000a0   Data           2  socket.o(.data)
    .data                                    0x200000ac   Section       49  wizchip_conf.o(.data)
    _DNS_                                    0x200000d8   Data           4  wizchip_conf.o(.data)
    _DHCP_                                   0x200000dc   Data           1  wizchip_conf.o(.data)
    .data                                    0x200000dd   Section        5  tcp_client.o(.data)
    g_target_ip                              0x200000dd   Data           4  tcp_client.o(.data)
    g_connected                              0x200000e1   Data           1  tcp_client.o(.data)
    .data                                    0x200000e4   Section       13  dns.o(.data)
    retry_count                              0x200000f0   Data           1  dns.o(.data)
    .bss                                     0x200000f4   Section       12  main.o(.bss)
    .bss                                     0x20000100   Section      596  freertos.o(.bss)
    xIdleTaskTCBBuffer                       0x20000100   Data          84  freertos.o(.bss)
    xIdleStack                               0x20000154   Data         512  freertos.o(.bss)
    .bss                                     0x20000354   Section       72  adc.o(.bss)
    .bss                                     0x2000039c   Section       88  spi.o(.bss)
    .bss                                     0x200003f4   Section      144  usart.o(.bss)
    .bss                                     0x20000484   Section       72  stm32f4xx_hal_timebase_tim.o(.bss)
    .bss                                     0x200004cc   Section      240  tasks.o(.bss)
    pxReadyTasksLists                        0x200004cc   Data         140  tasks.o(.bss)
    xDelayedTaskList1                        0x20000558   Data          20  tasks.o(.bss)
    xDelayedTaskList2                        0x2000056c   Data          20  tasks.o(.bss)
    xPendingReadyList                        0x20000580   Data          20  tasks.o(.bss)
    xTasksWaitingTermination                 0x20000594   Data          20  tasks.o(.bss)
    xSuspendedTaskList                       0x200005a8   Data          20  tasks.o(.bss)
    .bss                                     0x200005bc   Section    30720  heap_4.o(.bss)
    ucHeap                                   0x200005bc   Data       30720  heap_4.o(.bss)
    .bss                                     0x20007dbc   Section       16  socket.o(.bss)
    sock_remained_size                       0x20007dbc   Data          16  socket.o(.bss)
    STACK                                    0x20007dd0   Section     1024  startup_stm32f405xx.o(STACK)

    Global Symbols

    Symbol Name                              Value     Ov Type        Size  Object(Section)

    BuildAttributes$$THM_ISAv4$E$P$D$K$B$S$7EM$VFPi3$EXTD16$VFPS$VFMA$PE$A:L22UL41UL21$X:L11$S22US41US21$IEEE1$IW$USESV6$~STKCKD$USESV7$~SHL$OSPACE$ROPI$EBA8$MICROLIB$REQ8$PRES8$EABIv2 0x00000000   Number         0  anon$$obj.o ABSOLUTE
    __ARM_use_no_argv                        0x00000000   Number         0  main.o ABSOLUTE
    _printf_a                                0x00000000   Number         0  stubs.o ABSOLUTE
    _printf_c                                0x00000000   Number         0  stubs.o ABSOLUTE
    _printf_charcount                        0x00000000   Number         0  stubs.o ABSOLUTE
    _printf_d                                0x00000000   Number         0  stubs.o ABSOLUTE
    _printf_e                                0x00000000   Number         0  stubs.o ABSOLUTE
    _printf_f                                0x00000000   Number         0  stubs.o ABSOLUTE
    _printf_flags                            0x00000000   Number         0  stubs.o ABSOLUTE
    _printf_fp_dec                           0x00000000   Number         0  stubs.o ABSOLUTE
    _printf_fp_hex                           0x00000000   Number         0  stubs.o ABSOLUTE
    _printf_g                                0x00000000   Number         0  stubs.o ABSOLUTE
    _printf_i                                0x00000000   Number         0  stubs.o ABSOLUTE
    _printf_int_dec                          0x00000000   Number         0  stubs.o ABSOLUTE
    _printf_l                                0x00000000   Number         0  stubs.o ABSOLUTE
    _printf_lc                               0x00000000   Number         0  stubs.o ABSOLUTE
    _printf_ll                               0x00000000   Number         0  stubs.o ABSOLUTE
    _printf_lld                              0x00000000   Number         0  stubs.o ABSOLUTE
    _printf_lli                              0x00000000   Number         0  stubs.o ABSOLUTE
    _printf_llo                              0x00000000   Number         0  stubs.o ABSOLUTE
    _printf_llu                              0x00000000   Number         0  stubs.o ABSOLUTE
    _printf_llx                              0x00000000   Number         0  stubs.o ABSOLUTE
    _printf_longlong_dec                     0x00000000   Number         0  stubs.o ABSOLUTE
    _printf_longlong_hex                     0x00000000   Number         0  stubs.o ABSOLUTE
    _printf_longlong_oct                     0x00000000   Number         0  stubs.o ABSOLUTE
    _printf_ls                               0x00000000   Number         0  stubs.o ABSOLUTE
    _printf_mbtowc                           0x00000000   Number         0  stubs.o ABSOLUTE
    _printf_n                                0x00000000   Number         0  stubs.o ABSOLUTE
    _printf_o                                0x00000000   Number         0  stubs.o ABSOLUTE
    _printf_p                                0x00000000   Number         0  stubs.o ABSOLUTE
    _printf_percent                          0x00000000   Number         0  stubs.o ABSOLUTE
    _printf_pre_padding                      0x00000000   Number         0  stubs.o ABSOLUTE
    _printf_return_value                     0x00000000   Number         0  stubs.o ABSOLUTE
    _printf_s                                0x00000000   Number         0  stubs.o ABSOLUTE
    _printf_sizespec                         0x00000000   Number         0  stubs.o ABSOLUTE
    _printf_str                              0x00000000   Number         0  stubs.o ABSOLUTE
    _printf_truncate_signed                  0x00000000   Number         0  stubs.o ABSOLUTE
    _printf_truncate_unsigned                0x00000000   Number         0  stubs.o ABSOLUTE
    _printf_u                                0x00000000   Number         0  stubs.o ABSOLUTE
    _printf_wc                               0x00000000   Number         0  stubs.o ABSOLUTE
    _printf_wctomb                           0x00000000   Number         0  stubs.o ABSOLUTE
    _printf_widthprec                        0x00000000   Number         0  stubs.o ABSOLUTE
    _printf_x                                0x00000000   Number         0  stubs.o ABSOLUTE
    __arm_fini_                               - Undefined Weak Reference
    __cpp_initialize__aeabi_                  - Undefined Weak Reference
    __cxa_finalize                            - Undefined Weak Reference
    __decompress                              - Undefined Weak Reference
    _clock_init                               - Undefined Weak Reference
    _microlib_exit                            - Undefined Weak Reference
    __Vectors_Size                           0x00000188   Number         0  startup_stm32f405xx.o ABSOLUTE
    __Vectors                                0x08000000   Data           4  startup_stm32f405xx.o(RESET)
    __Vectors_End                            0x08000188   Data           0  startup_stm32f405xx.o(RESET)
    __main                                   0x08000189   Thumb Code     0  entry.o(.ARM.Collect$$$$00000000)
    _main_stk                                0x08000189   Thumb Code     0  entry2.o(.ARM.Collect$$$$00000001)
    _main_scatterload                        0x0800018d   Thumb Code     0  entry5.o(.ARM.Collect$$$$00000004)
    __main_after_scatterload                 0x08000191   Thumb Code     0  entry5.o(.ARM.Collect$$$$00000004)
    _main_clock                              0x08000191   Thumb Code     0  entry7b.o(.ARM.Collect$$$$00000008)
    _main_cpp_init                           0x08000191   Thumb Code     0  entry8b.o(.ARM.Collect$$$$0000000A)
    _main_init                               0x08000191   Thumb Code     0  entry9a.o(.ARM.Collect$$$$0000000B)
    __rt_lib_shutdown_fini                   0x08000199   Thumb Code     0  entry12b.o(.ARM.Collect$$$$0000000E)
    __rt_final_cpp                           0x0800019d   Thumb Code     0  entry10a.o(.ARM.Collect$$$$0000000F)
    __rt_final_exit                          0x0800019d   Thumb Code     0  entry11a.o(.ARM.Collect$$$$00000011)
    SVC_Handler                              0x080001a1   Thumb Code    28  port.o(.emb_text)
    __asm___6_port_c_39a90d8d__prvStartFirstTask 0x080001c1   Thumb Code    36  port.o(.emb_text)
    __asm___6_port_c_39a90d8d__prvEnableVFP  0x080001e9   Thumb Code    16  port.o(.emb_text)
    PendSV_Handler                           0x080001fd   Thumb Code    88  port.o(.emb_text)
    vPortGetIPSR                             0x08000259   Thumb Code     6  port.o(.emb_text)
    Reset_Handler                            0x08000261   Thumb Code     8  startup_stm32f405xx.o(.text)
    ADC_IRQHandler                           0x0800027b   Thumb Code     0  startup_stm32f405xx.o(.text)
    CAN1_RX0_IRQHandler                      0x0800027b   Thumb Code     0  startup_stm32f405xx.o(.text)
    CAN1_RX1_IRQHandler                      0x0800027b   Thumb Code     0  startup_stm32f405xx.o(.text)
    CAN1_SCE_IRQHandler                      0x0800027b   Thumb Code     0  startup_stm32f405xx.o(.text)
    CAN1_TX_IRQHandler                       0x0800027b   Thumb Code     0  startup_stm32f405xx.o(.text)
    CAN2_RX0_IRQHandler                      0x0800027b   Thumb Code     0  startup_stm32f405xx.o(.text)
    CAN2_RX1_IRQHandler                      0x0800027b   Thumb Code     0  startup_stm32f405xx.o(.text)
    CAN2_SCE_IRQHandler                      0x0800027b   Thumb Code     0  startup_stm32f405xx.o(.text)
    CAN2_TX_IRQHandler                       0x0800027b   Thumb Code     0  startup_stm32f405xx.o(.text)
    DMA1_Stream0_IRQHandler                  0x0800027b   Thumb Code     0  startup_stm32f405xx.o(.text)
    DMA1_Stream1_IRQHandler                  0x0800027b   Thumb Code     0  startup_stm32f405xx.o(.text)
    DMA1_Stream2_IRQHandler                  0x0800027b   Thumb Code     0  startup_stm32f405xx.o(.text)
    DMA1_Stream3_IRQHandler                  0x0800027b   Thumb Code     0  startup_stm32f405xx.o(.text)
    DMA1_Stream4_IRQHandler                  0x0800027b   Thumb Code     0  startup_stm32f405xx.o(.text)
    DMA1_Stream5_IRQHandler                  0x0800027b   Thumb Code     0  startup_stm32f405xx.o(.text)
    DMA1_Stream6_IRQHandler                  0x0800027b   Thumb Code     0  startup_stm32f405xx.o(.text)
    DMA1_Stream7_IRQHandler                  0x0800027b   Thumb Code     0  startup_stm32f405xx.o(.text)
    DMA2_Stream0_IRQHandler                  0x0800027b   Thumb Code     0  startup_stm32f405xx.o(.text)
    DMA2_Stream1_IRQHandler                  0x0800027b   Thumb Code     0  startup_stm32f405xx.o(.text)
    DMA2_Stream2_IRQHandler                  0x0800027b   Thumb Code     0  startup_stm32f405xx.o(.text)
    DMA2_Stream3_IRQHandler                  0x0800027b   Thumb Code     0  startup_stm32f405xx.o(.text)
    DMA2_Stream4_IRQHandler                  0x0800027b   Thumb Code     0  startup_stm32f405xx.o(.text)
    DMA2_Stream5_IRQHandler                  0x0800027b   Thumb Code     0  startup_stm32f405xx.o(.text)
    DMA2_Stream6_IRQHandler                  0x0800027b   Thumb Code     0  startup_stm32f405xx.o(.text)
    DMA2_Stream7_IRQHandler                  0x0800027b   Thumb Code     0  startup_stm32f405xx.o(.text)
    EXTI0_IRQHandler                         0x0800027b   Thumb Code     0  startup_stm32f405xx.o(.text)
    EXTI15_10_IRQHandler                     0x0800027b   Thumb Code     0  startup_stm32f405xx.o(.text)
    EXTI1_IRQHandler                         0x0800027b   Thumb Code     0  startup_stm32f405xx.o(.text)
    EXTI2_IRQHandler                         0x0800027b   Thumb Code     0  startup_stm32f405xx.o(.text)
    EXTI3_IRQHandler                         0x0800027b   Thumb Code     0  startup_stm32f405xx.o(.text)
    EXTI4_IRQHandler                         0x0800027b   Thumb Code     0  startup_stm32f405xx.o(.text)
    EXTI9_5_IRQHandler                       0x0800027b   Thumb Code     0  startup_stm32f405xx.o(.text)
    FLASH_IRQHandler                         0x0800027b   Thumb Code     0  startup_stm32f405xx.o(.text)
    FMC_IRQHandler                           0x0800027b   Thumb Code     0  startup_stm32f405xx.o(.text)
    FPU_IRQHandler                           0x0800027b   Thumb Code     0  startup_stm32f405xx.o(.text)
    HASH_RNG_IRQHandler                      0x0800027b   Thumb Code     0  startup_stm32f405xx.o(.text)
    I2C1_ER_IRQHandler                       0x0800027b   Thumb Code     0  startup_stm32f405xx.o(.text)
    I2C1_EV_IRQHandler                       0x0800027b   Thumb Code     0  startup_stm32f405xx.o(.text)
    I2C2_ER_IRQHandler                       0x0800027b   Thumb Code     0  startup_stm32f405xx.o(.text)
    I2C2_EV_IRQHandler                       0x0800027b   Thumb Code     0  startup_stm32f405xx.o(.text)
    I2C3_ER_IRQHandler                       0x0800027b   Thumb Code     0  startup_stm32f405xx.o(.text)
    I2C3_EV_IRQHandler                       0x0800027b   Thumb Code     0  startup_stm32f405xx.o(.text)
    OTG_FS_IRQHandler                        0x0800027b   Thumb Code     0  startup_stm32f405xx.o(.text)
    OTG_FS_WKUP_IRQHandler                   0x0800027b   Thumb Code     0  startup_stm32f405xx.o(.text)
    OTG_HS_EP1_IN_IRQHandler                 0x0800027b   Thumb Code     0  startup_stm32f405xx.o(.text)
    OTG_HS_EP1_OUT_IRQHandler                0x0800027b   Thumb Code     0  startup_stm32f405xx.o(.text)
    OTG_HS_IRQHandler                        0x0800027b   Thumb Code     0  startup_stm32f405xx.o(.text)
    OTG_HS_WKUP_IRQHandler                   0x0800027b   Thumb Code     0  startup_stm32f405xx.o(.text)
    PVD_IRQHandler                           0x0800027b   Thumb Code     0  startup_stm32f405xx.o(.text)
    RCC_IRQHandler                           0x0800027b   Thumb Code     0  startup_stm32f405xx.o(.text)
    RTC_Alarm_IRQHandler                     0x0800027b   Thumb Code     0  startup_stm32f405xx.o(.text)
    RTC_WKUP_IRQHandler                      0x0800027b   Thumb Code     0  startup_stm32f405xx.o(.text)
    SDIO_IRQHandler                          0x0800027b   Thumb Code     0  startup_stm32f405xx.o(.text)
    SPI1_IRQHandler                          0x0800027b   Thumb Code     0  startup_stm32f405xx.o(.text)
    SPI2_IRQHandler                          0x0800027b   Thumb Code     0  startup_stm32f405xx.o(.text)
    SPI3_IRQHandler                          0x0800027b   Thumb Code     0  startup_stm32f405xx.o(.text)
    TAMP_STAMP_IRQHandler                    0x0800027b   Thumb Code     0  startup_stm32f405xx.o(.text)
    TIM1_BRK_TIM9_IRQHandler                 0x0800027b   Thumb Code     0  startup_stm32f405xx.o(.text)
    TIM1_CC_IRQHandler                       0x0800027b   Thumb Code     0  startup_stm32f405xx.o(.text)
    TIM1_TRG_COM_TIM11_IRQHandler            0x0800027b   Thumb Code     0  startup_stm32f405xx.o(.text)
    TIM2_IRQHandler                          0x0800027b   Thumb Code     0  startup_stm32f405xx.o(.text)
    TIM3_IRQHandler                          0x0800027b   Thumb Code     0  startup_stm32f405xx.o(.text)
    TIM4_IRQHandler                          0x0800027b   Thumb Code     0  startup_stm32f405xx.o(.text)
    TIM5_IRQHandler                          0x0800027b   Thumb Code     0  startup_stm32f405xx.o(.text)
    TIM6_DAC_IRQHandler                      0x0800027b   Thumb Code     0  startup_stm32f405xx.o(.text)
    TIM7_IRQHandler                          0x0800027b   Thumb Code     0  startup_stm32f405xx.o(.text)
    TIM8_BRK_TIM12_IRQHandler                0x0800027b   Thumb Code     0  startup_stm32f405xx.o(.text)
    TIM8_CC_IRQHandler                       0x0800027b   Thumb Code     0  startup_stm32f405xx.o(.text)
    TIM8_TRG_COM_TIM14_IRQHandler            0x0800027b   Thumb Code     0  startup_stm32f405xx.o(.text)
    TIM8_UP_TIM13_IRQHandler                 0x0800027b   Thumb Code     0  startup_stm32f405xx.o(.text)
    UART5_IRQHandler                         0x0800027b   Thumb Code     0  startup_stm32f405xx.o(.text)
    USART1_IRQHandler                        0x0800027b   Thumb Code     0  startup_stm32f405xx.o(.text)
    USART2_IRQHandler                        0x0800027b   Thumb Code     0  startup_stm32f405xx.o(.text)
    USART6_IRQHandler                        0x0800027b   Thumb Code     0  startup_stm32f405xx.o(.text)
    WWDG_IRQHandler                          0x0800027b   Thumb Code     0  startup_stm32f405xx.o(.text)
    __aeabi_uldivmod                         0x08000285   Thumb Code    98  uldiv.o(.text)
    __aeabi_memcpy                           0x080002e7   Thumb Code    36  memcpya.o(.text)
    __aeabi_memcpy4                          0x080002e7   Thumb Code     0  memcpya.o(.text)
    __aeabi_memcpy8                          0x080002e7   Thumb Code     0  memcpya.o(.text)
    __aeabi_memset                           0x0800030b   Thumb Code    14  memseta.o(.text)
    __aeabi_memset4                          0x0800030b   Thumb Code     0  memseta.o(.text)
    __aeabi_memset8                          0x0800030b   Thumb Code     0  memseta.o(.text)
    __aeabi_memclr                           0x08000319   Thumb Code     4  memseta.o(.text)
    __aeabi_memclr4                          0x08000319   Thumb Code     0  memseta.o(.text)
    __aeabi_memclr8                          0x08000319   Thumb Code     0  memseta.o(.text)
    memset                                   0x0800031d   Thumb Code    18  memseta.o(.text)
    strncpy                                  0x0800032f   Thumb Code    24  strncpy.o(.text)
    strchr                                   0x08000347   Thumb Code    20  strchr.o(.text)
    strlen                                   0x0800035b   Thumb Code    14  strlen.o(.text)
    strcpy                                   0x08000369   Thumb Code    18  strcpy.o(.text)
    __aeabi_uidiv                            0x0800037b   Thumb Code     0  uidiv.o(.text)
    __aeabi_uidivmod                         0x0800037b   Thumb Code    44  uidiv.o(.text)
    __aeabi_llsl                             0x080003a7   Thumb Code    30  llshl.o(.text)
    _ll_shift_l                              0x080003a7   Thumb Code     0  llshl.o(.text)
    __aeabi_llsr                             0x080003c5   Thumb Code    32  llushr.o(.text)
    _ll_ushift_r                             0x080003c5   Thumb Code     0  llushr.o(.text)
    __I$use$fp                               0x080003e5   Thumb Code     0  iusefp.o(.text)
    __aeabi_dadd                             0x080003e5   Thumb Code   322  dadd.o(.text)
    __aeabi_dsub                             0x08000527   Thumb Code     6  dadd.o(.text)
    __aeabi_drsub                            0x0800052d   Thumb Code     6  dadd.o(.text)
    __aeabi_dmul                             0x08000533   Thumb Code   228  dmul.o(.text)
    __aeabi_ddiv                             0x08000617   Thumb Code   222  ddiv.o(.text)
    __aeabi_d2ulz                            0x080006f5   Thumb Code    48  dfixul.o(.text)
    __aeabi_cdrcmple                         0x08000725   Thumb Code    48  cdrcmple.o(.text)
    __scatterload                            0x08000755   Thumb Code    28  init.o(.text)
    __scatterload_rt2                        0x08000755   Thumb Code     0  init.o(.text)
    __aeabi_lasr                             0x08000779   Thumb Code    36  llsshr.o(.text)
    _ll_sshift_r                             0x08000779   Thumb Code     0  llsshr.o(.text)
    _double_round                            0x0800079d   Thumb Code    30  depilogue.o(.text)
    _double_epilogue                         0x080007bb   Thumb Code   156  depilogue.o(.text)
    BusFault_Handler                         0x080009b9   Thumb Code     4  stm32f4xx_it.o(i.BusFault_Handler)
    DNS_init                                 0x080009bd   Thumb Code    18  dns.o(i.DNS_init)
    DNS_run                                  0x080009dd   Thumb Code   200  dns.o(i.DNS_run)
    DebugMon_Handler                         0x08000ab5   Thumb Code     2  stm32f4xx_it.o(i.DebugMon_Handler)
    Error_Handler                            0x08000ab7   Thumb Code     6  main.o(i.Error_Handler)
    HAL_ADC_ConfigChannel                    0x08000abd   Thumb Code   380  stm32f4xx_hal_adc.o(i.HAL_ADC_ConfigChannel)
    HAL_ADC_Init                             0x08000c49   Thumb Code   100  stm32f4xx_hal_adc.o(i.HAL_ADC_Init)
    HAL_ADC_MspInit                          0x08000cb1   Thumb Code   114  adc.o(i.HAL_ADC_MspInit)
    HAL_DMA_Abort                            0x08000d31   Thumb Code   172  stm32f4xx_hal_dma.o(i.HAL_DMA_Abort)
    HAL_DMA_Abort_IT                         0x08000ddd   Thumb Code    40  stm32f4xx_hal_dma.o(i.HAL_DMA_Abort_IT)
    HAL_Delay                                0x08000e05   Thumb Code    36  stm32f4xx_hal.o(i.HAL_Delay)
    HAL_GPIO_Init                            0x08000e2d   Thumb Code   454  stm32f4xx_hal_gpio.o(i.HAL_GPIO_Init)
    HAL_GPIO_TogglePin                       0x08001021   Thumb Code    20  stm32f4xx_hal_gpio.o(i.HAL_GPIO_TogglePin)
    HAL_GPIO_WritePin                        0x08001035   Thumb Code    12  stm32f4xx_hal_gpio.o(i.HAL_GPIO_WritePin)
    HAL_GetTick                              0x08001041   Thumb Code     6  stm32f4xx_hal.o(i.HAL_GetTick)
    HAL_IWDG_Init                            0x0800104d   Thumb Code    98  stm32f4xx_hal_iwdg.o(i.HAL_IWDG_Init)
    HAL_IWDG_Refresh                         0x080010af   Thumb Code    14  stm32f4xx_hal_iwdg.o(i.HAL_IWDG_Refresh)
    HAL_IncTick                              0x080010bd   Thumb Code    16  stm32f4xx_hal.o(i.HAL_IncTick)
    HAL_Init                                 0x080010d5   Thumb Code    54  stm32f4xx_hal.o(i.HAL_Init)
    HAL_InitTick                             0x08001111   Thumb Code   140  stm32f4xx_hal_timebase_tim.o(i.HAL_InitTick)
    HAL_MspInit                              0x080011b1   Thumb Code    78  stm32f4xx_hal_msp.o(i.HAL_MspInit)
    HAL_NVIC_EnableIRQ                       0x08001205   Thumb Code    40  stm32f4xx_hal_cortex.o(i.HAL_NVIC_EnableIRQ)
    HAL_NVIC_SetPriority                     0x0800122d   Thumb Code   124  stm32f4xx_hal_cortex.o(i.HAL_NVIC_SetPriority)
    HAL_NVIC_SetPriorityGrouping             0x080012a9   Thumb Code    32  stm32f4xx_hal_cortex.o(i.HAL_NVIC_SetPriorityGrouping)
    HAL_RCC_ClockConfig                      0x080012d1   Thumb Code   368  stm32f4xx_hal_rcc.o(i.HAL_RCC_ClockConfig)
    HAL_RCC_GetClockConfig                   0x08001455   Thumb Code    58  stm32f4xx_hal_rcc.o(i.HAL_RCC_GetClockConfig)
    HAL_RCC_GetHCLKFreq                      0x08001499   Thumb Code     6  stm32f4xx_hal_rcc.o(i.HAL_RCC_GetHCLKFreq)
    HAL_RCC_GetPCLK1Freq                     0x080014a5   Thumb Code    22  stm32f4xx_hal_rcc.o(i.HAL_RCC_GetPCLK1Freq)
    HAL_RCC_GetPCLK2Freq                     0x080014c5   Thumb Code    22  stm32f4xx_hal_rcc.o(i.HAL_RCC_GetPCLK2Freq)
    HAL_RCC_GetSysClockFreq                  0x080014e5   Thumb Code   162  stm32f4xx_hal_rcc.o(i.HAL_RCC_GetSysClockFreq)
    HAL_RCC_OscConfig                        0x08001595   Thumb Code  1172  stm32f4xx_hal_rcc.o(i.HAL_RCC_OscConfig)
    HAL_SPI_Init                             0x08001a31   Thumb Code   200  stm32f4xx_hal_spi.o(i.HAL_SPI_Init)
    HAL_SPI_MspInit                          0x08001af9   Thumb Code   122  spi.o(i.HAL_SPI_MspInit)
    HAL_SPI_Transmit                         0x08001b81   Thumb Code   446  stm32f4xx_hal_spi.o(i.HAL_SPI_Transmit)
    HAL_SPI_TransmitReceive                  0x08001d3f   Thumb Code   584  stm32f4xx_hal_spi.o(i.HAL_SPI_TransmitReceive)
    HAL_TIMEx_BreakCallback                  0x08001f87   Thumb Code     2  stm32f4xx_hal_tim_ex.o(i.HAL_TIMEx_BreakCallback)
    HAL_TIMEx_CommutCallback                 0x08001f89   Thumb Code     2  stm32f4xx_hal_tim_ex.o(i.HAL_TIMEx_CommutCallback)
    HAL_TIM_Base_Init                        0x08001f8b   Thumb Code   102  stm32f4xx_hal_tim.o(i.HAL_TIM_Base_Init)
    HAL_TIM_Base_MspInit                     0x08001ff1   Thumb Code     2  stm32f4xx_hal_tim.o(i.HAL_TIM_Base_MspInit)
    HAL_TIM_Base_Start_IT                    0x08001ff5   Thumb Code   138  stm32f4xx_hal_tim.o(i.HAL_TIM_Base_Start_IT)
    HAL_TIM_IC_CaptureCallback               0x0800209d   Thumb Code     2  stm32f4xx_hal_tim.o(i.HAL_TIM_IC_CaptureCallback)
    HAL_TIM_IRQHandler                       0x0800209f   Thumb Code   364  stm32f4xx_hal_tim.o(i.HAL_TIM_IRQHandler)
    HAL_TIM_OC_DelayElapsedCallback          0x0800220b   Thumb Code     2  stm32f4xx_hal_tim.o(i.HAL_TIM_OC_DelayElapsedCallback)
    HAL_TIM_PWM_PulseFinishedCallback        0x0800220d   Thumb Code     2  stm32f4xx_hal_tim.o(i.HAL_TIM_PWM_PulseFinishedCallback)
    HAL_TIM_PeriodElapsedCallback            0x08002211   Thumb Code    18  main.o(i.HAL_TIM_PeriodElapsedCallback)
    HAL_TIM_TriggerCallback                  0x08002229   Thumb Code     2  stm32f4xx_hal_tim.o(i.HAL_TIM_TriggerCallback)
    HAL_UARTEx_RxEventCallback               0x0800222b   Thumb Code     2  stm32f4xx_hal_uart.o(i.HAL_UARTEx_RxEventCallback)
    HAL_UART_ErrorCallback                   0x0800222d   Thumb Code     2  stm32f4xx_hal_uart.o(i.HAL_UART_ErrorCallback)
    HAL_UART_IRQHandler                      0x08002231   Thumb Code   772  stm32f4xx_hal_uart.o(i.HAL_UART_IRQHandler)
    HAL_UART_Init                            0x08002539   Thumb Code   118  stm32f4xx_hal_uart.o(i.HAL_UART_Init)
    HAL_UART_MspInit                         0x080025b1   Thumb Code   264  usart.o(i.HAL_UART_MspInit)
    HAL_UART_RxCpltCallback                  0x080026cd   Thumb Code     2  stm32f4xx_hal_uart.o(i.HAL_UART_RxCpltCallback)
    HAL_UART_Transmit                        0x080026cf   Thumb Code   190  stm32f4xx_hal_uart.o(i.HAL_UART_Transmit)
    HAL_UART_TxCpltCallback                  0x0800278d   Thumb Code     2  stm32f4xx_hal_uart.o(i.HAL_UART_TxCpltCallback)
    HardFault_Handler                        0x0800278f   Thumb Code     4  stm32f4xx_it.o(i.HardFault_Handler)
    MX_ADC1_Init                             0x08002795   Thumb Code   100  adc.o(i.MX_ADC1_Init)
    MX_FREERTOS_Init                         0x08002805   Thumb Code    54  freertos.o(i.MX_FREERTOS_Init)
    MX_GPIO_Init                             0x08002849   Thumb Code   204  gpio.o(i.MX_GPIO_Init)
    MX_SPI1_Init                             0x08002921   Thumb Code    60  spi.o(i.MX_SPI1_Init)
    MX_UART4_Init                            0x08002965   Thumb Code    46  usart.o(i.MX_UART4_Init)
    MX_USART3_UART_Init                      0x0800299d   Thumb Code    46  usart.o(i.MX_USART3_UART_Init)
    MemManage_Handler                        0x080029d5   Thumb Code     4  stm32f4xx_it.o(i.MemManage_Handler)
    NMI_Handler                              0x080029d9   Thumb Code     4  stm32f4xx_it.o(i.NMI_Handler)
    NetConfig_Init                           0x080029dd   Thumb Code   384  netconf.o(i.NetConfig_Init)
    StartDefaultTask                         0x08002d6d   Thumb Code    22  freertos.o(i.StartDefaultTask)
    StartNetworkTask                         0x08002d89   Thumb Code   722  freertos.o(i.StartNetworkTask)
    SysTick_Handler                          0x080032e5   Thumb Code    46  port.o(i.SysTick_Handler)
    SystemClock_Config                       0x08003319   Thumb Code   170  main.o(i.SystemClock_Config)
    SystemInit                               0x080033cd   Thumb Code    14  system_stm32f4xx.o(i.SystemInit)
    TIM1_UP_TIM10_IRQHandler                 0x080033e1   Thumb Code    10  stm32f4xx_it.o(i.TIM1_UP_TIM10_IRQHandler)
    TIM_Base_SetConfig                       0x080033f1   Thumb Code   178  stm32f4xx_hal_tim.o(i.TIM_Base_SetConfig)
    UART4_IRQHandler                         0x080034d1   Thumb Code    10  stm32f4xx_it.o(i.UART4_IRQHandler)
    USART3_IRQHandler                        0x08003995   Thumb Code    10  stm32f4xx_it.o(i.USART3_IRQHandler)
    UsageFault_Handler                       0x080039a5   Thumb Code     4  stm32f4xx_it.o(i.UsageFault_Handler)
    WIZCHIP_READ                             0x080039a9   Thumb Code   112  w5500.o(i.WIZCHIP_READ)
    WIZCHIP_READ_BUF                         0x08003a1d   Thumb Code   136  w5500.o(i.WIZCHIP_READ_BUF)
    WIZCHIP_WRITE                            0x08003aa9   Thumb Code   112  w5500.o(i.WIZCHIP_WRITE)
    WIZCHIP_WRITE_BUF                        0x08003b1d   Thumb Code   132  w5500.o(i.WIZCHIP_WRITE_BUF)
    __0snprintf                              0x08003ba5   Thumb Code    48  printfa.o(i.__0snprintf)
    __1snprintf                              0x08003ba5   Thumb Code     0  printfa.o(i.__0snprintf)
    __2snprintf                              0x08003ba5   Thumb Code     0  printfa.o(i.__0snprintf)
    __c89snprintf                            0x08003ba5   Thumb Code     0  printfa.o(i.__0snprintf)
    snprintf                                 0x08003ba5   Thumb Code     0  printfa.o(i.__0snprintf)
    __0vsnprintf                             0x08003bd9   Thumb Code    46  printfa.o(i.__0vsnprintf)
    __1vsnprintf                             0x08003bd9   Thumb Code     0  printfa.o(i.__0vsnprintf)
    __2vsnprintf                             0x08003bd9   Thumb Code     0  printfa.o(i.__0vsnprintf)
    __c89vsnprintf                           0x08003bd9   Thumb Code     0  printfa.o(i.__0vsnprintf)
    vsnprintf                                0x08003bd9   Thumb Code     0  printfa.o(i.__0vsnprintf)
    __scatterload_copy                       0x08003c45   Thumb Code    14  handlers.o(i.__scatterload_copy)
    __scatterload_null                       0x08003c53   Thumb Code     2  handlers.o(i.__scatterload_null)
    __scatterload_zeroinit                   0x08003c55   Thumb Code    14  handlers.o(i.__scatterload_zeroinit)
    check_DNS_timeout                        0x08004505   Thumb Code    50  dns.o(i.check_DNS_timeout)
    close                                    0x08004541   Thumb Code   142  socket.o(i.close)
    connect_W5x00                            0x08004779   Thumb Code    22  socket.o(i.connect_W5x00)
    ctlnetwork                               0x0800478f   Thumb Code    80  wizchip_conf.o(i.ctlnetwork)
    dns_answer                               0x080047df   Thumb Code   256  dns.o(i.dns_answer)
    dns_makequery                            0x080048e1   Thumb Code   220  dns.o(i.dns_makequery)
    dns_question                             0x080049c1   Thumb Code    42  dns.o(i.dns_question)
    get16                                    0x080049eb   Thumb Code    16  dns.o(i.get16)
    getSn_RX_RSR                             0x080049fb   Thumb Code   108  w5500.o(i.getSn_RX_RSR)
    getSn_TX_FSR                             0x08004a67   Thumb Code   108  w5500.o(i.getSn_TX_FSR)
    main                                     0x08004ad5   Thumb Code   304  main.o(i.main)
    osDelay                                  0x08004cc3   Thumb Code    24  cmsis_os.o(i.osDelay)
    osKernelStart                            0x08004cdb   Thumb Code    10  cmsis_os.o(i.osKernelStart)
    osThreadCreate                           0x08004ce5   Thumb Code    94  cmsis_os.o(i.osThreadCreate)
    parseDNSMSG                              0x08004d43   Thumb Code   254  dns.o(i.parseDNSMSG)
    parse_name                               0x08004e41   Thumb Code   150  dns.o(i.parse_name)
    print_reset_cause                        0x08004ed9   Thumb Code   622  main.o(i.print_reset_cause)
    put16                                    0x0800576d   Thumb Code    12  dns.o(i.put16)
    pvPortMalloc                             0x08005779   Thumb Code   306  heap_4.o(i.pvPortMalloc)
    pxPortInitialiseStack                    0x080058c5   Thumb Code    38  port.o(i.pxPortInitialiseStack)
    recvfrom_W5x00                           0x08005c1d   Thumb Code    44  socket.o(i.recvfrom_W5x00)
    reg_wizchip_cris_cbfunc                  0x08005c49   Thumb Code    26  wizchip_conf.o(i.reg_wizchip_cris_cbfunc)
    reg_wizchip_cs_cbfunc                    0x08005c71   Thumb Code    26  wizchip_conf.o(i.reg_wizchip_cs_cbfunc)
    reg_wizchip_spi_cbfunc                   0x08005c99   Thumb Code    40  wizchip_conf.o(i.reg_wizchip_spi_cbfunc)
    reg_wizchip_spiburst_cbfunc              0x08005ccd   Thumb Code    38  wizchip_conf.o(i.reg_wizchip_spiburst_cbfunc)
    sendto_W5x00                             0x08005fad   Thumb Code    38  socket.o(i.sendto_W5x00)
    socket                                   0x08005fd5   Thumb Code   418  socket.o(i.socket)
    tcp_client_connect                       0x0800618d   Thumb Code   674  tcp_client.o(i.tcp_client_connect)
    uart_printf                              0x08006759   Thumb Code    60  usart.o(i.uart_printf)
    uxListRemove                             0x08006799   Thumb Code    40  list.o(i.uxListRemove)
    vApplicationGetIdleTaskMemory            0x080067c1   Thumb Code    14  freertos.o(i.vApplicationGetIdleTaskMemory)
    vApplicationIdleHook                     0x080067d9   Thumb Code    10  freertos.o(i.vApplicationIdleHook)
    vListInitialise                          0x080067e9   Thumb Code    26  list.o(i.vListInitialise)
    vListInitialiseItem                      0x08006803   Thumb Code     6  list.o(i.vListInitialiseItem)
    vListInsert                              0x08006809   Thumb Code    52  list.o(i.vListInsert)
    vListInsertEnd                           0x0800683d   Thumb Code    24  list.o(i.vListInsertEnd)
    vPortEnterCritical                       0x08006855   Thumb Code    76  port.o(i.vPortEnterCritical)
    vPortExitCritical                        0x080068a9   Thumb Code    56  port.o(i.vPortExitCritical)
    vPortFree                                0x080068e5   Thumb Code   150  heap_4.o(i.vPortFree)
    vPortSetupTimerInterrupt                 0x08006989   Thumb Code    36  port.o(i.vPortSetupTimerInterrupt)
    vTaskDelay                               0x080069b1   Thumb Code    82  tasks.o(i.vTaskDelay)
    vTaskStartScheduler                      0x08006a0d   Thumb Code   146  tasks.o(i.vTaskStartScheduler)
    vTaskSuspendAll                          0x08006abd   Thumb Code    12  tasks.o(i.vTaskSuspendAll)
    vTaskSwitchContext                       0x08006acd   Thumb Code   118  tasks.o(i.vTaskSwitchContext)
    watchdog_init                            0x08006c21   Thumb Code    80  main.o(i.watchdog_init)
    wiz_recv_data                            0x08006cb5   Thumb Code   132  w5500.o(i.wiz_recv_data)
    wiz_recv_ignore                          0x08006d39   Thumb Code   102  w5500.o(i.wiz_recv_ignore)
    wiz_send_data                            0x08006d9f   Thumb Code   132  w5500.o(i.wiz_send_data)
    wizchip_bus_readdata                     0x08006e23   Thumb Code     6  wizchip_conf.o(i.wizchip_bus_readdata)
    wizchip_bus_writedata                    0x08006e29   Thumb Code     4  wizchip_conf.o(i.wizchip_bus_writedata)
    wizchip_cris_enter                       0x08006e2d   Thumb Code     2  wizchip_conf.o(i.wizchip_cris_enter)
    wizchip_cris_exit                        0x08006e2f   Thumb Code     2  wizchip_conf.o(i.wizchip_cris_exit)
    wizchip_cs_deselect                      0x08006e31   Thumb Code     2  wizchip_conf.o(i.wizchip_cs_deselect)
    wizchip_cs_select                        0x08006e33   Thumb Code     2  wizchip_conf.o(i.wizchip_cs_select)
    wizchip_getnetinfo                       0x08006e35   Thumb Code    82  wizchip_conf.o(i.wizchip_getnetinfo)
    wizchip_getnetmode                       0x08006e91   Thumb Code    10  wizchip_conf.o(i.wizchip_getnetmode)
    wizchip_gettimeout                       0x08006e9b   Thumb Code    40  wizchip_conf.o(i.wizchip_gettimeout)
    wizchip_init                             0x08006ec3   Thumb Code   144  wizchip_conf.o(i.wizchip_init)
    wizchip_setnetinfo                       0x08006f55   Thumb Code    80  wizchip_conf.o(i.wizchip_setnetinfo)
    wizchip_setnetmode                       0x08006fad   Thumb Code    38  wizchip_conf.o(i.wizchip_setnetmode)
    wizchip_settimeout                       0x08006fd3   Thumb Code    38  wizchip_conf.o(i.wizchip_settimeout)
    wizchip_spi_cbfunc                       0x08006ff9   Thumb Code    36  w5500_conf.o(i.wizchip_spi_cbfunc)
    wizchip_spi_readburst                    0x0800703d   Thumb Code    30  wizchip_conf.o(i.wizchip_spi_readburst)
    wizchip_spi_readbyte                     0x08007061   Thumb Code     4  wizchip_conf.o(i.wizchip_spi_readbyte)
    wizchip_spi_writeburst                   0x08007065   Thumb Code    30  wizchip_conf.o(i.wizchip_spi_writeburst)
    wizchip_spi_writebyte                    0x08007089   Thumb Code     2  wizchip_conf.o(i.wizchip_spi_writebyte)
    wizchip_sw_reset                         0x0800708b   Thumb Code   114  wizchip_conf.o(i.wizchip_sw_reset)
    xPortStartScheduler                      0x080070fd   Thumb Code   330  port.o(i.xPortStartScheduler)
    xTaskCreate                              0x08007265   Thumb Code   100  tasks.o(i.xTaskCreate)
    xTaskCreateStatic                        0x080072c9   Thumb Code   186  tasks.o(i.xTaskCreateStatic)
    xTaskIncrementTick                       0x08007385   Thumb Code   282  tasks.o(i.xTaskIncrementTick)
    xTaskResumeAll                           0x080074cd   Thumb Code   224  tasks.o(i.xTaskResumeAll)
    AHBPrescTable                            0x08007608   Data          16  system_stm32f4xx.o(.constdata)
    APBPrescTable                            0x08007618   Data           8  system_stm32f4xx.o(.constdata)
    Region$$Table$$Base                      0x08007638   Number         0  anon$$obj.o(Region$$Table)
    Region$$Table$$Limit                     0x08007658   Number         0  anon$$obj.o(Region$$Table)
    defaultTaskHandle                        0x20000000   Data           4  freertos.o(.data)
    NetworkTaskHandle                        0x20000004   Data           4  freertos.o(.data)
    uwTick                                   0x2000000c   Data           4  stm32f4xx_hal.o(.data)
    uwTickPrio                               0x20000010   Data           4  stm32f4xx_hal.o(.data)
    uwTickFreq                               0x20000014   Data           1  stm32f4xx_hal.o(.data)
    SystemCoreClock                          0x20000018   Data           4  system_stm32f4xx.o(.data)
    pxCurrentTCB                             0x2000001c   Data           4  tasks.o(.data)
    g_net_status                             0x2000009a   Data           1  netconf.o(.data)
    sock_pack_info                           0x200000a2   Data           8  socket.o(.data)
    WIZCHIP                                  0x200000ac   Data          44  wizchip_conf.o(.data)
    pDNSMSG                                  0x200000e4   Data           4  dns.o(.data)
    DNS_SOCKET                               0x200000e8   Data           1  dns.o(.data)
    DNS_MSGID                                0x200000ea   Data           2  dns.o(.data)
    dns_1s_tick                              0x200000ec   Data           4  dns.o(.data)
    hiwdg                                    0x200000f4   Data          12  main.o(.bss)
    hadc1                                    0x20000354   Data          72  adc.o(.bss)
    hspi1                                    0x2000039c   Data          88  spi.o(.bss)
    huart4                                   0x200003f4   Data          72  usart.o(.bss)
    huart3                                   0x2000043c   Data          72  usart.o(.bss)
    htim1                                    0x20000484   Data          72  stm32f4xx_hal_timebase_tim.o(.bss)
    __initial_sp                             0x200081d0   Data           0  startup_stm32f405xx.o(STACK)



==============================================================================

Memory Map of the image

  Image Entry point : 0x08000189

  Load Region LR_IROM1 (Base: 0x08000000, Size: 0x0000774c, Max: 0x00100000, ABSOLUTE)

    Execution Region ER_IROM1 (Exec base: 0x08000000, Load base: 0x08000000, Size: 0x00007658, Max: 0x00100000, ABSOLUTE)

    Exec Addr    Load Addr    Size         Type   Attr      Idx    E Section Name        Object

    0x08000000   0x08000000   0x00000188   Data   RO            3    RESET               startup_stm32f405xx.o
    0x08000188   0x08000188   0x00000000   Code   RO         6297  * .ARM.Collect$$$$00000000  mc_w.l(entry.o)
    0x08000188   0x08000188   0x00000004   Code   RO         6579    .ARM.Collect$$$$00000001  mc_w.l(entry2.o)
    0x0800018c   0x0800018c   0x00000004   Code   RO         6582    .ARM.Collect$$$$00000004  mc_w.l(entry5.o)
    0x08000190   0x08000190   0x00000000   Code   RO         6584    .ARM.Collect$$$$00000008  mc_w.l(entry7b.o)
    0x08000190   0x08000190   0x00000000   Code   RO         6586    .ARM.Collect$$$$0000000A  mc_w.l(entry8b.o)
    0x08000190   0x08000190   0x00000008   Code   RO         6587    .ARM.Collect$$$$0000000B  mc_w.l(entry9a.o)
    0x08000198   0x08000198   0x00000004   Code   RO         6594    .ARM.Collect$$$$0000000E  mc_w.l(entry12b.o)
    0x0800019c   0x0800019c   0x00000000   Code   RO         6589    .ARM.Collect$$$$0000000F  mc_w.l(entry10a.o)
    0x0800019c   0x0800019c   0x00000000   Code   RO         6591    .ARM.Collect$$$$00000011  mc_w.l(entry11a.o)
    0x0800019c   0x0800019c   0x00000004   Code   RO         6580    .ARM.Collect$$$$00002712  mc_w.l(entry2.o)
    0x080001a0   0x080001a0   0x000000be   Code   RO         5121    .emb_text           port.o
    0x0800025e   0x0800025e   0x00000002   PAD
    0x08000260   0x08000260   0x00000024   Code   RO            4    .text               startup_stm32f405xx.o
    0x08000284   0x08000284   0x00000062   Code   RO         6300    .text               mc_w.l(uldiv.o)
    0x080002e6   0x080002e6   0x00000024   Code   RO         6302    .text               mc_w.l(memcpya.o)
    0x0800030a   0x0800030a   0x00000024   Code   RO         6306    .text               mc_w.l(memseta.o)
    0x0800032e   0x0800032e   0x00000018   Code   RO         6308    .text               mc_w.l(strncpy.o)
    0x08000346   0x08000346   0x00000014   Code   RO         6310    .text               mc_w.l(strchr.o)
    0x0800035a   0x0800035a   0x0000000e   Code   RO         6312    .text               mc_w.l(strlen.o)
    0x08000368   0x08000368   0x00000012   Code   RO         6314    .text               mc_w.l(strcpy.o)
    0x0800037a   0x0800037a   0x0000002c   Code   RO         6598    .text               mc_w.l(uidiv.o)
    0x080003a6   0x080003a6   0x0000001e   Code   RO         6600    .text               mc_w.l(llshl.o)
    0x080003c4   0x080003c4   0x00000020   Code   RO         6602    .text               mc_w.l(llushr.o)
    0x080003e4   0x080003e4   0x00000000   Code   RO         6604    .text               mc_w.l(iusefp.o)
    0x080003e4   0x080003e4   0x0000014e   Code   RO         6605    .text               mf_w.l(dadd.o)
    0x08000532   0x08000532   0x000000e4   Code   RO         6607    .text               mf_w.l(dmul.o)
    0x08000616   0x08000616   0x000000de   Code   RO         6609    .text               mf_w.l(ddiv.o)
    0x080006f4   0x080006f4   0x00000030   Code   RO         6611    .text               mf_w.l(dfixul.o)
    0x08000724   0x08000724   0x00000030   Code   RO         6613    .text               mf_w.l(cdrcmple.o)
    0x08000754   0x08000754   0x00000024   Code   RO         6615    .text               mc_w.l(init.o)
    0x08000778   0x08000778   0x00000024   Code   RO         6618    .text               mc_w.l(llsshr.o)
    0x0800079c   0x0800079c   0x000000ba   Code   RO         6621    .text               mf_w.l(depilogue.o)
    0x08000856   0x08000856   0x00000002   PAD
    0x08000858   0x08000858   0x00000160   Code   RO          662    i.ADC_Init          stm32f4xx_hal_adc.o
    0x080009b8   0x080009b8   0x00000004   Code   RO          520    i.BusFault_Handler  stm32f4xx_it.o
    0x080009bc   0x080009bc   0x00000020   Code   RO         6219    i.DNS_init          dns.o
    0x080009dc   0x080009dc   0x000000d8   Code   RO         6220    i.DNS_run           dns.o
    0x08000ab4   0x08000ab4   0x00000002   Code   RO          521    i.DebugMon_Handler  stm32f4xx_it.o
    0x08000ab6   0x08000ab6   0x00000006   Code   RO           13    i.Error_Handler     main.o
    0x08000abc   0x08000abc   0x0000018c   Code   RO          664    i.HAL_ADC_ConfigChannel  stm32f4xx_hal_adc.o
    0x08000c48   0x08000c48   0x00000068   Code   RO          673    i.HAL_ADC_Init      stm32f4xx_hal_adc.o
    0x08000cb0   0x08000cb0   0x00000080   Code   RO          376    i.HAL_ADC_MspInit   adc.o
    0x08000d30   0x08000d30   0x000000ac   Code   RO         1444    i.HAL_DMA_Abort     stm32f4xx_hal_dma.o
    0x08000ddc   0x08000ddc   0x00000028   Code   RO         1445    i.HAL_DMA_Abort_IT  stm32f4xx_hal_dma.o
    0x08000e04   0x08000e04   0x00000028   Code   RO         1886    i.HAL_Delay         stm32f4xx_hal.o
    0x08000e2c   0x08000e2c   0x000001f4   Code   RO         1337    i.HAL_GPIO_Init     stm32f4xx_hal_gpio.o
    0x08001020   0x08001020   0x00000014   Code   RO         1340    i.HAL_GPIO_TogglePin  stm32f4xx_hal_gpio.o
    0x08001034   0x08001034   0x0000000c   Code   RO         1341    i.HAL_GPIO_WritePin  stm32f4xx_hal_gpio.o
    0x08001040   0x08001040   0x0000000c   Code   RO         1892    i.HAL_GetTick       stm32f4xx_hal.o
    0x0800104c   0x0800104c   0x00000062   Code   RO         3816    i.HAL_IWDG_Init     stm32f4xx_hal_iwdg.o
    0x080010ae   0x080010ae   0x0000000e   Code   RO         3817    i.HAL_IWDG_Refresh  stm32f4xx_hal_iwdg.o
    0x080010bc   0x080010bc   0x00000018   Code   RO         1898    i.HAL_IncTick       stm32f4xx_hal.o
    0x080010d4   0x080010d4   0x0000003c   Code   RO         1899    i.HAL_Init          stm32f4xx_hal.o
    0x08001110   0x08001110   0x000000a0   Code   RO          620    i.HAL_InitTick      stm32f4xx_hal_timebase_tim.o
    0x080011b0   0x080011b0   0x00000054   Code   RO          596    i.HAL_MspInit       stm32f4xx_hal_msp.o
    0x08001204   0x08001204   0x00000028   Code   RO         1729    i.HAL_NVIC_EnableIRQ  stm32f4xx_hal_cortex.o
    0x0800122c   0x0800122c   0x0000007c   Code   RO         1735    i.HAL_NVIC_SetPriority  stm32f4xx_hal_cortex.o
    0x080012a8   0x080012a8   0x00000028   Code   RO         1736    i.HAL_NVIC_SetPriorityGrouping  stm32f4xx_hal_cortex.o
    0x080012d0   0x080012d0   0x00000184   Code   RO          938    i.HAL_RCC_ClockConfig  stm32f4xx_hal_rcc.o
    0x08001454   0x08001454   0x00000044   Code   RO          942    i.HAL_RCC_GetClockConfig  stm32f4xx_hal_rcc.o
    0x08001498   0x08001498   0x0000000c   Code   RO          943    i.HAL_RCC_GetHCLKFreq  stm32f4xx_hal_rcc.o
    0x080014a4   0x080014a4   0x00000020   Code   RO          945    i.HAL_RCC_GetPCLK1Freq  stm32f4xx_hal_rcc.o
    0x080014c4   0x080014c4   0x00000020   Code   RO          946    i.HAL_RCC_GetPCLK2Freq  stm32f4xx_hal_rcc.o
    0x080014e4   0x080014e4   0x000000b0   Code   RO          947    i.HAL_RCC_GetSysClockFreq  stm32f4xx_hal_rcc.o
    0x08001594   0x08001594   0x0000049c   Code   RO          950    i.HAL_RCC_OscConfig  stm32f4xx_hal_rcc.o
    0x08001a30   0x08001a30   0x000000c8   Code   RO         2148    i.HAL_SPI_Init      stm32f4xx_hal_spi.o
    0x08001af8   0x08001af8   0x00000088   Code   RO          418    i.HAL_SPI_MspInit   spi.o
    0x08001b80   0x08001b80   0x000001be   Code   RO         2156    i.HAL_SPI_Transmit  stm32f4xx_hal_spi.o
    0x08001d3e   0x08001d3e   0x00000248   Code   RO         2157    i.HAL_SPI_TransmitReceive  stm32f4xx_hal_spi.o
    0x08001f86   0x08001f86   0x00000002   Code   RO         3176    i.HAL_TIMEx_BreakCallback  stm32f4xx_hal_tim_ex.o
    0x08001f88   0x08001f88   0x00000002   Code   RO         3177    i.HAL_TIMEx_CommutCallback  stm32f4xx_hal_tim_ex.o
    0x08001f8a   0x08001f8a   0x00000066   Code   RO         2461    i.HAL_TIM_Base_Init  stm32f4xx_hal_tim.o
    0x08001ff0   0x08001ff0   0x00000002   Code   RO         2463    i.HAL_TIM_Base_MspInit  stm32f4xx_hal_tim.o
    0x08001ff2   0x08001ff2   0x00000002   PAD
    0x08001ff4   0x08001ff4   0x000000a8   Code   RO         2466    i.HAL_TIM_Base_Start_IT  stm32f4xx_hal_tim.o
    0x0800209c   0x0800209c   0x00000002   Code   RO         2495    i.HAL_TIM_IC_CaptureCallback  stm32f4xx_hal_tim.o
    0x0800209e   0x0800209e   0x0000016c   Code   RO         2509    i.HAL_TIM_IRQHandler  stm32f4xx_hal_tim.o
    0x0800220a   0x0800220a   0x00000002   Code   RO         2512    i.HAL_TIM_OC_DelayElapsedCallback  stm32f4xx_hal_tim.o
    0x0800220c   0x0800220c   0x00000002   Code   RO         2539    i.HAL_TIM_PWM_PulseFinishedCallback  stm32f4xx_hal_tim.o
    0x0800220e   0x0800220e   0x00000002   PAD
    0x08002210   0x08002210   0x00000018   Code   RO           14    i.HAL_TIM_PeriodElapsedCallback  main.o
    0x08002228   0x08002228   0x00000002   Code   RO         2552    i.HAL_TIM_TriggerCallback  stm32f4xx_hal_tim.o
    0x0800222a   0x0800222a   0x00000002   Code   RO         3455    i.HAL_UARTEx_RxEventCallback  stm32f4xx_hal_uart.o
    0x0800222c   0x0800222c   0x00000002   Code   RO         3469    i.HAL_UART_ErrorCallback  stm32f4xx_hal_uart.o
    0x0800222e   0x0800222e   0x00000002   PAD
    0x08002230   0x08002230   0x00000308   Code   RO         3472    i.HAL_UART_IRQHandler  stm32f4xx_hal_uart.o
    0x08002538   0x08002538   0x00000076   Code   RO         3473    i.HAL_UART_Init     stm32f4xx_hal_uart.o
    0x080025ae   0x080025ae   0x00000002   PAD
    0x080025b0   0x080025b0   0x0000011c   Code   RO          460    i.HAL_UART_MspInit  usart.o
    0x080026cc   0x080026cc   0x00000002   Code   RO         3479    i.HAL_UART_RxCpltCallback  stm32f4xx_hal_uart.o
    0x080026ce   0x080026ce   0x000000be   Code   RO         3481    i.HAL_UART_Transmit  stm32f4xx_hal_uart.o
    0x0800278c   0x0800278c   0x00000002   Code   RO         3484    i.HAL_UART_TxCpltCallback  stm32f4xx_hal_uart.o
    0x0800278e   0x0800278e   0x00000004   Code   RO          522    i.HardFault_Handler  stm32f4xx_it.o
    0x08002792   0x08002792   0x00000002   PAD
    0x08002794   0x08002794   0x00000070   Code   RO          377    i.MX_ADC1_Init      adc.o
    0x08002804   0x08002804   0x00000044   Code   RO          292    i.MX_FREERTOS_Init  freertos.o
    0x08002848   0x08002848   0x000000d8   Code   RO          264    i.MX_GPIO_Init      gpio.o
    0x08002920   0x08002920   0x00000044   Code   RO          419    i.MX_SPI1_Init      spi.o
    0x08002964   0x08002964   0x00000038   Code   RO          461    i.MX_UART4_Init     usart.o
    0x0800299c   0x0800299c   0x00000038   Code   RO          462    i.MX_USART3_UART_Init  usart.o
    0x080029d4   0x080029d4   0x00000004   Code   RO          523    i.MemManage_Handler  stm32f4xx_it.o
    0x080029d8   0x080029d8   0x00000004   Code   RO          524    i.NMI_Handler       stm32f4xx_it.o
    0x080029dc   0x080029dc   0x00000230   Code   RO         5437    i.NetConfig_Init    netconf.o
    0x08002c0c   0x08002c0c   0x00000088   Code   RO         2186    i.SPI_EndRxTxTransaction  stm32f4xx_hal_spi.o
    0x08002c94   0x08002c94   0x000000d8   Code   RO         2191    i.SPI_WaitFlagStateUntilTimeout  stm32f4xx_hal_spi.o
    0x08002d6c   0x08002d6c   0x0000001c   Code   RO          293    i.StartDefaultTask  freertos.o
    0x08002d88   0x08002d88   0x0000055c   Code   RO          294    i.StartNetworkTask  freertos.o
    0x080032e4   0x080032e4   0x00000034   Code   RO         5122    i.SysTick_Handler   port.o
    0x08003318   0x08003318   0x000000b4   Code   RO           15    i.SystemClock_Config  main.o
    0x080033cc   0x080033cc   0x00000014   Code   RO         3847    i.SystemInit        system_stm32f4xx.o
    0x080033e0   0x080033e0   0x00000010   Code   RO          525    i.TIM1_UP_TIM10_IRQHandler  stm32f4xx_it.o
    0x080033f0   0x080033f0   0x000000e0   Code   RO         2554    i.TIM_Base_SetConfig  stm32f4xx_hal_tim.o
    0x080034d0   0x080034d0   0x00000010   Code   RO          526    i.UART4_IRQHandler  stm32f4xx_it.o
    0x080034e0   0x080034e0   0x00000012   Code   RO         3486    i.UART_DMAAbortOnError  stm32f4xx_hal_uart.o
    0x080034f2   0x080034f2   0x0000006c   Code   RO         3496    i.UART_EndRxTransfer  stm32f4xx_hal_uart.o
    0x0800355e   0x0800355e   0x00000020   Code   RO         3497    i.UART_EndTransmit_IT  stm32f4xx_hal_uart.o
    0x0800357e   0x0800357e   0x000000fc   Code   RO         3499    i.UART_Receive_IT   stm32f4xx_hal_uart.o
    0x0800367a   0x0800367a   0x00000002   PAD
    0x0800367c   0x0800367c   0x0000022c   Code   RO         3500    i.UART_SetConfig    stm32f4xx_hal_uart.o
    0x080038a8   0x080038a8   0x00000060   Code   RO         3503    i.UART_Transmit_IT  stm32f4xx_hal_uart.o
    0x08003908   0x08003908   0x0000008c   Code   RO         3504    i.UART_WaitOnFlagUntilTimeout  stm32f4xx_hal_uart.o
    0x08003994   0x08003994   0x00000010   Code   RO          527    i.USART3_IRQHandler  stm32f4xx_it.o
    0x080039a4   0x080039a4   0x00000004   Code   RO          528    i.UsageFault_Handler  stm32f4xx_it.o
    0x080039a8   0x080039a8   0x00000074   Code   RO         5613    i.WIZCHIP_READ      w5500.o
    0x08003a1c   0x08003a1c   0x0000008c   Code   RO         5614    i.WIZCHIP_READ_BUF  w5500.o
    0x08003aa8   0x08003aa8   0x00000074   Code   RO         5615    i.WIZCHIP_WRITE     w5500.o
    0x08003b1c   0x08003b1c   0x00000088   Code   RO         5616    i.WIZCHIP_WRITE_BUF  w5500.o
    0x08003ba4   0x08003ba4   0x00000034   Code   RO         6552    i.__0snprintf       mc_w.l(printfa.o)
    0x08003bd8   0x08003bd8   0x00000034   Code   RO         6556    i.__0vsnprintf      mc_w.l(printfa.o)
    0x08003c0c   0x08003c0c   0x00000010   Code   RO         1742    i.__NVIC_GetPriorityGrouping  stm32f4xx_hal_cortex.o
    0x08003c1c   0x08003c1c   0x00000028   Code   RO         1743    i.__NVIC_SetPriority  stm32f4xx_hal_cortex.o
    0x08003c44   0x08003c44   0x0000000e   Code   RO         6625    i.__scatterload_copy  mc_w.l(handlers.o)
    0x08003c52   0x08003c52   0x00000002   Code   RO         6626    i.__scatterload_null  mc_w.l(handlers.o)
    0x08003c54   0x08003c54   0x0000000e   Code   RO         6627    i.__scatterload_zeroinit  mc_w.l(handlers.o)
    0x08003c62   0x08003c62   0x00000002   PAD
    0x08003c64   0x08003c64   0x00000184   Code   RO         6558    i._fp_digits        mc_w.l(printfa.o)
    0x08003de8   0x08003de8   0x000006b4   Code   RO         6559    i._printf_core      mc_w.l(printfa.o)
    0x0800449c   0x0800449c   0x00000024   Code   RO         6560    i._printf_post_padding  mc_w.l(printfa.o)
    0x080044c0   0x080044c0   0x0000002e   Code   RO         6561    i._printf_pre_padding  mc_w.l(printfa.o)
    0x080044ee   0x080044ee   0x00000016   Code   RO         6562    i._snputc           mc_w.l(printfa.o)
    0x08004504   0x08004504   0x0000003c   Code   RO         6222    i.check_DNS_timeout  dns.o
    0x08004540   0x08004540   0x000000a0   Code   RO         5498    i.close             socket.o
    0x080045e0   0x080045e0   0x00000198   Code   RO         5499    i.connect_IO_6      socket.o
    0x08004778   0x08004778   0x00000016   Code   RO         5500    i.connect_W5x00     socket.o
    0x0800478e   0x0800478e   0x00000050   Code   RO         5749    i.ctlnetwork        wizchip_conf.o
    0x080047de   0x080047de   0x00000100   Code   RO         6223    i.dns_answer        dns.o
    0x080048de   0x080048de   0x00000002   PAD
    0x080048e0   0x080048e0   0x000000e0   Code   RO         6224    i.dns_makequery     dns.o
    0x080049c0   0x080049c0   0x0000002a   Code   RO         6225    i.dns_question      dns.o
    0x080049ea   0x080049ea   0x00000010   Code   RO         6226    i.get16             dns.o
    0x080049fa   0x080049fa   0x0000006c   Code   RO         5617    i.getSn_RX_RSR      w5500.o
    0x08004a66   0x08004a66   0x0000006c   Code   RO         5618    i.getSn_TX_FSR      w5500.o
    0x08004ad2   0x08004ad2   0x00000002   PAD
    0x08004ad4   0x08004ad4   0x000001e0   Code   RO           16    i.main              main.o
    0x08004cb4   0x08004cb4   0x0000000e   Code   RO         4687    i.makeFreeRtosPriority  cmsis_os.o
    0x08004cc2   0x08004cc2   0x00000018   Code   RO         4689    i.osDelay           cmsis_os.o
    0x08004cda   0x08004cda   0x0000000a   Code   RO         4692    i.osKernelStart     cmsis_os.o
    0x08004ce4   0x08004ce4   0x0000005e   Code   RO         4726    i.osThreadCreate    cmsis_os.o
    0x08004d42   0x08004d42   0x000000fe   Code   RO         6227    i.parseDNSMSG       dns.o
    0x08004e40   0x08004e40   0x00000096   Code   RO         6228    i.parse_name        dns.o
    0x08004ed6   0x08004ed6   0x00000002   PAD
    0x08004ed8   0x08004ed8   0x00000410   Code   RO           17    i.print_reset_cause  main.o
    0x080052e8   0x080052e8   0x00000098   Code   RO         4358    i.prvAddCurrentTaskToDelayedList  tasks.o
    0x08005380   0x08005380   0x000000b4   Code   RO         4359    i.prvAddNewTaskToReadyList  tasks.o
    0x08005434   0x08005434   0x00000048   Code   RO         4360    i.prvCheckTasksWaitingTermination  tasks.o
    0x0800547c   0x0800547c   0x00000050   Code   RO         4361    i.prvDeleteTCB      tasks.o
    0x080054cc   0x080054cc   0x0000007c   Code   RO         5054    i.prvHeapInit       heap_4.o
    0x08005548   0x08005548   0x0000002c   Code   RO         4362    i.prvIdleTask       tasks.o
    0x08005574   0x08005574   0x000000b4   Code   RO         4363    i.prvInitialiseNewTask  tasks.o
    0x08005628   0x08005628   0x00000068   Code   RO         4364    i.prvInitialiseTaskLists  tasks.o
    0x08005690   0x08005690   0x00000068   Code   RO         5055    i.prvInsertBlockIntoFreeList  heap_4.o
    0x080056f8   0x080056f8   0x00000034   Code   RO         4365    i.prvResetNextTaskUnblockTime  tasks.o
    0x0800572c   0x0800572c   0x00000040   Code   RO         5123    i.prvTaskExitError  port.o
    0x0800576c   0x0800576c   0x0000000c   Code   RO         6229    i.put16             dns.o
    0x08005778   0x08005778   0x0000014c   Code   RO         5056    i.pvPortMalloc      heap_4.o
    0x080058c4   0x080058c4   0x0000002c   Code   RO         5124    i.pxPortInitialiseStack  port.o
    0x080058f0   0x080058f0   0x0000032c   Code   RO         5507    i.recvfrom_IO_6     socket.o
    0x08005c1c   0x08005c1c   0x0000002c   Code   RO         5508    i.recvfrom_W5x00    socket.o
    0x08005c48   0x08005c48   0x00000028   Code   RO         5753    i.reg_wizchip_cris_cbfunc  wizchip_conf.o
    0x08005c70   0x08005c70   0x00000028   Code   RO         5754    i.reg_wizchip_cs_cbfunc  wizchip_conf.o
    0x08005c98   0x08005c98   0x00000034   Code   RO         5756    i.reg_wizchip_spi_cbfunc  wizchip_conf.o
    0x08005ccc   0x08005ccc   0x00000034   Code   RO         5757    i.reg_wizchip_spiburst_cbfunc  wizchip_conf.o
    0x08005d00   0x08005d00   0x000002ac   Code   RO         5511    i.sendto_IO_6       socket.o
    0x08005fac   0x08005fac   0x00000026   Code   RO         5512    i.sendto_W5x00      socket.o
    0x08005fd2   0x08005fd2   0x00000002   PAD
    0x08005fd4   0x08005fd4   0x000001b8   Code   RO         5515    i.socket            socket.o
    0x0800618c   0x0800618c   0x00000464   Code   RO         6157    i.tcp_client_connect  tcp_client.o
    0x080065f0   0x080065f0   0x00000168   Code   RO         6162    i.tcp_resolve_domain  tcp_client.o
    0x08006758   0x08006758   0x00000040   Code   RO          463    i.uart_printf       usart.o
    0x08006798   0x08006798   0x00000028   Code   RO         3984    i.uxListRemove      list.o
    0x080067c0   0x080067c0   0x00000018   Code   RO          295    i.vApplicationGetIdleTaskMemory  freertos.o
    0x080067d8   0x080067d8   0x00000010   Code   RO          296    i.vApplicationIdleHook  freertos.o
    0x080067e8   0x080067e8   0x0000001a   Code   RO         3985    i.vListInitialise   list.o
    0x08006802   0x08006802   0x00000006   Code   RO         3986    i.vListInitialiseItem  list.o
    0x08006808   0x08006808   0x00000034   Code   RO         3987    i.vListInsert       list.o
    0x0800683c   0x0800683c   0x00000018   Code   RO         3988    i.vListInsertEnd    list.o
    0x08006854   0x08006854   0x00000054   Code   RO         5126    i.vPortEnterCritical  port.o
    0x080068a8   0x080068a8   0x0000003c   Code   RO         5127    i.vPortExitCritical  port.o
    0x080068e4   0x080068e4   0x000000a4   Code   RO         5057    i.vPortFree         heap_4.o
    0x08006988   0x08006988   0x00000028   Code   RO         5128    i.vPortSetupTimerInterrupt  port.o
    0x080069b0   0x080069b0   0x0000005c   Code   RO         4374    i.vTaskDelay        tasks.o
    0x08006a0c   0x08006a0c   0x000000b0   Code   RO         4387    i.vTaskStartScheduler  tasks.o
    0x08006abc   0x08006abc   0x00000010   Code   RO         4389    i.vTaskSuspendAll   tasks.o
    0x08006acc   0x08006acc   0x0000008c   Code   RO         4390    i.vTaskSwitchContext  tasks.o
    0x08006b58   0x08006b58   0x0000000a   Code   RO         5676    i.w5500_cris_enter  w5500_conf.o
    0x08006b62   0x08006b62   0x0000000a   Code   RO         5677    i.w5500_cris_exit   w5500_conf.o
    0x08006b6c   0x08006b6c   0x00000014   Code   RO         5678    i.w5500_cs_deselect  w5500_conf.o
    0x08006b80   0x08006b80   0x00000014   Code   RO         5679    i.w5500_cs_select   w5500_conf.o
    0x08006b94   0x08006b94   0x00000034   Code   RO         5681    i.w5500_spi_readburst  w5500_conf.o
    0x08006bc8   0x08006bc8   0x00000024   Code   RO         5682    i.w5500_spi_readbyte  w5500_conf.o
    0x08006bec   0x08006bec   0x0000001c   Code   RO         5683    i.w5500_spi_writeburst  w5500_conf.o
    0x08006c08   0x08006c08   0x00000018   Code   RO         5684    i.w5500_spi_writebyte  w5500_conf.o
    0x08006c20   0x08006c20   0x00000094   Code   RO           20    i.watchdog_init     main.o
    0x08006cb4   0x08006cb4   0x00000084   Code   RO         5619    i.wiz_recv_data     w5500.o
    0x08006d38   0x08006d38   0x00000066   Code   RO         5620    i.wiz_recv_ignore   w5500.o
    0x08006d9e   0x08006d9e   0x00000084   Code   RO         5621    i.wiz_send_data     w5500.o
    0x08006e22   0x08006e22   0x00000006   Code   RO         5759    i.wizchip_bus_readdata  wizchip_conf.o
    0x08006e28   0x08006e28   0x00000004   Code   RO         5761    i.wizchip_bus_writedata  wizchip_conf.o
    0x08006e2c   0x08006e2c   0x00000002   Code   RO         5763    i.wizchip_cris_enter  wizchip_conf.o
    0x08006e2e   0x08006e2e   0x00000002   Code   RO         5764    i.wizchip_cris_exit  wizchip_conf.o
    0x08006e30   0x08006e30   0x00000002   Code   RO         5765    i.wizchip_cs_deselect  wizchip_conf.o
    0x08006e32   0x08006e32   0x00000002   Code   RO         5766    i.wizchip_cs_select  wizchip_conf.o
    0x08006e34   0x08006e34   0x0000005c   Code   RO         5769    i.wizchip_getnetinfo  wizchip_conf.o
    0x08006e90   0x08006e90   0x0000000a   Code   RO         5770    i.wizchip_getnetmode  wizchip_conf.o
    0x08006e9a   0x08006e9a   0x00000028   Code   RO         5771    i.wizchip_gettimeout  wizchip_conf.o
    0x08006ec2   0x08006ec2   0x00000090   Code   RO         5772    i.wizchip_init      wizchip_conf.o
    0x08006f52   0x08006f52   0x00000002   PAD
    0x08006f54   0x08006f54   0x00000058   Code   RO         5776    i.wizchip_setnetinfo  wizchip_conf.o
    0x08006fac   0x08006fac   0x00000026   Code   RO         5777    i.wizchip_setnetmode  wizchip_conf.o
    0x08006fd2   0x08006fd2   0x00000026   Code   RO         5778    i.wizchip_settimeout  wizchip_conf.o
    0x08006ff8   0x08006ff8   0x00000044   Code   RO         5685    i.wizchip_spi_cbfunc  w5500_conf.o
    0x0800703c   0x0800703c   0x00000024   Code   RO         5779    i.wizchip_spi_readburst  wizchip_conf.o
    0x08007060   0x08007060   0x00000004   Code   RO         5780    i.wizchip_spi_readbyte  wizchip_conf.o
    0x08007064   0x08007064   0x00000024   Code   RO         5781    i.wizchip_spi_writeburst  wizchip_conf.o
    0x08007088   0x08007088   0x00000002   Code   RO         5782    i.wizchip_spi_writebyte  wizchip_conf.o
    0x0800708a   0x0800708a   0x00000072   Code   RO         5783    i.wizchip_sw_reset  wizchip_conf.o
    0x080070fc   0x080070fc   0x00000168   Code   RO         5130    i.xPortStartScheduler  port.o
    0x08007264   0x08007264   0x00000064   Code   RO         4393    i.xTaskCreate       tasks.o
    0x080072c8   0x080072c8   0x000000ba   Code   RO         4394    i.xTaskCreateStatic  tasks.o
    0x08007382   0x08007382   0x00000002   PAD
    0x08007384   0x08007384   0x00000148   Code   RO         4401    i.xTaskIncrementTick  tasks.o
    0x080074cc   0x080074cc   0x00000104   Code   RO         4407    i.xTaskResumeAll    tasks.o
    0x080075d0   0x080075d0   0x00000038   Data   RO          298    .constdata          freertos.o
    0x08007608   0x08007608   0x00000018   Data   RO         3848    .constdata          system_stm32f4xx.o
    0x08007620   0x08007620   0x00000018   Data   RO          299    .conststring        freertos.o
    0x08007638   0x08007638   0x00000020   Data   RO         6623    Region$$Table       anon$$obj.o


    Execution Region RW_IRAM1 (Exec base: 0x20000000, Load base: 0x08007658, Size: 0x000081d0, Max: 0x0001c000, ABSOLUTE)

    Exec Addr    Load Addr    Size         Type   Attr      Idx    E Section Name        Object

    0x20000000   0x08007658   0x0000000c   Data   RW          300    .data               freertos.o
    0x2000000c   0x08007664   0x00000009   Data   RW         1906    .data               stm32f4xx_hal.o
    0x20000015   0x0800766d   0x00000003   PAD
    0x20000018   0x08007670   0x00000004   Data   RW         3849    .data               system_stm32f4xx.o
    0x2000001c   0x08007674   0x0000003c   Data   RW         4410    .data               tasks.o
    0x20000058   0x080076b0   0x00000020   Data   RW         5063    .data               heap_4.o
    0x20000078   0x080076d0   0x0000000c   Data   RW         5131    .data               port.o
    0x20000084   0x080076dc   0x00000017   Data   RW         5439    .data               netconf.o
    0x2000009b   0x080076f3   0x00000001   PAD
    0x2000009c   0x080076f4   0x0000000e   Data   RW         5517    .data               socket.o
    0x200000aa   0x08007702   0x00000002   PAD
    0x200000ac   0x08007704   0x00000031   Data   RW         5791    .data               wizchip_conf.o
    0x200000dd   0x08007735   0x00000005   Data   RW         6163    .data               tcp_client.o
    0x200000e2   0x0800773a   0x00000002   PAD
    0x200000e4   0x0800773c   0x0000000d   Data   RW         6230    .data               dns.o
    0x200000f1   0x08007749   0x00000003   PAD
    0x200000f4        -       0x0000000c   Zero   RW           21    .bss                main.o
    0x20000100        -       0x00000254   Zero   RW          297    .bss                freertos.o
    0x20000354        -       0x00000048   Zero   RW          378    .bss                adc.o
    0x2000039c        -       0x00000058   Zero   RW          420    .bss                spi.o
    0x200003f4        -       0x00000090   Zero   RW          464    .bss                usart.o
    0x20000484        -       0x00000048   Zero   RW          623    .bss                stm32f4xx_hal_timebase_tim.o
    0x200004cc        -       0x000000f0   Zero   RW         4409    .bss                tasks.o
    0x200005bc        -       0x00007800   Zero   RW         5062    .bss                heap_4.o
    0x20007dbc        -       0x00000010   Zero   RW         5516    .bss                socket.o
    0x20007dcc   0x08007749   0x00000004   PAD
    0x20007dd0        -       0x00000400   Zero   RW            1    STACK               startup_stm32f405xx.o


    Execution Region RW_IRAM2 (Exec base: 0x2001c000, Load base: 0x0800774c, Size: 0x00000000, Max: 0x00004000, ABSOLUTE)

    **** No section assigned to this execution region ****


==============================================================================

Image component sizes


      Code (inc. data)   RO Data    RW Data    ZI Data      Debug   Object Name

       240         26          0          0         72       1717   adc.o
       142          0          0          0          0      23007   cmsis_os.o
      1262         62          0         13          0       9691   dns.o
         0          0          0          0          0      16888   event_groups.o
      1508        686         80         12        596       5094   freertos.o
       216         12          0          0          0        995   gpio.o
       724         74          0         32      30720       7411   heap_4.o
       148          0          0          0          0       3562   list.o
      1878        678          0          0         12     702712   main.o
       560        176          0         23          0       1780   netconf.o
       894         78          0         12          0      11140   port.o
      2608         64          0         14         16       8754   socket.o
       204         22          0          0         88       1669   spi.o
        36          8        392          0       1024        836   startup_stm32f405xx.o
       136         24          0          9          0       8718   stm32f4xx_hal.o
       852         28          0          0          0       2743   stm32f4xx_hal_adc.o
       260         22          0          0          0      33554   stm32f4xx_hal_cortex.o
       212          0          0          0          0       1955   stm32f4xx_hal_dma.o
       532         46          0          0          0       2757   stm32f4xx_hal_gpio.o
       112          0          0          0          0       1887   stm32f4xx_hal_iwdg.o
        84          6          0          0          0        858   stm32f4xx_hal_msp.o
      1888         94          0          0          0       6281   stm32f4xx_hal_rcc.o
      1582         12          0          0          0       5892   stm32f4xx_hal_spi.o
       868         76          0          0          0       6586   stm32f4xx_hal_tim.o
         4          0          0          0          0       1597   stm32f4xx_hal_tim_ex.o
       160         20          0          0         72       1427   stm32f4xx_hal_timebase_tim.o
      2294         14          0          0          0      11604   stm32f4xx_hal_uart.o
        70         18          0          0          0       4311   stm32f4xx_it.o
         0          0          0          0          0        392   stream_buffer.o
        20          6         24          4          0       1127   system_stm32f4xx.o
      2162        270          0         60        240      20425   tasks.o
      1484        586          0          5          0       3433   tcp_client.o
       460         44          0          0        144       3683   usart.o
      1090         16          0          0          0       6670   w5500.o
       268         66          0          0          0      10665   w5500_conf.o
       924         90          0         49          0      17806   wizchip_conf.o

    ----------------------------------------------------------------------
     25908       3324        528        244      32988     949627   Object Totals
         0          0         32          0          0          0   (incl. Generated)
        26          0          0         11          4          0   (incl. Padding)

    ----------------------------------------------------------------------

      Code (inc. data)   RO Data    RW Data    ZI Data      Debug   Library Member Name

         0          0          0          0          0          0   entry.o
         0          0          0          0          0          0   entry10a.o
         0          0          0          0          0          0   entry11a.o
         4          0          0          0          0          0   entry12b.o
         8          4          0          0          0          0   entry2.o
         4          0          0          0          0          0   entry5.o
         0          0          0          0          0          0   entry7b.o
         0          0          0          0          0          0   entry8b.o
         8          4          0          0          0          0   entry9a.o
        30          0          0          0          0          0   handlers.o
        36          8          0          0          0         68   init.o
         0          0          0          0          0          0   iusefp.o
        30          0          0          0          0         68   llshl.o
        36          0          0          0          0         68   llsshr.o
        32          0          0          0          0         68   llushr.o
        36          0          0          0          0         68   memcpya.o
        36          0          0          0          0        108   memseta.o
      2312         90          0          0          0        616   printfa.o
        20          0          0          0          0         68   strchr.o
        18          0          0          0          0         68   strcpy.o
        14          0          0          0          0         68   strlen.o
        24          0          0          0          0         76   strncpy.o
        44          0          0          0          0         80   uidiv.o
        98          0          0          0          0         92   uldiv.o
        48          0          0          0          0         68   cdrcmple.o
       334          0          0          0          0        148   dadd.o
       222          0          0          0          0        100   ddiv.o
       186          0          0          0          0        176   depilogue.o
        48          0          0          0          0         68   dfixul.o
       228          0          0          0          0         96   dmul.o

    ----------------------------------------------------------------------
      3860        106          0          0          0       2172   Library Totals
         4          0          0          0          0          0   (incl. Padding)

    ----------------------------------------------------------------------

      Code (inc. data)   RO Data    RW Data    ZI Data      Debug   Library Name

      2790        106          0          0          0       1516   mc_w.l
      1066          0          0          0          0        656   mf_w.l

    ----------------------------------------------------------------------
      3860        106          0          0          0       2172   Library Totals

    ----------------------------------------------------------------------

==============================================================================


      Code (inc. data)   RO Data    RW Data    ZI Data      Debug   

     29768       3430        528        244      32988     932759   Grand Totals
     29768       3430        528        244      32988     932759   ELF Image Totals
     29768       3430        528        244          0          0   ROM Totals

==============================================================================

    Total RO  Size (Code + RO Data)                30296 (  29.59kB)
    Total RW  Size (RW Data + ZI Data)             33232 (  32.45kB)
    Total ROM Size (Code + RO Data + RW Data)      30540 (  29.82kB)

==============================================================================

