Component: ARM Compiler 5.06 update 7 (build 960) Tool: armlink [4d3601]

==============================================================================

Section Cross References

    startup_stm32f405xx.o(RESET) refers to startup_stm32f405xx.o(STACK) for __initial_sp
    startup_stm32f405xx.o(RESET) refers to startup_stm32f405xx.o(.text) for Reset_Handler
    startup_stm32f405xx.o(RESET) refers to stm32f4xx_it.o(i.NMI_Handler) for NMI_Handler
    startup_stm32f405xx.o(RESET) refers to stm32f4xx_it.o(i.HardFault_Handler) for HardFault_Handler
    startup_stm32f405xx.o(RESET) refers to stm32f4xx_it.o(i.MemManage_Handler) for MemManage_Handler
    startup_stm32f405xx.o(RESET) refers to stm32f4xx_it.o(i.BusFault_Handler) for BusFault_Handler
    startup_stm32f405xx.o(RESET) refers to stm32f4xx_it.o(i.UsageFault_Handler) for UsageFault_Handler
    startup_stm32f405xx.o(RESET) refers to port.o(.emb_text) for SVC_Handler
    startup_stm32f405xx.o(RESET) refers to stm32f4xx_it.o(i.DebugMon_Handler) for DebugMon_Handler
    startup_stm32f405xx.o(RESET) refers to port.o(i.SysTick_Handler) for SysTick_Handler
    startup_stm32f405xx.o(RESET) refers to stm32f4xx_it.o(i.TIM1_UP_TIM10_IRQHandler) for TIM1_UP_TIM10_IRQHandler
    startup_stm32f405xx.o(RESET) refers to stm32f4xx_it.o(i.TIM2_IRQHandler) for TIM2_IRQHandler
    startup_stm32f405xx.o(RESET) refers to stm32f4xx_it.o(i.USART3_IRQHandler) for USART3_IRQHandler
    startup_stm32f405xx.o(RESET) refers to stm32f4xx_it.o(i.UART4_IRQHandler) for UART4_IRQHandler
    startup_stm32f405xx.o(.text) refers to system_stm32f4xx.o(i.SystemInit) for SystemInit
    startup_stm32f405xx.o(.text) refers to entry.o(.ARM.Collect$$$$00000000) for __main
    main.o(i.HAL_TIM_PeriodElapsedCallback) refers to stm32f4xx_hal.o(i.HAL_IncTick) for HAL_IncTick
    main.o(i.HAL_TIM_PeriodElapsedCallback) refers to main.o(.data) for g_tim2_ms_counter
    main.o(i.MX_TIM2_Init) refers to stm32f4xx_hal_tim.o(i.HAL_TIM_Base_Init) for HAL_TIM_Base_Init
    main.o(i.MX_TIM2_Init) refers to main.o(i.Error_Handler) for Error_Handler
    main.o(i.MX_TIM2_Init) refers to stm32f4xx_hal_tim.o(i.HAL_TIM_ConfigClockSource) for HAL_TIM_ConfigClockSource
    main.o(i.MX_TIM2_Init) refers to stm32f4xx_hal_tim_ex.o(i.HAL_TIMEx_MasterConfigSynchronization) for HAL_TIMEx_MasterConfigSynchronization
    main.o(i.MX_TIM2_Init) refers to stm32f4xx_hal_cortex.o(i.HAL_NVIC_SetPriority) for HAL_NVIC_SetPriority
    main.o(i.MX_TIM2_Init) refers to stm32f4xx_hal_cortex.o(i.HAL_NVIC_EnableIRQ) for HAL_NVIC_EnableIRQ
    main.o(i.MX_TIM2_Init) refers to main.o(.bss) for htim2
    main.o(i.SystemClock_Config) refers to memseta.o(.text) for __aeabi_memclr4
    main.o(i.SystemClock_Config) refers to stm32f4xx_hal_rcc.o(i.HAL_RCC_OscConfig) for HAL_RCC_OscConfig
    main.o(i.SystemClock_Config) refers to main.o(i.Error_Handler) for Error_Handler
    main.o(i.SystemClock_Config) refers to stm32f4xx_hal_rcc.o(i.HAL_RCC_ClockConfig) for HAL_RCC_ClockConfig
    main.o(i.main) refers to stm32f4xx_hal.o(i.HAL_Init) for HAL_Init
    main.o(i.main) refers to main.o(i.SystemClock_Config) for SystemClock_Config
    main.o(i.main) refers to gpio.o(i.MX_GPIO_Init) for MX_GPIO_Init
    main.o(i.main) refers to adc.o(i.MX_ADC1_Init) for MX_ADC1_Init
    main.o(i.main) refers to spi.o(i.MX_SPI1_Init) for MX_SPI1_Init
    main.o(i.main) refers to usart.o(i.MX_UART4_Init) for MX_UART4_Init
    main.o(i.main) refers to usart.o(i.MX_USART3_UART_Init) for MX_USART3_UART_Init
    main.o(i.main) refers to main.o(i.MX_TIM2_Init) for MX_TIM2_Init
    main.o(i.main) refers to stm32f4xx_hal_tim.o(i.HAL_TIM_Base_Start_IT) for HAL_TIM_Base_Start_IT
    main.o(i.main) refers to main.o(i.print_reset_cause) for print_reset_cause
    main.o(i.main) refers to printfa.o(i.__0snprintf) for __2snprintf
    main.o(i.main) refers to usart.o(i.uart_printf) for uart_printf
    main.o(i.main) refers to main.o(i.watchdog_init) for watchdog_init
    main.o(i.main) refers to mqtt_queue.o(i.mqtt_queue_init) for mqtt_queue_init
    main.o(i.main) refers to mqtt_exception.o(i.mqtt_exception_init) for mqtt_exception_init
    main.o(i.main) refers to freertos.o(i.MX_FREERTOS_Init) for MX_FREERTOS_Init
    main.o(i.main) refers to cmsis_os.o(i.osKernelStart) for osKernelStart
    main.o(i.main) refers to main.o(.bss) for htim2
    main.o(i.print_reset_cause) refers to printfa.o(i.__0snprintf) for __2snprintf
    main.o(i.print_reset_cause) refers to usart.o(i.uart_printf) for uart_printf
    main.o(i.watchdog_init) refers to stm32f4xx_hal_iwdg.o(i.HAL_IWDG_Init) for HAL_IWDG_Init
    main.o(i.watchdog_init) refers to printfa.o(i.__0snprintf) for __2snprintf
    main.o(i.watchdog_init) refers to usart.o(i.uart_printf) for uart_printf
    main.o(i.watchdog_init) refers to main.o(.bss) for hiwdg
    gpio.o(i.MX_GPIO_Init) refers to memseta.o(.text) for __aeabi_memclr4
    gpio.o(i.MX_GPIO_Init) refers to stm32f4xx_hal_gpio.o(i.HAL_GPIO_WritePin) for HAL_GPIO_WritePin
[...]
    default_ip_conflict                      0x0808cf91   Thumb Code    30  dhcp.o(i.default_ip_conflict)
    default_ip_update                        0x0808cfb5   Thumb Code    34  dhcp.o(i.default_ip_update)
    deliverMessage                           0x0808cfdd   Thumb Code   140  mqttclient.o(i.deliverMessage)
    dns_answer                               0x0808d4a1   Thumb Code   256  dns.o(i.dns_answer)
    dns_makequery                            0x0808d5a1   Thumb Code   220  dns.o(i.dns_makequery)
    dns_question                             0x0808d681   Thumb Code    42  dns.o(i.dns_question)
    eTaskGetState                            0x0808d6ad   Thumb Code   128  tasks.o(i.eTaskGetState)
    flash_calc_crc32                         0x0808dbb1   Thumb Code   126  flash_driver.o(i.flash_calc_crc32)
    flash_dump                               0x0808dc75   Thumb Code   296  flash_driver.o(i.flash_dump)
    flash_erase_range                        0x0808de29   Thumb Code   134  flash_driver.o(i.flash_erase_range)
    flash_is_valid_addr                      0x0808deb9   Thumb Code    22  flash_driver.o(i.flash_is_valid_addr)
    flash_lock                               0x0808decf   Thumb Code    18  flash_driver.o(i.flash_lock)
    flash_read                               0x0808dee1   Thumb Code    28  flash_driver.o(i.flash_read)
    flash_unlock                             0x0808defd   Thumb Code    34  flash_driver.o(i.flash_unlock)
    flash_write                              0x0808df21   Thumb Code   592  flash_driver.o(i.flash_write)
    flash_write_byte                         0x0808e2c9   Thumb Code    16  flash_driver.o(i.flash_write_byte)
    flash_write_halfword                     0x0808e2d9   Thumb Code    58  flash_driver.o(i.flash_write_halfword)
    flash_write_word                         0x0808e313   Thumb Code    58  flash_driver.o(i.flash_write_word)
    get16                                    0x0808e34d   Thumb Code    16  dns.o(i.get16)
    getDNSfromDHCP                           0x0808e35d   Thumb Code    26  dhcp.o(i.getDNSfromDHCP)
    getGWfromDHCP                            0x0808e37d   Thumb Code    26  dhcp.o(i.getGWfromDHCP)
    getIPfromDHCP                            0x0808e39d   Thumb Code    26  dhcp.o(i.getIPfromDHCP)
    getSNfromDHCP                            0x0808e3d5   Thumb Code    26  dhcp.o(i.getSNfromDHCP)
    getSn_RX_RSR                             0x0808e3f5   Thumb Code   108  w5500.o(i.getSn_RX_RSR)
    getSn_TX_FSR                             0x0808e461   Thumb Code   108  w5500.o(i.getSn_TX_FSR)
    keepalive                                0x0808e5d3   Thumb Code    98  mqttclient.o(i.keepalive)
    main                                     0x0808e635   Thumb Code   590  main.o(i.main)
    makeDHCPMSG                              0x0808e9f5   Thumb Code   386  dhcp.o(i.makeDHCPMSG)
    mqtt_client_connect                      0x0808eb95   Thumb Code   290  mqtt_client.o(i.mqtt_client_connect)
    mqtt_client_disconnect                   0x0808edc1   Thumb Code    72  mqtt_client.o(i.mqtt_client_disconnect)
    mqtt_client_init                         0x0808ee39   Thumb Code    38  mqtt_client.o(i.mqtt_client_init)
    mqtt_client_loop                         0x0808ee71   Thumb Code    14  mqtt_client.o(i.mqtt_client_loop)
    mqtt_client_loop_nonblocking             0x0808ee85   Thumb Code    34  mqtt_client.o(i.mqtt_client_loop_nonblocking)
    mqtt_client_publish                      0x0808eead   Thumb Code   236  mqtt_client.o(i.mqtt_client_publish)
    mqtt_client_subscribe                    0x0808f029   Thumb Code   206  mqtt_client.o(i.mqtt_client_subscribe)
    mqtt_exception_clear                     0x0808f171   Thumb Code    68  mqtt_exception.o(i.mqtt_exception_clear)
    mqtt_exception_init                      0x0808f1e9   Thumb Code    80  mqtt_exception.o(i.mqtt_exception_init)
    mqtt_exception_report                    0x0808f279   Thumb Code   180  mqtt_exception.o(i.mqtt_exception_report)
    mqtt_exception_reset                     0x0808f3a5   Thumb Code   122  mqtt_exception.o(i.mqtt_exception_reset)
    mqtt_exception_task_create               0x0808f49d   Thumb Code   136  mqtt_exception.o(i.mqtt_exception_task_create)
    mqtt_is_running                          0x0808f591   Thumb Code     6  mqtt_task.o(i.mqtt_is_running)
    mqtt_message_callback                    0x0808f59d   Thumb Code   974  mqtt_task.o(i.mqtt_message_callback)
    mqtt_queue_init                          0x0808fcd1   Thumb Code   440  mqtt_queue.o(i.mqtt_queue_init)
    mqtt_rx_queue_get                        0x0808ff9d   Thumb Code    76  mqtt_queue.o(i.mqtt_rx_queue_get)
    mqtt_rx_queue_put                        0x0808fff1   Thumb Code   190  mqtt_queue.o(i.mqtt_rx_queue_put)
    mqtt_task_create                         0x08090125   Thumb Code   450  mqtt_task.o(i.mqtt_task_create)
    mqtt_task_get_state                      0x08090439   Thumb Code     6  mqtt_task.o(i.mqtt_task_get_state)
    mqtt_task_set_running                    0x08090445   Thumb Code    66  mqtt_task.o(i.mqtt_task_set_running)
    mqtt_task_set_state                      0x080904cd   Thumb Code   188  mqtt_task.o(i.mqtt_task_set_state)
    mqtt_tx_queue_get                        0x0809061d   Thumb Code    76  mqtt_queue.o(i.mqtt_tx_queue_get)
    mqtt_tx_queue_put                        0x08090671   Thumb Code   190  mqtt_queue.o(i.mqtt_tx_queue_put)
    osDelay                                  0x080907d9   Thumb Code    24  cmsis_os.o(i.osDelay)
    osKernelStart                            0x080907f1   Thumb Code    10  cmsis_os.o(i.osKernelStart)
    osMessageCreate                          0x080907fb   Thumb Code    40  cmsis_os.o(i.osMessageCreate)
    osMessageGet                             0x08090825   Thumb Code   150  cmsis_os.o(i.osMessageGet)
    osMessagePut                             0x080908c1   Thumb Code    92  cmsis_os.o(i.osMessagePut)
    osThreadCreate                           0x08090921   Thumb Code    94  cmsis_os.o(i.osThreadCreate)
    ota_cancel_upgrade                       0x08090981   Thumb Code    86  ota_client.o(i.ota_cancel_upgrade)
    ota_check_version                        0x08090a15   Thumb Code   154  ota_client.o(i.ota_check_version)
    ota_client_init                          0x08090b31   Thumb Code   410  ota_client.o(i.ota_client_init)
    ota_client_task                          0x08090de9   Thumb Code   374  ota_client.o(i.ota_client_task)
    ota_cmd_queue_get                        0x08091095   Thumb Code    76  mqtt_queue.o(i.ota_cmd_queue_get)
    ota_cmd_queue_put                        0x080910e9   Thumb Code   252  mqtt_queue.o(i.ota_cmd_queue_put)
    ota_download_firmware                    0x0809127d   Thumb Code   426  ota_client.o(i.ota_download_firmware)
    ota_params_get_default                   0x08091539   Thumb Code    64  ota_params.o(i.ota_params_get_default)
    ota_params_read                          0x0809157d   Thumb Code   432  ota_params.o(i.ota_params_read)
    ota_params_write                         0x0809187d   Thumb Code   152  ota_params.o(i.ota_params_write)
    ota_parse_command                        0x08091929   Thumb Code  2240  ota_client.o(i.ota_parse_command)
    ota_receive_data_chunk                   0x08092319   Thumb Code  3678  ota_client.o(i.ota_receive_data_chunk)
    ota_report_status                        0x08093321   Thumb Code   278  ota_client.o(i.ota_report_status)
    ota_start_upgrade                        0x08093669   Thumb Code   588  ota_client.o(i.ota_start_upgrade)
    ota_task_create                          0x08093a51   Thumb Code   192  ota_client.o(i.ota_task_create)
    ota_trigger_upgrade                      0x08093bdd   Thumb Code   648  ota_client.o(i.ota_trigger_upgrade)
    ota_verify_firmware                      0x08094005   Thumb Code   800  ota_client.o(i.ota_verify_firmware)
    ota_write_firmware_chunk                 0x08094485   Thumb Code   982  ota_client.o(i.ota_write_firmware_chunk)
    parseDHCPMSG                             0x08094a91   Thumb Code   608  dhcp.o(i.parseDHCPMSG)
    parseDNSMSG                              0x08094d15   Thumb Code   254  dns.o(i.parseDNSMSG)
    parse_name                               0x08095189   Thumb Code   150  dns.o(i.parse_name)
    print_reset_cause                        0x08095221   Thumb Code   622  main.o(i.print_reset_cause)
    put16                                    0x080960c3   Thumb Code    12  dns.o(i.put16)
    pvPortMalloc                             0x080960d1   Thumb Code   306  heap_4.o(i.pvPortMalloc)
    pxPortInitialiseStack                    0x0809621d   Thumb Code    38  port.o(i.pxPortInitialiseStack)
    readChar                                 0x08096249   Thumb Code    14  mqttpacket.o(i.readChar)
    readInt                                  0x08096257   Thumb Code    26  mqttpacket.o(i.readInt)
    readMQTTLenString                        0x08096271   Thumb Code    58  mqttpacket.o(i.readMQTTLenString)
    recv                                     0x08096355   Thumb Code   280  socket.o(i.recv)
    recvfrom_W5x00                           0x0809679d   Thumb Code    44  socket.o(i.recvfrom_W5x00)
    reg_dhcp_cbfunc                          0x080967c9   Thumb Code    40  dhcp.o(i.reg_dhcp_cbfunc)
    reg_wizchip_cris_cbfunc                  0x08096809   Thumb Code    26  wizchip_conf.o(i.reg_wizchip_cris_cbfunc)
    reg_wizchip_cs_cbfunc                    0x08096831   Thumb Code    26  wizchip_conf.o(i.reg_wizchip_cs_cbfunc)
    reg_wizchip_spi_cbfunc                   0x08096859   Thumb Code    40  wizchip_conf.o(i.reg_wizchip_spi_cbfunc)
    reg_wizchip_spiburst_cbfunc              0x0809688d   Thumb Code    38  wizchip_conf.o(i.reg_wizchip_spiburst_cbfunc)
    reset_DHCP_timeout                       0x080968c1   Thumb Code    20  dhcp.o(i.reset_DHCP_timeout)
    send                                     0x080968f5   Thumb Code   510  socket.o(i.send)
    send_DHCP_DECLINE                        0x08096b5d   Thumb Code   492  dhcp.o(i.send_DHCP_DECLINE)
    send_DHCP_DISCOVER                       0x08096d5d   Thumb Code   638  dhcp.o(i.send_DHCP_DISCOVER)
    send_DHCP_REQUEST                        0x08096ff5   Thumb Code   970  dhcp.o(i.send_DHCP_REQUEST)
    sendto_W5x00                             0x08097689   Thumb Code    38  socket.o(i.sendto_W5x00)
    socket                                   0x080976b1   Thumb Code   418  socket.o(i.socket)
    tcp_client_connect                       0x08097869   Thumb Code   674  tcp_client.o(i.tcp_client_connect)
    tcp_client_disconnect                    0x08097ced   Thumb Code    76  tcp_client.o(i.tcp_client_disconnect)
    tcp_client_recv                          0x08097d69   Thumb Code    72  tcp_client.o(i.tcp_client_recv)
    tcp_client_send                          0x08097db5   Thumb Code    68  tcp_client.o(i.tcp_client_send)
    timer_task_create                        0x0809819d   Thumb Code   136  timer_task.o(i.timer_task_create)
    timer_task_get_tick                      0x0809827d   Thumb Code     6  timer_task.o(i.timer_task_get_tick)
    uart_printf                              0x08098289   Thumb Code    60  usart.o(i.uart_printf)
    user_led_blink                           0x080982cd   Thumb Code    44  timer_task.o(i.user_led_blink)
    user_mqtt_publish                        0x08098301   Thumb Code    20  timer_task.o(i.user_mqtt_publish)
    uxListRemove                             0x08098315   Thumb Code    40  list.o(i.uxListRemove)
    uxTaskGetNumberOfTasks                   0x0809833d   Thumb Code     6  tasks.o(i.uxTaskGetNumberOfTasks)
    uxTaskGetSystemState                     0x08098349   Thumb Code   152  tasks.o(i.uxTaskGetSystemState)
    vApplicationGetIdleTaskMemory            0x080983f9   Thumb Code    14  freertos.o(i.vApplicationGetIdleTaskMemory)
    vApplicationIdleHook                     0x08098411   Thumb Code    10  freertos.o(i.vApplicationIdleHook)
    vListInitialise                          0x08098421   Thumb Code    26  list.o(i.vListInitialise)
    vListInitialiseItem                      0x0809843b   Thumb Code     6  list.o(i.vListInitialiseItem)
    vListInsert                              0x08098441   Thumb Code    52  list.o(i.vListInsert)
    vListInsertEnd                           0x08098475   Thumb Code    24  list.o(i.vListInsertEnd)
    vPortEnterCritical                       0x0809848d   Thumb Code    76  port.o(i.vPortEnterCritical)
    vPortExitCritical                        0x080984e1   Thumb Code    56  port.o(i.vPortExitCritical)
    vPortFree                                0x0809851d   Thumb Code   150  heap_4.o(i.vPortFree)
    vPortSetupTimerInterrupt                 0x080985c1   Thumb Code    36  port.o(i.vPortSetupTimerInterrupt)
    vPortValidateInterruptPriority           0x080985e9   Thumb Code   106  port.o(i.vPortValidateInterruptPriority)
    vTaskDelay                               0x08098661   Thumb Code    82  tasks.o(i.vTaskDelay)
    vTaskGetInfo                             0x080986bd   Thumb Code   126  tasks.o(i.vTaskGetInfo)
    vTaskInternalSetTimeOutState             0x08098741   Thumb Code    14  tasks.o(i.vTaskInternalSetTimeOutState)
    vTaskMissedYield                         0x08098759   Thumb Code     8  tasks.o(i.vTaskMissedYield)
    vTaskPlaceOnEventList                    0x08098765   Thumb Code    52  tasks.o(i.vTaskPlaceOnEventList)
    vTaskStartScheduler                      0x0809879d   Thumb Code   146  tasks.o(i.vTaskStartScheduler)
    vTaskSuspendAll                          0x0809884d   Thumb Code    12  tasks.o(i.vTaskSuspendAll)
    vTaskSwitchContext                       0x0809885d   Thumb Code   118  tasks.o(i.vTaskSwitchContext)
    waitfor                                  0x080989f1   Thumb Code    52  mqttclient.o(i.waitfor)
    watchdog_init                            0x08098a25   Thumb Code    80  main.o(i.watchdog_init)
    wiz_recv_data                            0x08098ab9   Thumb Code   132  w5500.o(i.wiz_recv_data)
    wiz_recv_ignore                          0x08098b3d   Thumb Code   102  w5500.o(i.wiz_recv_ignore)
    wiz_send_data                            0x08098ba3   Thumb Code   132  w5500.o(i.wiz_send_data)
    wizchip_bus_readdata                     0x08098c27   Thumb Code     6  wizchip_conf.o(i.wizchip_bus_readdata)
    wizchip_bus_writedata                    0x08098c2d   Thumb Code     4  wizchip_conf.o(i.wizchip_bus_writedata)
    wizchip_cris_enter                       0x08098c31   Thumb Code     2  wizchip_conf.o(i.wizchip_cris_enter)
    wizchip_cris_exit                        0x08098c33   Thumb Code     2  wizchip_conf.o(i.wizchip_cris_exit)
    wizchip_cs_deselect                      0x08098c35   Thumb Code     2  wizchip_conf.o(i.wizchip_cs_deselect)
    wizchip_cs_select                        0x08098c37   Thumb Code     2  wizchip_conf.o(i.wizchip_cs_select)
    wizchip_getnetinfo                       0x08098c39   Thumb Code    82  wizchip_conf.o(i.wizchip_getnetinfo)
    wizchip_getnetmode                       0x08098c95   Thumb Code    10  wizchip_conf.o(i.wizchip_getnetmode)
    wizchip_gettimeout                       0x08098c9f   Thumb Code    40  wizchip_conf.o(i.wizchip_gettimeout)
    wizchip_init                             0x08098cc7   Thumb Code   144  wizchip_conf.o(i.wizchip_init)
    wizchip_setnetinfo                       0x08098d59   Thumb Code    80  wizchip_conf.o(i.wizchip_setnetinfo)
    wizchip_setnetmode                       0x08098db1   Thumb Code    38  wizchip_conf.o(i.wizchip_setnetmode)
    wizchip_settimeout                       0x08098dd7   Thumb Code    38  wizchip_conf.o(i.wizchip_settimeout)
    wizchip_spi_cbfunc                       0x08098dfd   Thumb Code    36  w5500_conf.o(i.wizchip_spi_cbfunc)
    wizchip_spi_readburst                    0x08098e41   Thumb Code    30  wizchip_conf.o(i.wizchip_spi_readburst)
    wizchip_spi_readbyte                     0x08098e65   Thumb Code     4  wizchip_conf.o(i.wizchip_spi_readbyte)
    wizchip_spi_writeburst                   0x08098e69   Thumb Code    30  wizchip_conf.o(i.wizchip_spi_writeburst)
    wizchip_spi_writebyte                    0x08098e8d   Thumb Code     2  wizchip_conf.o(i.wizchip_spi_writebyte)
    wizchip_sw_reset                         0x08098e8f   Thumb Code   114  wizchip_conf.o(i.wizchip_sw_reset)
    wizphy_getphylink                        0x08098f01   Thumb Code    24  wizchip_conf.o(i.wizphy_getphylink)
    writeCString                             0x08098f19   Thumb Code    40  mqttpacket.o(i.writeCString)
    writeChar                                0x08098f41   Thumb Code    12  mqttpacket.o(i.writeChar)
    writeInt                                 0x08098f4d   Thumb Code    48  mqttpacket.o(i.writeInt)
    writeMQTTString                          0x08098f7d   Thumb Code    62  mqttpacket.o(i.writeMQTTString)
    xPortGetFreeHeapSize                     0x08098fbd   Thumb Code     6  heap_4.o(i.xPortGetFreeHeapSize)
    xPortGetMinimumEverFreeHeapSize          0x08098fc9   Thumb Code     6  heap_4.o(i.xPortGetMinimumEverFreeHeapSize)
    xPortStartScheduler                      0x08098fd5   Thumb Code   330  port.o(i.xPortStartScheduler)
    xQueueGenericCreate                      0x0809913d   Thumb Code    90  queue.o(i.xQueueGenericCreate)
    xQueueGenericCreateStatic                0x08099197   Thumb Code   224  queue.o(i.xQueueGenericCreateStatic)
    xQueueGenericReset                       0x08099279   Thumb Code   146  queue.o(i.xQueueGenericReset)
    xQueueGenericSend                        0x08099311   Thumb Code   420  queue.o(i.xQueueGenericSend)
    xQueueGenericSendFromISR                 0x080994b9   Thumb Code   252  queue.o(i.xQueueGenericSendFromISR)
    xQueueReceive                            0x080995b5   Thumb Code   356  queue.o(i.xQueueReceive)
    xQueueReceiveFromISR                     0x0809971d   Thumb Code   202  queue.o(i.xQueueReceiveFromISR)
    xTaskCheckForTimeOut                     0x080997e9   Thumb Code   132  tasks.o(i.xTaskCheckForTimeOut)
    xTaskCreate                              0x08099875   Thumb Code   100  tasks.o(i.xTaskCreate)
    xTaskCreateStatic                        0x080998d9   Thumb Code   186  tasks.o(i.xTaskCreateStatic)
    xTaskGetSchedulerState                   0x08099995   Thumb Code    24  tasks.o(i.xTaskGetSchedulerState)
    xTaskIncrementTick                       0x080999b5   Thumb Code   282  tasks.o(i.xTaskIncrementTick)
    xTaskPriorityDisinherit                  0x08099afd   Thumb Code   188  tasks.o(i.xTaskPriorityDisinherit)
    xTaskRemoveFromEventList                 0x08099bc5   Thumb Code   128  tasks.o(i.xTaskRemoveFromEventList)
    xTaskResumeAll                           0x08099c5d   Thumb Code   224  tasks.o(i.xTaskResumeAll)
    AHBPrescTable                            0x08099d60   Data          16  system_stm32f4xx.o(.constdata)
    APBPrescTable                            0x08099d70   Data           8  system_stm32f4xx.o(.constdata)
    __ctype_table                            0x0809a84c   Data         129  ctype_o.o(.constdata)
    Region$$Table$$Base                      0x0809b4bc   Number         0  anon$$obj.o(Region$$Table)
    Region$$Table$$Limit                     0x0809b4fc   Number         0  anon$$obj.o(Region$$Table)
    g_tim2_ms_counter                        0x20000000   Data           4  main.o(.data)
    uwTick                                   0x20000004   Data           4  stm32f4xx_hal.o(.data)
    uwTickPrio                               0x20000008   Data           4  stm32f4xx_hal.o(.data)
    uwTickFreq                               0x2000000c   Data           1  stm32f4xx_hal.o(.data)
    SystemCoreClock                          0x20000010   Data           4  system_stm32f4xx.o(.data)
    WIZCHIP                                  0x20000020   Data          44  wizchip_conf.o(.data)
    pDNSMSG                                  0x20000054   Data           4  dns.o(.data)
    DNS_SOCKET                               0x20000058   Data           1  dns.o(.data)
    DNS_MSGID                                0x2000005a   Data           2  dns.o(.data)
    dns_1s_tick                              0x2000005c   Data           4  dns.o(.data)
    g_network_task_handle                    0x20000064   Data           4  mqtt_task.o(.data)
    g_mqtt_tx_task_handle                    0x20000068   Data           4  mqtt_task.o(.data)
    g_mqtt_rx_task_handle                    0x2000006c   Data           4  mqtt_task.o(.data)
    g_cli_task_handle                        0x20000080   Data           4  cli_task.o(.data)
    htim2                                    0x200000b4   Data          72  main.o(.bss)
    hiwdg                                    0x200000fc   Data          12  main.o(.bss)
    hadc1                                    0x20000364   Data          72  adc.o(.bss)
    htim1                                    0x200003ac   Data          72  stm32f4xx_hal_timebase_tim.o(.bss)
    g_exception_status                       0x20019628   Data          16  mqtt_exception.o(.bss)
    __initial_sp                             0x2001b6c0   Data           0  startup_stm32f405xx.o(STACK)
    pFlash                                   0x2001c000   Data          32  stm32f4xx_hal_flash.o(.data)
    pxCurrentTCB                             0x2001c020   Data           4  tasks.o(.data)
    sock_pack_info                           0x2001c082   Data           8  socket.o(.data)
    DHCP_SOCKET                              0x2001c08c   Data           1  dhcp.o(.data)
    DHCP_SIP                                 0x2001c08d   Data           4  dhcp.o(.data)
    DHCP_REAL_SIP                            0x2001c091   Data           4  dhcp.o(.data)
    OLD_allocated_ip                         0x2001c095   Data           4  dhcp.o(.data)
    DHCP_allocated_ip                        0x2001c099   Data           4  dhcp.o(.data)
    DHCP_allocated_gw                        0x2001c09d   Data           4  dhcp.o(.data)
    DHCP_allocated_sn                        0x2001c0a1   Data           4  dhcp.o(.data)
    DHCP_allocated_dns                       0x2001c0a5   Data           4  dhcp.o(.data)
    dhcp_state                               0x2001c0a9   Data           1  dhcp.o(.data)
    dhcp_retry_count                         0x2001c0aa   Data           1  dhcp.o(.data)
    dhcp_lease_time                          0x2001c0ac   Data           4  dhcp.o(.data)
    dhcp_tick_1s                             0x2001c0b0   Data           4  dhcp.o(.data)
    dhcp_tick_next                           0x2001c0b4   Data           4  dhcp.o(.data)
    DHCP_XID                                 0x2001c0b8   Data           4  dhcp.o(.data)
    pDHCPMSG                                 0x2001c0bc   Data           4  dhcp.o(.data)
    HOST_NAME                                0x2001c0c0   Data           8  dhcp.o(.data)
    DHCP_CHADDR                              0x2001c0c8   Data           6  dhcp.o(.data)
    dhcp_ip_assign                           0x2001c0d0   Data           4  dhcp.o(.data)
    dhcp_ip_update                           0x2001c0d4   Data           4  dhcp.o(.data)
    dhcp_ip_conflict                         0x2001c0d8   Data           4  dhcp.o(.data)
    g_mqtt_tx_queue                          0x2001c0e8   Data           4  mqtt_queue.o(.data)
    g_mqtt_rx_queue                          0x2001c0ec   Data           4  mqtt_queue.o(.data)
    g_ota_cmd_queue                          0x2001c0f0   Data           4  mqtt_queue.o(.data)
    g_timer_task_handle                      0x2001c0f4   Data           4  timer_task.o(.data)
    g_exception_task_handle                  0x2001c130   Data           4  mqtt_exception.o(.data)
    hspi1                                    0x2001c15c   Data          88  spi.o(.bss)
    huart4                                   0x2001c1b4   Data          72  usart.o(.bss)
    huart3                                   0x2001c1fc   Data          72  usart.o(.bss)
    mqtt_client                              0x2001c254   Data         104  mqtt_client.o(.bss)
    mqtt_network                             0x2001c2bc   Data          12  mqtt_client.o(.bss)
    mqtt_send_buf                            0x2001c2c8   Data        4096  mqtt_client.o(.bss)
    mqtt_read_buf                            0x2001d2c8   Data        8192  mqtt_client.o(.bss)



==============================================================================

Memory Map of the image

  Image Entry point : 0x08084189

  Load Region LR_IROM1 (Base: 0x08084000, Size: 0x0001770c, Max: 0x00078000, ABSOLUTE, COMPRESSED[0x000175f0])

    Execution Region ER_IROM1 (Exec base: 0x08084000, Load base: 0x08084000, Size: 0x000174fc, Max: 0x00078000, ABSOLUTE)

    Exec Addr    Load Addr    Size         Type   Attr      Idx    E Section Name        Object

    0x08084000   0x08084000   0x00000188   Data   RO            3    RESET               startup_stm32f405xx.o
    0x08084188   0x08084188   0x00000000   Code   RO         8039  * .ARM.Collect$$$$00000000  mc_w.l(entry.o)
    0x08084188   0x08084188   0x00000004   Code   RO         8335    .ARM.Collect$$$$00000001  mc_w.l(entry2.o)
    0x0808418c   0x0808418c   0x00000004   Code   RO         8338    .ARM.Collect$$$$00000004  mc_w.l(entry5.o)
    0x08084190   0x08084190   0x00000000   Code   RO         8340    .ARM.Collect$$$$00000008  mc_w.l(entry7b.o)
    0x08084190   0x08084190   0x00000000   Code   RO         8342    .ARM.Collect$$$$0000000A  mc_w.l(entry8b.o)
    0x08084190   0x08084190   0x00000008   Code   RO         8343    .ARM.Collect$$$$0000000B  mc_w.l(entry9a.o)
    0x08084198   0x08084198   0x00000004   Code   RO         8350    .ARM.Collect$$$$0000000E  mc_w.l(entry12b.o)
    0x0808419c   0x0808419c   0x00000000   Code   RO         8345    .ARM.Collect$$$$0000000F  mc_w.l(entry10a.o)
    0x0808419c   0x0808419c   0x00000000   Code   RO         8347    .ARM.Collect$$$$00000011  mc_w.l(entry11a.o)
    0x0808419c   0x0808419c   0x00000004   Code   RO         8336    .ARM.Collect$$$$00002712  mc_w.l(entry2.o)
    0x080841a0   0x080841a0   0x000000be   Code   RO         5236    .emb_text           port.o
    0x0808425e   0x0808425e   0x00000002   PAD
    0x08084260   0x08084260   0x00000024   Code   RO            4    .text               startup_stm32f405xx.o
    0x08084284   0x08084284   0x00000062   Code   RO         8042    .text               mc_w.l(uldiv.o)
    0x080842e6   0x080842e6   0x00000024   Code   RO         8044    .text               mc_w.l(memcpya.o)
    0x0808430a   0x0808430a   0x00000024   Code   RO         8048    .text               mc_w.l(memseta.o)
    0x0808432e   0x0808432e   0x00000024   Code   RO         8050    .text               mc_w.l(strstr.o)
    0x08084352   0x08084352   0x00000018   Code   RO         8052    .text               mc_w.l(strncpy.o)
    0x0808436a   0x0808436a   0x00000014   Code   RO         8054    .text               mc_w.l(strchr.o)
    0x0808437e   0x0808437e   0x0000000e   Code   RO         8056    .text               mc_w.l(strlen.o)
    0x0808438c   0x0808438c   0x0000001c   Code   RO         8058    .text               mc_w.l(strcmp.o)
    0x080843a8   0x080843a8   0x00000012   Code   RO         8062    .text               mc_w.l(strcpy.o)
    0x080843ba   0x080843ba   0x0000001e   Code   RO         8064    .text               mc_w.l(strncmp.o)
    0x080843d8   0x080843d8   0x00000038   Code   RO         8329    .text               mc_w.l(__0sscanf.o)
    0x08084410   0x08084410   0x0000014c   Code   RO         8331    .text               mc_w.l(_scanf_int.o)
    0x0808455c   0x0808455c   0x00000072   Code   RO         8333    .text               mc_w.l(strtoul.o)
    0x080845ce   0x080845ce   0x0000002c   Code   RO         8354    .text               mc_w.l(uidiv.o)
    0x080845fa   0x080845fa   0x0000001e   Code   RO         8356    .text               mc_w.l(llshl.o)
    0x08084618   0x08084618   0x00000020   Code   RO         8358    .text               mc_w.l(llushr.o)
    0x08084638   0x08084638   0x00000008   Code   RO         8360    .text               mc_w.l(ctype_o.o)
    0x08084640   0x08084640   0x00000012   Code   RO         8382    .text               mc_w.l(isspace_o.o)
    0x08084652   0x08084652   0x0000001c   Code   RO         8395    .text               mc_w.l(_chval.o)
    0x0808466e   0x0808466e   0x00000002   PAD
    0x08084670   0x08084670   0x00000028   Code   RO         8397    .text               mc_w.l(scanf_char.o)
    0x08084698   0x08084698   0x00000040   Code   RO         8399    .text               mc_w.l(_sgetc.o)
    0x080846d8   0x080846d8   0x0000009e   Code   RO         8401    .text               mc_w.l(_strtoul.o)
    0x08084776   0x08084776   0x00000000   Code   RO         8403    .text               mc_w.l(iusefp.o)
    0x08084776   0x08084776   0x0000014e   Code   RO         8404    .text               mf_w.l(dadd.o)
    0x080848c4   0x080848c4   0x000000e4   Code   RO         8406    .text               mf_w.l(dmul.o)
    0x080849a8   0x080849a8   0x000000de   Code   RO         8408    .text               mf_w.l(ddiv.o)
    0x08084a86   0x08084a86   0x00000030   Code   RO         8410    .text               mf_w.l(dfixul.o)
    0x08084ab6   0x08084ab6   0x00000002   PAD
    0x08084ab8   0x08084ab8   0x00000030   Code   RO         8412    .text               mf_w.l(cdrcmple.o)
    0x08084ae8   0x08084ae8   0x00000024   Code   RO         8414    .text               mc_w.l(init.o)
    0x08084b0c   0x08084b0c   0x00000024   Code   RO         8417    .text               mc_w.l(llsshr.o)
    0x08084b30   0x08084b30   0x00000330   Code   RO         8421    .text               mc_w.l(_scanf.o)
    0x08084e60   0x08084e60   0x000000ba   Code   RO         8424    .text               mf_w.l(depilogue.o)
    0x08084f1a   0x08084f1a   0x00000056   Code   RO         8437    .text               mc_w.l(__dczerorl2.o)
    0x08084f70   0x08084f70   0x00000160   Code   RO          689    i.ADC_Init          stm32f4xx_hal_adc.o
    0x080850d0   0x080850d0   0x00000004   Code   RO          541    i.BusFault_Handler  stm32f4xx_it.o
    0x080850d4   0x080850d4   0x00000038   Code   RO         7558    i.CLI_RegisterCommands  cli_commands.o
    0x0808510c   0x0808510c   0x000000e0   Code   RO         6128    i.DHCP_init         dhcp.o
    0x080851ec   0x080851ec   0x000001d8   Code   RO         6129    i.DHCP_run          dhcp.o
    0x080853c4   0x080853c4   0x0000001c   Code   RO         6130    i.DHCP_stop         dhcp.o
    0x080853e0   0x080853e0   0x00000010   Code   RO         6131    i.DHCP_time_handler  dhcp.o
    0x080853f0   0x080853f0   0x00000020   Code   RO         6347    i.DNS_init          dns.o
    0x08085410   0x08085410   0x000000d8   Code   RO         6348    i.DNS_run           dns.o
    0x080854e8   0x080854e8   0x00000002   Code   RO          542    i.DebugMon_Handler  stm32f4xx_it.o
    0x080854ea   0x080854ea   0x00000006   Code   RO           13    i.Error_Handler     main.o
    0x080854f0   0x080854f0   0x0000005c   Code   RO         1238    i.FLASH_Erase_Sector  stm32f4xx_hal_flash_ex.o
    0x0808554c   0x0808554c   0x00000078   Code   RO         1239    i.FLASH_FlushCaches  stm32f4xx_hal_flash_ex.o
    0x080855c4   0x080855c4   0x00000030   Code   RO         1240    i.FLASH_MassErase   stm32f4xx_hal_flash_ex.o
    0x080855f4   0x080855f4   0x00000024   Code   RO         1120    i.FLASH_Program_Byte  stm32f4xx_hal_flash.o
    0x08085618   0x08085618   0x00000030   Code   RO         1121    i.FLASH_Program_DoubleWord  stm32f4xx_hal_flash.o
    0x08085648   0x08085648   0x00000028   Code   RO         1122    i.FLASH_Program_HalfWord  stm32f4xx_hal_flash.o
    0x08085670   0x08085670   0x00000028   Code   RO         1123    i.FLASH_Program_Word  stm32f4xx_hal_flash.o
    0x08085698   0x08085698   0x00000098   Code   RO         1124    i.FLASH_SetErrorCode  stm32f4xx_hal_flash.o
    0x08085730   0x08085730   0x00000064   Code   RO         1125    i.FLASH_WaitForLastOperation  stm32f4xx_hal_flash.o
    0x08085794   0x08085794   0x000000d8   Code   RO         7450    i.FreeRTOS_CLIProcessCommand  freertos_cli.o
    0x0808586c   0x0808586c   0x0000005e   Code   RO         7451    i.FreeRTOS_CLIRegisterCommand  freertos_cli.o
    0x080858ca   0x080858ca   0x00000002   PAD
    0x080858cc   0x080858cc   0x0000018c   Code   RO          691    i.HAL_ADC_ConfigChannel  stm32f4xx_hal_adc.o
    0x08085a58   0x08085a58   0x00000068   Code   RO          700    i.HAL_ADC_Init      stm32f4xx_hal_adc.o
    0x08085ac0   0x08085ac0   0x00000080   Code   RO          397    i.HAL_ADC_MspInit   adc.o
    0x08085b40   0x08085b40   0x000000ac   Code   RO         1471    i.HAL_DMA_Abort     stm32f4xx_hal_dma.o
    0x08085bec   0x08085bec   0x00000028   Code   RO         1472    i.HAL_DMA_Abort_IT  stm32f4xx_hal_dma.o
    0x08085c14   0x08085c14   0x00000028   Code   RO         1913    i.HAL_Delay         stm32f4xx_hal.o
    0x08085c3c   0x08085c3c   0x000000ac   Code   RO         1250    i.HAL_FLASHEx_Erase  stm32f4xx_hal_flash_ex.o
    0x08085ce8   0x08085ce8   0x00000014   Code   RO         1129    i.HAL_FLASH_Lock    stm32f4xx_hal_flash.o
    0x08085cfc   0x08085cfc   0x00000090   Code   RO         1134    i.HAL_FLASH_Program  stm32f4xx_hal_flash.o
    0x08085d8c   0x08085d8c   0x00000034   Code   RO         1136    i.HAL_FLASH_Unlock  stm32f4xx_hal_flash.o
    0x08085dc0   0x08085dc0   0x000001f4   Code   RO         1364    i.HAL_GPIO_Init     stm32f4xx_hal_gpio.o
    0x08085fb4   0x08085fb4   0x0000000c   Code   RO         1368    i.HAL_GPIO_WritePin  stm32f4xx_hal_gpio.o
    0x08085fc0   0x08085fc0   0x0000000c   Code   RO         1919    i.HAL_GetTick       stm32f4xx_hal.o
    0x08085fcc   0x08085fcc   0x00000062   Code   RO         3843    i.HAL_IWDG_Init     stm32f4xx_hal_iwdg.o
    0x0808602e   0x0808602e   0x0000000e   Code   RO         3844    i.HAL_IWDG_Refresh  stm32f4xx_hal_iwdg.o
    0x0808603c   0x0808603c   0x00000018   Code   RO         1925    i.HAL_IncTick       stm32f4xx_hal.o
    0x08086054   0x08086054   0x0000003c   Code   RO         1926    i.HAL_Init          stm32f4xx_hal.o
    0x08086090   0x08086090   0x000000a0   Code   RO          647    i.HAL_InitTick      stm32f4xx_hal_timebase_tim.o
    0x08086130   0x08086130   0x00000054   Code   RO          623    i.HAL_MspInit       stm32f4xx_hal_msp.o
    0x08086184   0x08086184   0x00000028   Code   RO         1756    i.HAL_NVIC_EnableIRQ  stm32f4xx_hal_cortex.o
    0x080861ac   0x080861ac   0x0000007c   Code   RO         1762    i.HAL_NVIC_SetPriority  stm32f4xx_hal_cortex.o
    0x08086228   0x08086228   0x00000028   Code   RO         1763    i.HAL_NVIC_SetPriorityGrouping  stm32f4xx_hal_cortex.o
    0x08086250   0x08086250   0x0000002c   Code   RO         1764    i.HAL_NVIC_SystemReset  stm32f4xx_hal_cortex.o
    0x0808627c   0x0808627c   0x00000184   Code   RO          965    i.HAL_RCC_ClockConfig  stm32f4xx_hal_rcc.o
    0x08086400   0x08086400   0x00000044   Code   RO          969    i.HAL_RCC_GetClockConfig  stm32f4xx_hal_rcc.o
    0x08086444   0x08086444   0x0000000c   Code   RO          970    i.HAL_RCC_GetHCLKFreq  stm32f4xx_hal_rcc.o
    0x08086450   0x08086450   0x00000020   Code   RO          972    i.HAL_RCC_GetPCLK1Freq  stm32f4xx_hal_rcc.o
    0x08086470   0x08086470   0x00000020   Code   RO          973    i.HAL_RCC_GetPCLK2Freq  stm32f4xx_hal_rcc.o
    0x08086490   0x08086490   0x000000b0   Code   RO          974    i.HAL_RCC_GetSysClockFreq  stm32f4xx_hal_rcc.o
    0x08086540   0x08086540   0x0000049c   Code   RO          977    i.HAL_RCC_OscConfig  stm32f4xx_hal_rcc.o
    0x080869dc   0x080869dc   0x000000c8   Code   RO         2175    i.HAL_SPI_Init      stm32f4xx_hal_spi.o
    0x08086aa4   0x08086aa4   0x00000088   Code   RO          439    i.HAL_SPI_MspInit   spi.o
    0x08086b2c   0x08086b2c   0x000001be   Code   RO         2183    i.HAL_SPI_Transmit  stm32f4xx_hal_spi.o
    0x08086cea   0x08086cea   0x00000248   Code   RO         2184    i.HAL_SPI_TransmitReceive  stm32f4xx_hal_spi.o
    0x08086f32   0x08086f32   0x00000002   Code   RO         3203    i.HAL_TIMEx_BreakCallback  stm32f4xx_hal_tim_ex.o
    0x08086f34   0x08086f34   0x00000002   Code   RO         3204    i.HAL_TIMEx_CommutCallback  stm32f4xx_hal_tim_ex.o
    0x08086f36   0x08086f36   0x00000002   PAD
    0x08086f38   0x08086f38   0x000000b4   Code   RO         3222    i.HAL_TIMEx_MasterConfigSynchronization  stm32f4xx_hal_tim_ex.o
    0x08086fec   0x08086fec   0x00000066   Code   RO         2488    i.HAL_TIM_Base_Init  stm32f4xx_hal_tim.o
    0x08087052   0x08087052   0x00000002   Code   RO         2490    i.HAL_TIM_Base_MspInit  stm32f4xx_hal_tim.o
    0x08087054   0x08087054   0x000000a8   Code   RO         2493    i.HAL_TIM_Base_Start_IT  stm32f4xx_hal_tim.o
    0x080870fc   0x080870fc   0x0000010c   Code   RO         2497    i.HAL_TIM_ConfigClockSource  stm32f4xx_hal_tim.o
    0x08087208   0x08087208   0x00000002   Code   RO         2522    i.HAL_TIM_IC_CaptureCallback  stm32f4xx_hal_tim.o
    0x0808720a   0x0808720a   0x0000016c   Code   RO         2536    i.HAL_TIM_IRQHandler  stm32f4xx_hal_tim.o
    0x08087376   0x08087376   0x00000002   Code   RO         2539    i.HAL_TIM_OC_DelayElapsedCallback  stm32f4xx_hal_tim.o
    0x08087378   0x08087378   0x00000002   Code   RO         2566    i.HAL_TIM_PWM_PulseFinishedCallback  stm32f4xx_hal_tim.o
    0x0808737a   0x0808737a   0x00000002   PAD
    0x0808737c   0x0808737c   0x0000002c   Code   RO           14    i.HAL_TIM_PeriodElapsedCallback  main.o
    0x080873a8   0x080873a8   0x00000002   Code   RO         2579    i.HAL_TIM_TriggerCallback  stm32f4xx_hal_tim.o
    0x080873aa   0x080873aa   0x00000002   Code   RO         3482    i.HAL_UARTEx_RxEventCallback  stm32f4xx_hal_uart.o
    0x080873ac   0x080873ac   0x00000002   Code   RO         3496    i.HAL_UART_ErrorCallback  stm32f4xx_hal_uart.o
    0x080873ae   0x080873ae   0x00000002   PAD
    0x080873b0   0x080873b0   0x00000308   Code   RO         3499    i.HAL_UART_IRQHandler  stm32f4xx_hal_uart.o
    0x080876b8   0x080876b8   0x00000076   Code   RO         3500    i.HAL_UART_Init     stm32f4xx_hal_uart.o
    0x0808772e   0x0808772e   0x00000002   PAD
    0x08087730   0x08087730   0x0000011c   Code   RO          481    i.HAL_UART_MspInit  usart.o
    0x0808784c   0x0808784c   0x000000c2   Code   RO         3503    i.HAL_UART_Receive  stm32f4xx_hal_uart.o
    0x0808790e   0x0808790e   0x00000002   Code   RO         3506    i.HAL_UART_RxCpltCallback  stm32f4xx_hal_uart.o
    0x08087910   0x08087910   0x000000be   Code   RO         3508    i.HAL_UART_Transmit  stm32f4xx_hal_uart.o
    0x080879ce   0x080879ce   0x00000002   Code   RO         3511    i.HAL_UART_TxCpltCallback  stm32f4xx_hal_uart.o
    0x080879d0   0x080879d0   0x00000004   Code   RO          543    i.HardFault_Handler  stm32f4xx_it.o
    0x080879d4   0x080879d4   0x0000001a   Code   RO         6577    i.MQTTCleanSession  mqttclient.o
    0x080879ee   0x080879ee   0x0000005e   Code   RO         6578    i.MQTTClientInit    mqttclient.o
    0x08087a4c   0x08087a4c   0x00000016   Code   RO         6579    i.MQTTCloseSession  mqttclient.o
    0x08087a62   0x08087a62   0x00000012   Code   RO         6580    i.MQTTConnect       mqttclient.o
    0x08087a74   0x08087a74   0x000000b4   Code   RO         6581    i.MQTTConnectWithResults  mqttclient.o
    0x08087b28   0x08087b28   0x0000006c   Code   RO         6771    i.MQTTDeserialize_ack  mqttdeserializepublish.o
    0x08087b94   0x08087b94   0x00000076   Code   RO         6729    i.MQTTDeserialize_connack  mqttconnectclient.o
    0x08087c0a   0x08087c0a   0x000000a8   Code   RO         6772    i.MQTTDeserialize_publish  mqttdeserializepublish.o
    0x08087cb2   0x08087cb2   0x00000092   Code   RO         7004    i.MQTTDeserialize_suback  mqttsubscribeclient.o
    0x08087d44   0x08087d44   0x0000003c   Code   RO         6582    i.MQTTDisconnect    mqttclient.o
    0x08087d80   0x08087d80   0x00000058   Code   RO         6847    i.MQTTPacket_decode  mqttpacket.o
    0x08087dd8   0x08087dd8   0x0000001c   Code   RO         6848    i.MQTTPacket_decodeBuf  mqttpacket.o
    0x08087df4   0x08087df4   0x00000036   Code   RO         6850    i.MQTTPacket_encode  mqttpacket.o
    0x08087e2a   0x08087e2a   0x00000042   Code   RO         6851    i.MQTTPacket_equals  mqttpacket.o
    0x08087e6c   0x08087e6c   0x00000028   Code   RO         6852    i.MQTTPacket_len    mqttpacket.o
    0x08087e94   0x08087e94   0x000000fc   Code   RO         6584    i.MQTTPublish       mqttclient.o
    0x08087f90   0x08087f90   0x00000072   Code   RO         6962    i.MQTTSerialize_ack  mqttserializepublish.o
    0x08088002   0x08088002   0x00000002   PAD
    0x08088004   0x08088004   0x00000168   Code   RO         6730    i.MQTTSerialize_connect  mqttconnectclient.o
    0x0808816c   0x0808816c   0x00000076   Code   RO         6731    i.MQTTSerialize_connectLength  mqttconnectclient.o
    0x080881e2   0x080881e2   0x00000012   Code   RO         6732    i.MQTTSerialize_disconnect  mqttconnectclient.o
    0x080881f4   0x080881f4   0x00000012   Code   RO         6733    i.MQTTSerialize_pingreq  mqttconnectclient.o
    0x08088206   0x08088206   0x000000b0   Code   RO         6965    i.MQTTSerialize_publish  mqttserializepublish.o
    0x080882b6   0x080882b6   0x00000022   Code   RO         6966    i.MQTTSerialize_publishLength  mqttserializepublish.o
    0x080882d8   0x080882d8   0x000000b0   Code   RO         7005    i.MQTTSerialize_subscribe  mqttsubscribeclient.o
    0x08088388   0x08088388   0x0000002e   Code   RO         7006    i.MQTTSerialize_subscribeLength  mqttsubscribeclient.o
    0x080883b6   0x080883b6   0x0000004c   Code   RO         6734    i.MQTTSerialize_zero  mqttconnectclient.o
    0x08088402   0x08088402   0x0000008a   Code   RO         6586    i.MQTTSetMessageHandler  mqttclient.o
    0x0808848c   0x0808848c   0x00000020   Code   RO         6587    i.MQTTSubscribe     mqttclient.o
    0x080884ac   0x080884ac   0x000000cc   Code   RO         6588    i.MQTTSubscribeWithResults  mqttclient.o
    0x08088578   0x08088578   0x0000003a   Code   RO         6590    i.MQTTYield         mqttclient.o
    0x080885b2   0x080885b2   0x00000018   Code   RO         6855    i.MQTTstrlen        mqttpacket.o
    0x080885ca   0x080885ca   0x00000002   PAD
    0x080885cc   0x080885cc   0x00000070   Code   RO          398    i.MX_ADC1_Init      adc.o
    0x0808863c   0x0808863c   0x00000200   Code   RO          321    i.MX_FREERTOS_Init  freertos.o
    0x0808883c   0x0808883c   0x000000d8   Code   RO          297    i.MX_GPIO_Init      gpio.o
    0x08088914   0x08088914   0x00000044   Code   RO          440    i.MX_SPI1_Init      spi.o
    0x08088958   0x08088958   0x0000009c   Code   RO           15    i.MX_TIM2_Init      main.o
    0x080889f4   0x080889f4   0x00000038   Code   RO          482    i.MX_UART4_Init     usart.o
    0x08088a2c   0x08088a2c   0x00000038   Code   RO          483    i.MX_USART3_UART_Init  usart.o
    0x08088a64   0x08088a64   0x00000004   Code   RO          544    i.MemManage_Handler  stm32f4xx_it.o
    0x08088a68   0x08088a68   0x00000004   Code   RO          545    i.NMI_Handler       stm32f4xx_it.o
    0x08088a6c   0x08088a6c   0x0000001c   Code   RO         6507    i.NetworkInit       mqtt_port.o
    0x08088a88   0x08088a88   0x00000006   Code   RO         6591    i.NewMessageData    mqttclient.o
    0x08088a8e   0x08088a8e   0x0000001a   Code   RO         6132    i.NibbleToHex       dhcp.o
    0x08088aa8   0x08088aa8   0x00000088   Code   RO         2213    i.SPI_EndRxTxTransaction  stm32f4xx_hal_spi.o
    0x08088b30   0x08088b30   0x000000d8   Code   RO         2218    i.SPI_WaitFlagStateUntilTimeout  stm32f4xx_hal_spi.o
    0x08088c08   0x08088c08   0x00000244   Code   RO         7513    i.StartCLITask      cli_task.o
    0x08088e4c   0x08088e4c   0x0000023c   Code   RO         7343    i.StartExceptionTask  mqtt_exception.o
    0x08089088   0x08089088   0x000000a4   Code   RO         7150    i.StartMQTTRxTask   mqtt_task.o
    0x0808912c   0x0808912c   0x00000154   Code   RO         7151    i.StartMQTTTxTask   mqtt_task.o
    0x08089280   0x08089280   0x00002018   Code   RO         7152    i.StartNetworkTask  mqtt_task.o
    0x0808b298   0x0808b298   0x000000f8   Code   RO         7277    i.StartTimerTask    timer_task.o
    0x0808b390   0x0808b390   0x00000034   Code   RO         5237    i.SysTick_Handler   port.o
    0x0808b3c4   0x0808b3c4   0x000000b4   Code   RO           16    i.SystemClock_Config  main.o
    0x0808b478   0x0808b478   0x00000020   Code   RO         3874    i.SystemInit        system_stm32f4xx.o
    0x0808b498   0x0808b498   0x00000010   Code   RO          546    i.TIM1_UP_TIM10_IRQHandler  stm32f4xx_it.o
    0x0808b4a8   0x0808b4a8   0x00000010   Code   RO          547    i.TIM2_IRQHandler   stm32f4xx_it.o
    0x0808b4b8   0x0808b4b8   0x000000e0   Code   RO         2581    i.TIM_Base_SetConfig  stm32f4xx_hal_tim.o
    0x0808b598   0x0808b598   0x00000016   Code   RO         2592    i.TIM_ETR_SetConfig  stm32f4xx_hal_tim.o
    0x0808b5ae   0x0808b5ae   0x00000012   Code   RO         2593    i.TIM_ITRx_SetConfig  stm32f4xx_hal_tim.o
    0x0808b5c0   0x0808b5c0   0x00000026   Code   RO         2599    i.TIM_TI1_ConfigInputStage  stm32f4xx_hal_tim.o
    0x0808b5e6   0x0808b5e6   0x00000028   Code   RO         2601    i.TIM_TI2_ConfigInputStage  stm32f4xx_hal_tim.o
    0x0808b60e   0x0808b60e   0x00000016   Code   RO         6508    i.TimerCountdown    mqtt_port.o
    0x0808b624   0x0808b624   0x00000010   Code   RO         6509    i.TimerCountdownMS  mqtt_port.o
    0x0808b634   0x0808b634   0x00000010   Code   RO         6510    i.TimerInit         mqtt_port.o
    0x0808b644   0x0808b644   0x0000001a   Code   RO         6511    i.TimerIsExpired    mqtt_port.o
    0x0808b65e   0x0808b65e   0x0000001c   Code   RO         6512    i.TimerLeftMS       mqtt_port.o
    0x0808b67a   0x0808b67a   0x00000002   PAD
    0x0808b67c   0x0808b67c   0x00000010   Code   RO          548    i.UART4_IRQHandler  stm32f4xx_it.o
    0x0808b68c   0x0808b68c   0x00000012   Code   RO         3513    i.UART_DMAAbortOnError  stm32f4xx_hal_uart.o
    0x0808b69e   0x0808b69e   0x0000006c   Code   RO         3523    i.UART_EndRxTransfer  stm32f4xx_hal_uart.o
    0x0808b70a   0x0808b70a   0x00000020   Code   RO         3524    i.UART_EndTransmit_IT  stm32f4xx_hal_uart.o
    0x0808b72a   0x0808b72a   0x000000fc   Code   RO         3526    i.UART_Receive_IT   stm32f4xx_hal_uart.o
    0x0808b826   0x0808b826   0x00000002   PAD
    0x0808b828   0x0808b828   0x0000022c   Code   RO         3527    i.UART_SetConfig    stm32f4xx_hal_uart.o
    0x0808ba54   0x0808ba54   0x00000060   Code   RO         3530    i.UART_Transmit_IT  stm32f4xx_hal_uart.o
    0x0808bab4   0x0808bab4   0x0000008c   Code   RO         3531    i.UART_WaitOnFlagUntilTimeout  stm32f4xx_hal_uart.o
    0x0808bb40   0x0808bb40   0x00000010   Code   RO          549    i.USART3_IRQHandler  stm32f4xx_it.o
    0x0808bb50   0x0808bb50   0x00000004   Code   RO          550    i.UsageFault_Handler  stm32f4xx_it.o
    0x0808bb54   0x0808bb54   0x00000074   Code   RO         5728    i.WIZCHIP_READ      w5500.o
    0x0808bbc8   0x0808bbc8   0x0000008c   Code   RO         5729    i.WIZCHIP_READ_BUF  w5500.o
    0x0808bc54   0x0808bc54   0x00000074   Code   RO         5730    i.WIZCHIP_WRITE     w5500.o
    0x0808bcc8   0x0808bcc8   0x00000088   Code   RO         5731    i.WIZCHIP_WRITE_BUF  w5500.o
    0x0808bd50   0x0808bd50   0x00000034   Code   RO         8302    i.__0snprintf       mc_w.l(printfa.o)
    0x0808bd84   0x0808bd84   0x00000034   Code   RO         8306    i.__0vsnprintf      mc_w.l(printfa.o)
    0x0808bdb8   0x0808bdb8   0x00000010   Code   RO         1769    i.__NVIC_GetPriorityGrouping  stm32f4xx_hal_cortex.o
    0x0808bdc8   0x0808bdc8   0x00000028   Code   RO         1770    i.__NVIC_SetPriority  stm32f4xx_hal_cortex.o
    0x0808bdf0   0x0808bdf0   0x00000008   Code   RO         8388    i.__aeabi_errno_addr  mc_w.l(errno.o)
    0x0808bdf8   0x0808bdf8   0x0000000e   Code   RO         8431    i.__scatterload_copy  mc_w.l(handlers.o)
    0x0808be06   0x0808be06   0x00000002   Code   RO         8432    i.__scatterload_null  mc_w.l(handlers.o)
    0x0808be08   0x0808be08   0x0000000e   Code   RO         8433    i.__scatterload_zeroinit  mc_w.l(handlers.o)
    0x0808be16   0x0808be16   0x00000002   PAD
    0x0808be18   0x0808be18   0x00000184   Code   RO         8308    i._fp_digits        mc_w.l(printfa.o)
    0x0808bf9c   0x0808bf9c   0x000006b4   Code   RO         8309    i._printf_core      mc_w.l(printfa.o)
    0x0808c650   0x0808c650   0x00000024   Code   RO         8310    i._printf_post_padding  mc_w.l(printfa.o)
    0x0808c674   0x0808c674   0x0000002e   Code   RO         8311    i._printf_pre_padding  mc_w.l(printfa.o)
    0x0808c6a2   0x0808c6a2   0x00000016   Code   RO         8312    i._snputc           mc_w.l(printfa.o)
    0x0808c6b8   0x0808c6b8   0x00000104   Code   RO         7733    i.base64_decode     ota_client.o
    0x0808c7bc   0x0808c7bc   0x00000028   Code   RO         6856    i.bufchar           mqttpacket.o
    0x0808c7e4   0x0808c7e4   0x00000078   Code   RO         6133    i.check_DHCP_leasedIP  dhcp.o
    0x0808c85c   0x0808c85c   0x000000ac   Code   RO         6134    i.check_DHCP_timeout  dhcp.o
    0x0808c908   0x0808c908   0x0000003c   Code   RO         6350    i.check_DNS_timeout  dns.o
    0x0808c944   0x0808c944   0x000000e0   Code   RO         7514    i.cli_task_create   cli_task.o
    0x0808ca24   0x0808ca24   0x000000a0   Code   RO         5613    i.close             socket.o
    0x0808cac4   0x0808cac4   0x00000198   Code   RO         5614    i.connect_IO_6      socket.o
    0x0808cc5c   0x0808cc5c   0x00000016   Code   RO         5615    i.connect_W5x00     socket.o
    0x0808cc72   0x0808cc72   0x00000002   PAD
    0x0808cc74   0x0808cc74   0x000000d0   Code   RO         7344    i.crc32_self_test   mqtt_exception.o
    0x0808cd44   0x0808cd44   0x00000050   Code   RO         5864    i.ctlnetwork        wizchip_conf.o
    0x0808cd94   0x0808cd94   0x0000015c   Code   RO         6592    i.cycle             mqttclient.o
    0x0808cef0   0x0808cef0   0x0000006a   Code   RO         6593    i.decodePacket      mqttclient.o
    0x0808cf5a   0x0808cf5a   0x00000002   PAD
    0x0808cf5c   0x0808cf5c   0x00000034   Code   RO         6135    i.default_ip_assign  dhcp.o
    0x0808cf90   0x0808cf90   0x00000024   Code   RO         6136    i.default_ip_conflict  dhcp.o
    0x0808cfb4   0x0808cfb4   0x00000028   Code   RO         6137    i.default_ip_update  dhcp.o
    0x0808cfdc   0x0808cfdc   0x0000008c   Code   RO         6594    i.deliverMessage    mqttclient.o
    0x0808d068   0x0808d068   0x00000044   Code   RO         7345    i.determine_recovery_strategy  mqtt_exception.o
    0x0808d0ac   0x0808d0ac   0x00000250   Code   RO         7153    i.dhcp_ip_assign_callback  mqtt_task.o
    0x0808d2fc   0x0808d2fc   0x00000070   Code   RO         7154    i.dhcp_ip_conflict_callback  mqtt_task.o
    0x0808d36c   0x0808d36c   0x0000011c   Code   RO         7155    i.dhcp_ip_update_callback  mqtt_task.o
    0x0808d488   0x0808d488   0x00000018   Code   RO         7156    i.dhcp_timer_handler  mqtt_task.o
    0x0808d4a0   0x0808d4a0   0x00000100   Code   RO         6351    i.dns_answer        dns.o
    0x0808d5a0   0x0808d5a0   0x000000e0   Code   RO         6352    i.dns_makequery     dns.o
    0x0808d680   0x0808d680   0x0000002a   Code   RO         6353    i.dns_question      dns.o
    0x0808d6aa   0x0808d6aa   0x00000002   PAD
    0x0808d6ac   0x0808d6ac   0x00000094   Code   RO         4432    i.eTaskGetState     tasks.o
    0x0808d740   0x0808d740   0x00000414   Code   RO         7346    i.execute_recovery  mqtt_exception.o
    0x0808db54   0x0808db54   0x0000005c   Code   RO         7347    i.feed_watchdog_safely  mqtt_exception.o
    0x0808dbb0   0x0808dbb0   0x000000c4   Code   RO         7619    i.flash_calc_crc32  flash_driver.o
    0x0808dc74   0x0808dc74   0x000001b4   Code   RO         7620    i.flash_dump        flash_driver.o
    0x0808de28   0x0808de28   0x00000090   Code   RO         7621    i.flash_erase_range  flash_driver.o
    0x0808deb8   0x0808deb8   0x00000016   Code   RO         7624    i.flash_is_valid_addr  flash_driver.o
    0x0808dece   0x0808dece   0x00000012   Code   RO         7625    i.flash_lock        flash_driver.o
    0x0808dee0   0x0808dee0   0x0000001c   Code   RO         7626    i.flash_read        flash_driver.o
    0x0808defc   0x0808defc   0x00000022   Code   RO         7627    i.flash_unlock      flash_driver.o
    0x0808df1e   0x0808df1e   0x00000002   PAD
    0x0808df20   0x0808df20   0x000003a8   Code   RO         7628    i.flash_write       flash_driver.o
    0x0808e2c8   0x0808e2c8   0x00000010   Code   RO         7629    i.flash_write_byte  flash_driver.o
    0x0808e2d8   0x0808e2d8   0x0000003a   Code   RO         7630    i.flash_write_halfword  flash_driver.o
    0x0808e312   0x0808e312   0x0000003a   Code   RO         7631    i.flash_write_word  flash_driver.o
    0x0808e34c   0x0808e34c   0x00000010   Code   RO         6354    i.get16             dns.o
    0x0808e35c   0x0808e35c   0x00000020   Code   RO         6139    i.getDNSfromDHCP    dhcp.o
    0x0808e37c   0x0808e37c   0x00000020   Code   RO         6140    i.getGWfromDHCP     dhcp.o
    0x0808e39c   0x0808e39c   0x00000020   Code   RO         6141    i.getIPfromDHCP     dhcp.o
    0x0808e3bc   0x0808e3bc   0x00000018   Code   RO         6595    i.getNextPacketId   mqttclient.o
    0x0808e3d4   0x0808e3d4   0x00000020   Code   RO         6142    i.getSNfromDHCP     dhcp.o
    0x0808e3f4   0x0808e3f4   0x0000006c   Code   RO         5732    i.getSn_RX_RSR      w5500.o
    0x0808e460   0x0808e460   0x0000006c   Code   RO         5733    i.getSn_TX_FSR      w5500.o
    0x0808e4cc   0x0808e4cc   0x00000080   Code   RO         7632    i.get_sector        flash_driver.o
    0x0808e54c   0x0808e54c   0x00000010   Code   RO         4800    i.inHandlerMode     cmsis_os.o
    0x0808e55c   0x0808e55c   0x00000076   Code   RO         6596    i.isTopicMatched    mqttclient.o
    0x0808e5d2   0x0808e5d2   0x00000062   Code   RO         6597    i.keepalive         mqttclient.o
    0x0808e634   0x0808e634   0x000003c0   Code   RO           17    i.main              main.o
    0x0808e9f4   0x0808e9f4   0x00000190   Code   RO         6143    i.makeDHCPMSG       dhcp.o
    0x0808eb84   0x0808eb84   0x0000000e   Code   RO         4802    i.makeFreeRtosPriority  cmsis_os.o
    0x0808eb92   0x0808eb92   0x00000002   PAD
    0x0808eb94   0x0808eb94   0x0000022c   Code   RO         6428    i.mqtt_client_connect  mqtt_client.o
    0x0808edc0   0x0808edc0   0x00000078   Code   RO         6429    i.mqtt_client_disconnect  mqtt_client.o
    0x0808ee38   0x0808ee38   0x00000038   Code   RO         6430    i.mqtt_client_init  mqtt_client.o
    0x0808ee70   0x0808ee70   0x00000014   Code   RO         6431    i.mqtt_client_loop  mqtt_client.o
    0x0808ee84   0x0808ee84   0x00000028   Code   RO         6432    i.mqtt_client_loop_nonblocking  mqtt_client.o
    0x0808eeac   0x0808eeac   0x0000017c   Code   RO         6433    i.mqtt_client_publish  mqtt_client.o
    0x0808f028   0x0808f028   0x00000148   Code   RO         6434    i.mqtt_client_subscribe  mqtt_client.o
    0x0808f170   0x0808f170   0x00000078   Code   RO         7348    i.mqtt_exception_clear  mqtt_exception.o
    0x0808f1e8   0x0808f1e8   0x00000090   Code   RO         7350    i.mqtt_exception_init  mqtt_exception.o
    0x0808f278   0x0808f278   0x0000012c   Code   RO         7351    i.mqtt_exception_report  mqtt_exception.o
    0x0808f3a4   0x0808f3a4   0x000000f8   Code   RO         7352    i.mqtt_exception_reset  mqtt_exception.o
    0x0808f49c   0x0808f49c   0x000000f4   Code   RO         7354    i.mqtt_exception_task_create  mqtt_exception.o
    0x0808f590   0x0808f590   0x0000000c   Code   RO         7157    i.mqtt_is_running   mqtt_task.o
    0x0808f59c   0x0808f59c   0x00000674   Code   RO         7158    i.mqtt_message_callback  mqtt_task.o
    0x0808fc10   0x0808fc10   0x0000000a   Code   RO         6513    i.mqtt_network_disconnect  mqtt_port.o
    0x0808fc1a   0x0808fc1a   0x0000005a   Code   RO         6514    i.mqtt_network_read  mqtt_port.o
    0x0808fc74   0x0808fc74   0x0000005a   Code   RO         6515    i.mqtt_network_write  mqtt_port.o
    0x0808fcce   0x0808fcce   0x00000002   PAD
    0x0808fcd0   0x0808fcd0   0x000002cc   Code   RO         7056    i.mqtt_queue_init   mqtt_queue.o
    0x0808ff9c   0x0808ff9c   0x00000054   Code   RO         7057    i.mqtt_rx_queue_get  mqtt_queue.o
    0x0808fff0   0x0808fff0   0x00000134   Code   RO         7058    i.mqtt_rx_queue_put  mqtt_queue.o
    0x08090124   0x08090124   0x00000314   Code   RO         7159    i.mqtt_task_create  mqtt_task.o
    0x08090438   0x08090438   0x0000000c   Code   RO         7160    i.mqtt_task_get_state  mqtt_task.o
    0x08090444   0x08090444   0x00000088   Code   RO         7161    i.mqtt_task_set_running  mqtt_task.o
    0x080904cc   0x080904cc   0x00000150   Code   RO         7162    i.mqtt_task_set_state  mqtt_task.o
    0x0809061c   0x0809061c   0x00000054   Code   RO         7061    i.mqtt_tx_queue_get  mqtt_queue.o
    0x08090670   0x08090670   0x00000130   Code   RO         7062    i.mqtt_tx_queue_put  mqtt_queue.o
    0x080907a0   0x080907a0   0x00000024   Code   RO         7063    i.msg_buf_alloc     mqtt_queue.o
    0x080907c4   0x080907c4   0x00000014   Code   RO         7064    i.msg_buf_free      mqtt_queue.o
    0x080907d8   0x080907d8   0x00000018   Code   RO         4804    i.osDelay           cmsis_os.o
    0x080907f0   0x080907f0   0x0000000a   Code   RO         4807    i.osKernelStart     cmsis_os.o
    0x080907fa   0x080907fa   0x00000028   Code   RO         4816    i.osMessageCreate   cmsis_os.o
    0x08090822   0x08090822   0x00000002   PAD
    0x08090824   0x08090824   0x0000009c   Code   RO         4818    i.osMessageGet      cmsis_os.o
    0x080908c0   0x080908c0   0x00000060   Code   RO         4820    i.osMessagePut      cmsis_os.o
    0x08090920   0x08090920   0x0000005e   Code   RO         4841    i.osThreadCreate    cmsis_os.o
    0x0809097e   0x0809097e   0x00000002   PAD
    0x08090980   0x08090980   0x00000094   Code   RO         7734    i.ota_cancel_upgrade  ota_client.o
    0x08090a14   0x08090a14   0x0000011c   Code   RO         7735    i.ota_check_version  ota_client.o
    0x08090b30   0x08090b30   0x000002b8   Code   RO         7736    i.ota_client_init   ota_client.o
    0x08090de8   0x08090de8   0x000002ac   Code   RO         7737    i.ota_client_task   ota_client.o
    0x08091094   0x08091094   0x00000054   Code   RO         7065    i.ota_cmd_queue_get  mqtt_queue.o
    0x080910e8   0x080910e8   0x00000194   Code   RO         7066    i.ota_cmd_queue_put  mqtt_queue.o
    0x0809127c   0x0809127c   0x000002bc   Code   RO         7738    i.ota_download_firmware  ota_client.o
    0x08091538   0x08091538   0x00000044   Code   RO         7933    i.ota_params_get_default  ota_params.o
    0x0809157c   0x0809157c   0x000002e4   Code   RO         7938    i.ota_params_read   ota_params.o
    0x08091860   0x08091860   0x0000001c   Code   RO         7944    i.ota_params_validate  ota_params.o
    0x0809187c   0x0809187c   0x000000ac   Code   RO         7945    i.ota_params_write  ota_params.o
    0x08091928   0x08091928   0x000009f0   Code   RO         7740    i.ota_parse_command  ota_client.o
    0x08092318   0x08092318   0x00001008   Code   RO         7741    i.ota_receive_data_chunk  ota_client.o
    0x08093320   0x08093320   0x000001dc   Code   RO         7742    i.ota_report_status  ota_client.o
    0x080934fc   0x080934fc   0x0000016c   Code   RO         7743    i.ota_send_ack      ota_client.o
    0x08093668   0x08093668   0x000003e8   Code   RO         7745    i.ota_start_upgrade  ota_client.o
    0x08093a50   0x08093a50   0x0000018c   Code   RO         7746    i.ota_task_create   ota_client.o
    0x08093bdc   0x08093bdc   0x00000428   Code   RO         7747    i.ota_trigger_upgrade  ota_client.o
    0x08094004   0x08094004   0x00000480   Code   RO         7748    i.ota_verify_firmware  ota_client.o
    0x08094484   0x08094484   0x0000060c   Code   RO         7749    i.ota_write_firmware_chunk  ota_client.o
    0x08094a90   0x08094a90   0x00000284   Code   RO         6144    i.parseDHCPMSG      dhcp.o
    0x08094d14   0x08094d14   0x000000fe   Code   RO         6355    i.parseDNSMSG       dns.o
    0x08094e12   0x08094e12   0x00000002   PAD
    0x08094e14   0x08094e14   0x00000138   Code   RO         7750    i.parse_json_number  ota_client.o
    0x08094f4c   0x08094f4c   0x0000023c   Code   RO         7751    i.parse_json_string  ota_client.o
    0x08095188   0x08095188   0x00000096   Code   RO         6356    i.parse_name        dns.o
    0x0809521e   0x0809521e   0x00000002   PAD
    0x08095220   0x08095220   0x00000410   Code   RO           18    i.print_reset_cause  main.o
    0x08095630   0x08095630   0x00000098   Code   RO         4434    i.prvAddCurrentTaskToDelayedList  tasks.o
    0x080956c8   0x080956c8   0x000000b8   Code   RO         4435    i.prvAddNewTaskToReadyList  tasks.o
    0x08095780   0x08095780   0x00000048   Code   RO         4436    i.prvCheckTasksWaitingTermination  tasks.o
    0x080957c8   0x080957c8   0x0000002a   Code   RO         4063    i.prvCopyDataFromQueue  queue.o
    0x080957f2   0x080957f2   0x0000007e   Code   RO         4064    i.prvCopyDataToQueue  queue.o
    0x08095870   0x08095870   0x00000050   Code   RO         4437    i.prvDeleteTCB      tasks.o
    0x080958c0   0x080958c0   0x0000002e   Code   RO         7453    i.prvGetNumberOfParameters  freertos_cli.o
    0x080958ee   0x080958ee   0x00000002   PAD
    0x080958f0   0x080958f0   0x00000034   Code   RO         7559    i.prvHeapCommand    cli_commands.o
    0x08095924   0x08095924   0x0000007c   Code   RO         5169    i.prvHeapInit       heap_4.o
    0x080959a0   0x080959a0   0x0000004c   Code   RO         7454    i.prvHelpCommand    freertos_cli.o
    0x080959ec   0x080959ec   0x0000002c   Code   RO         4438    i.prvIdleTask       tasks.o
    0x08095a18   0x08095a18   0x0000002a   Code   RO         4067    i.prvInitialiseNewQueue  queue.o
    0x08095a42   0x08095a42   0x000000be   Code   RO         4439    i.prvInitialiseNewTask  tasks.o
    0x08095b00   0x08095b00   0x00000068   Code   RO         4440    i.prvInitialiseTaskLists  tasks.o
    0x08095b68   0x08095b68   0x00000068   Code   RO         5170    i.prvInsertBlockIntoFreeList  heap_4.o
    0x08095bd0   0x08095bd0   0x0000001a   Code   RO         4068    i.prvIsQueueEmpty   queue.o
    0x08095bea   0x08095bea   0x0000001e   Code   RO         4069    i.prvIsQueueFull    queue.o
    0x08095c08   0x08095c08   0x0000006a   Code   RO         4441    i.prvListTasksWithinSingleList  tasks.o
    0x08095c72   0x08095c72   0x00000002   PAD
    0x08095c74   0x08095c74   0x00000108   Code   RO         7560    i.prvMqttCommand    cli_commands.o
    0x08095d7c   0x08095d7c   0x00000090   Code   RO         7561    i.prvNetCommand     cli_commands.o
    0x08095e0c   0x08095e0c   0x00000050   Code   RO         7562    i.prvRebootCommand  cli_commands.o
    0x08095e5c   0x08095e5c   0x00000064   Code   RO         7455    i.prvRegisterCommand  freertos_cli.o
    0x08095ec0   0x08095ec0   0x00000034   Code   RO         4442    i.prvResetNextTaskUnblockTime  tasks.o
    0x08095ef4   0x08095ef4   0x00000016   Code   RO         4443    i.prvTaskCheckFreeStackSpace  tasks.o
    0x08095f0a   0x08095f0a   0x00000002   PAD
    0x08095f0c   0x08095f0c   0x000000f8   Code   RO         7563    i.prvTaskCommand    cli_commands.o
    0x08096004   0x08096004   0x00000040   Code   RO         5238    i.prvTaskExitError  port.o
    0x08096044   0x08096044   0x0000007e   Code   RO         4070    i.prvUnlockQueue    queue.o
    0x080960c2   0x080960c2   0x0000000c   Code   RO         6357    i.put16             dns.o
    0x080960ce   0x080960ce   0x00000002   PAD
    0x080960d0   0x080960d0   0x0000014c   Code   RO         5171    i.pvPortMalloc      heap_4.o
    0x0809621c   0x0809621c   0x0000002c   Code   RO         5239    i.pxPortInitialiseStack  port.o
    0x08096248   0x08096248   0x0000000e   Code   RO         6858    i.readChar          mqttpacket.o
    0x08096256   0x08096256   0x0000001a   Code   RO         6859    i.readInt           mqttpacket.o
    0x08096270   0x08096270   0x0000003a   Code   RO         6860    i.readMQTTLenString  mqttpacket.o
    0x080962aa   0x080962aa   0x000000aa   Code   RO         6598    i.readPacket        mqttclient.o
    0x08096354   0x08096354   0x0000011c   Code   RO         5621    i.recv              socket.o
    0x08096470   0x08096470   0x0000032c   Code   RO         5622    i.recvfrom_IO_6     socket.o
    0x0809679c   0x0809679c   0x0000002c   Code   RO         5623    i.recvfrom_W5x00    socket.o
    0x080967c8   0x080967c8   0x00000040   Code   RO         6145    i.reg_dhcp_cbfunc   dhcp.o
    0x08096808   0x08096808   0x00000028   Code   RO         5868    i.reg_wizchip_cris_cbfunc  wizchip_conf.o
    0x08096830   0x08096830   0x00000028   Code   RO         5869    i.reg_wizchip_cs_cbfunc  wizchip_conf.o
    0x08096858   0x08096858   0x00000034   Code   RO         5871    i.reg_wizchip_spi_cbfunc  wizchip_conf.o
    0x0809688c   0x0809688c   0x00000034   Code   RO         5872    i.reg_wizchip_spiburst_cbfunc  wizchip_conf.o
    0x080968c0   0x080968c0   0x00000020   Code   RO         6146    i.reset_DHCP_timeout  dhcp.o
    0x080968e0   0x080968e0   0x00000014   Code   RO         7355    i.reset_exception_status  mqtt_exception.o
    0x080968f4   0x080968f4   0x00000208   Code   RO         5625    i.send              socket.o
    0x08096afc   0x08096afc   0x00000060   Code   RO         6599    i.sendPacket        mqttclient.o
    0x08096b5c   0x08096b5c   0x00000200   Code   RO         6147    i.send_DHCP_DECLINE  dhcp.o
    0x08096d5c   0x08096d5c   0x00000298   Code   RO         6148    i.send_DHCP_DISCOVER  dhcp.o
    0x08096ff4   0x08096ff4   0x000003e8   Code   RO         6149    i.send_DHCP_REQUEST  dhcp.o
    0x080973dc   0x080973dc   0x000002ac   Code   RO         5626    i.sendto_IO_6       socket.o
    0x08097688   0x08097688   0x00000026   Code   RO         5627    i.sendto_W5x00      socket.o
    0x080976ae   0x080976ae   0x00000002   PAD
    0x080976b0   0x080976b0   0x000001b8   Code   RO         5630    i.socket            socket.o
    0x08097868   0x08097868   0x00000484   Code   RO         6282    i.tcp_client_connect  tcp_client.o
    0x08097cec   0x08097cec   0x0000007c   Code   RO         6283    i.tcp_client_disconnect  tcp_client.o
    0x08097d68   0x08097d68   0x0000004c   Code   RO         6285    i.tcp_client_recv   tcp_client.o
    0x08097db4   0x08097db4   0x00000048   Code   RO         6286    i.tcp_client_send   tcp_client.o
    0x08097dfc   0x08097dfc   0x000003a0   Code   RO         6287    i.tcp_resolve_domain  tcp_client.o
    0x0809819c   0x0809819c   0x000000e0   Code   RO         7278    i.timer_task_create  timer_task.o
    0x0809827c   0x0809827c   0x0000000c   Code   RO         7279    i.timer_task_get_tick  timer_task.o
    0x08098288   0x08098288   0x00000040   Code   RO          484    i.uart_printf       usart.o
    0x080982c8   0x080982c8   0x00000002   Code   RO         7280    i.user_idle_task    timer_task.o
    0x080982ca   0x080982ca   0x00000002   PAD
    0x080982cc   0x080982cc   0x00000034   Code   RO         7281    i.user_led_blink    timer_task.o
    0x08098300   0x08098300   0x00000014   Code   RO         7282    i.user_mqtt_publish  timer_task.o
    0x08098314   0x08098314   0x00000028   Code   RO         4023    i.uxListRemove      list.o
    0x0809833c   0x0809833c   0x0000000c   Code   RO         4448    i.uxTaskGetNumberOfTasks  tasks.o
    0x08098348   0x08098348   0x000000b0   Code   RO         4449    i.uxTaskGetSystemState  tasks.o
    0x080983f8   0x080983f8   0x00000018   Code   RO          322    i.vApplicationGetIdleTaskMemory  freertos.o
    0x08098410   0x08098410   0x00000010   Code   RO          323    i.vApplicationIdleHook  freertos.o
    0x08098420   0x08098420   0x0000001a   Code   RO         4024    i.vListInitialise   list.o
    0x0809843a   0x0809843a   0x00000006   Code   RO         4025    i.vListInitialiseItem  list.o
    0x08098440   0x08098440   0x00000034   Code   RO         4026    i.vListInsert       list.o
    0x08098474   0x08098474   0x00000018   Code   RO         4027    i.vListInsertEnd    list.o
    0x0809848c   0x0809848c   0x00000054   Code   RO         5241    i.vPortEnterCritical  port.o
    0x080984e0   0x080984e0   0x0000003c   Code   RO         5242    i.vPortExitCritical  port.o
    0x0809851c   0x0809851c   0x000000a4   Code   RO         5172    i.vPortFree         heap_4.o
    0x080985c0   0x080985c0   0x00000028   Code   RO         5243    i.vPortSetupTimerInterrupt  port.o
    0x080985e8   0x080985e8   0x00000078   Code   RO         5244    i.vPortValidateInterruptPriority  port.o
    0x08098660   0x08098660   0x0000005c   Code   RO         4454    i.vTaskDelay        tasks.o
    0x080986bc   0x080986bc   0x00000084   Code   RO         4457    i.vTaskGetInfo      tasks.o
    0x08098740   0x08098740   0x00000018   Code   RO         4458    i.vTaskInternalSetTimeOutState  tasks.o
    0x08098758   0x08098758   0x0000000c   Code   RO         4459    i.vTaskMissedYield  tasks.o
    0x08098764   0x08098764   0x00000038   Code   RO         4461    i.vTaskPlaceOnEventList  tasks.o
    0x0809879c   0x0809879c   0x000000b0   Code   RO         4469    i.vTaskStartScheduler  tasks.o
    0x0809884c   0x0809884c   0x00000010   Code   RO         4471    i.vTaskSuspendAll   tasks.o
    0x0809885c   0x0809885c   0x0000008c   Code   RO         4472    i.vTaskSwitchContext  tasks.o
    0x080988e8   0x080988e8   0x00000040   Code   RO         7752    i.version_to_int    ota_client.o
    0x08098928   0x08098928   0x0000000a   Code   RO         5791    i.w5500_cris_enter  w5500_conf.o
    0x08098932   0x08098932   0x0000000a   Code   RO         5792    i.w5500_cris_exit   w5500_conf.o
    0x0809893c   0x0809893c   0x00000014   Code   RO         5793    i.w5500_cs_deselect  w5500_conf.o
    0x08098950   0x08098950   0x00000014   Code   RO         5794    i.w5500_cs_select   w5500_conf.o
    0x08098964   0x08098964   0x00000034   Code   RO         5796    i.w5500_spi_readburst  w5500_conf.o
    0x08098998   0x08098998   0x00000024   Code   RO         5797    i.w5500_spi_readbyte  w5500_conf.o
    0x080989bc   0x080989bc   0x0000001c   Code   RO         5798    i.w5500_spi_writeburst  w5500_conf.o
    0x080989d8   0x080989d8   0x00000018   Code   RO         5799    i.w5500_spi_writebyte  w5500_conf.o
    0x080989f0   0x080989f0   0x00000034   Code   RO         6600    i.waitfor           mqttclient.o
    0x08098a24   0x08098a24   0x00000094   Code   RO           19    i.watchdog_init     main.o
    0x08098ab8   0x08098ab8   0x00000084   Code   RO         5734    i.wiz_recv_data     w5500.o
    0x08098b3c   0x08098b3c   0x00000066   Code   RO         5735    i.wiz_recv_ignore   w5500.o
    0x08098ba2   0x08098ba2   0x00000084   Code   RO         5736    i.wiz_send_data     w5500.o
    0x08098c26   0x08098c26   0x00000006   Code   RO         5874    i.wizchip_bus_readdata  wizchip_conf.o
    0x08098c2c   0x08098c2c   0x00000004   Code   RO         5876    i.wizchip_bus_writedata  wizchip_conf.o
    0x08098c30   0x08098c30   0x00000002   Code   RO         5878    i.wizchip_cris_enter  wizchip_conf.o
    0x08098c32   0x08098c32   0x00000002   Code   RO         5879    i.wizchip_cris_exit  wizchip_conf.o
    0x08098c34   0x08098c34   0x00000002   Code   RO         5880    i.wizchip_cs_deselect  wizchip_conf.o
    0x08098c36   0x08098c36   0x00000002   Code   RO         5881    i.wizchip_cs_select  wizchip_conf.o
    0x08098c38   0x08098c38   0x0000005c   Code   RO         5884    i.wizchip_getnetinfo  wizchip_conf.o
    0x08098c94   0x08098c94   0x0000000a   Code   RO         5885    i.wizchip_getnetmode  wizchip_conf.o
    0x08098c9e   0x08098c9e   0x00000028   Code   RO         5886    i.wizchip_gettimeout  wizchip_conf.o
    0x08098cc6   0x08098cc6   0x00000090   Code   RO         5887    i.wizchip_init      wizchip_conf.o
    0x08098d56   0x08098d56   0x00000002   PAD
    0x08098d58   0x08098d58   0x00000058   Code   RO         5891    i.wizchip_setnetinfo  wizchip_conf.o
    0x08098db0   0x08098db0   0x00000026   Code   RO         5892    i.wizchip_setnetmode  wizchip_conf.o
    0x08098dd6   0x08098dd6   0x00000026   Code   RO         5893    i.wizchip_settimeout  wizchip_conf.o
    0x08098dfc   0x08098dfc   0x00000044   Code   RO         5800    i.wizchip_spi_cbfunc  w5500_conf.o
    0x08098e40   0x08098e40   0x00000024   Code   RO         5894    i.wizchip_spi_readburst  wizchip_conf.o
    0x08098e64   0x08098e64   0x00000004   Code   RO         5895    i.wizchip_spi_readbyte  wizchip_conf.o
    0x08098e68   0x08098e68   0x00000024   Code   RO         5896    i.wizchip_spi_writeburst  wizchip_conf.o
    0x08098e8c   0x08098e8c   0x00000002   Code   RO         5897    i.wizchip_spi_writebyte  wizchip_conf.o
    0x08098e8e   0x08098e8e   0x00000072   Code   RO         5898    i.wizchip_sw_reset  wizchip_conf.o
    0x08098f00   0x08098f00   0x00000018   Code   RO         5900    i.wizphy_getphylink  wizchip_conf.o
    0x08098f18   0x08098f18   0x00000028   Code   RO         6861    i.writeCString      mqttpacket.o
    0x08098f40   0x08098f40   0x0000000c   Code   RO         6862    i.writeChar         mqttpacket.o
    0x08098f4c   0x08098f4c   0x00000030   Code   RO         6863    i.writeInt          mqttpacket.o
    0x08098f7c   0x08098f7c   0x0000003e   Code   RO         6864    i.writeMQTTString   mqttpacket.o
    0x08098fba   0x08098fba   0x00000002   PAD
    0x08098fbc   0x08098fbc   0x0000000c   Code   RO         5175    i.xPortGetFreeHeapSize  heap_4.o
    0x08098fc8   0x08098fc8   0x0000000c   Code   RO         5176    i.xPortGetMinimumEverFreeHeapSize  heap_4.o
    0x08098fd4   0x08098fd4   0x00000168   Code   RO         5245    i.xPortStartScheduler  port.o
    0x0809913c   0x0809913c   0x0000005a   Code   RO         4082    i.xQueueGenericCreate  queue.o
    0x08099196   0x08099196   0x000000e0   Code   RO         4083    i.xQueueGenericCreateStatic  queue.o
    0x08099276   0x08099276   0x00000002   PAD
    0x08099278   0x08099278   0x00000098   Code   RO         4084    i.xQueueGenericReset  queue.o
    0x08099310   0x08099310   0x000001a8   Code   RO         4085    i.xQueueGenericSend  queue.o
    0x080994b8   0x080994b8   0x000000fc   Code   RO         4086    i.xQueueGenericSendFromISR  queue.o
    0x080995b4   0x080995b4   0x00000168   Code   RO         4092    i.xQueueReceive     queue.o
    0x0809971c   0x0809971c   0x000000ca   Code   RO         4093    i.xQueueReceiveFromISR  queue.o
    0x080997e6   0x080997e6   0x00000002   PAD
    0x080997e8   0x080997e8   0x0000008c   Code   RO         4474    i.xTaskCheckForTimeOut  tasks.o
    0x08099874   0x08099874   0x00000064   Code   RO         4475    i.xTaskCreate       tasks.o
    0x080998d8   0x080998d8   0x000000ba   Code   RO         4476    i.xTaskCreateStatic  tasks.o
    0x08099992   0x08099992   0x00000002   PAD
    0x08099994   0x08099994   0x00000020   Code   RO         4480    i.xTaskGetSchedulerState  tasks.o
    0x080999b4   0x080999b4   0x00000148   Code   RO         4483    i.xTaskIncrementTick  tasks.o
    0x08099afc   0x08099afc   0x000000c8   Code   RO         4486    i.xTaskPriorityDisinherit  tasks.o
    0x08099bc4   0x08099bc4   0x00000098   Code   RO         4488    i.xTaskRemoveFromEventList  tasks.o
    0x08099c5c   0x08099c5c   0x00000104   Code   RO         4489    i.xTaskResumeAll    tasks.o
    0x08099d60   0x08099d60   0x00000018   Data   RO         3875    .constdata          system_stm32f4xx.o
    0x08099d78   0x08099d78   0x00000058   Data   RO         6437    .constdata          mqtt_client.o
    0x08099dd0   0x08099dd0   0x00000058   Data   RO         6601    .constdata          mqttclient.o
    0x08099e28   0x08099e28   0x00000054   Data   RO         7164    .constdata          mqtt_task.o
    0x08099e7c   0x08099e7c   0x0000001c   Data   RO         7283    .constdata          timer_task.o
    0x08099e98   0x08099e98   0x0000041c   Data   RO         7357    .constdata          mqtt_exception.o
    0x0809a2b4   0x0809a2b4   0x00000010   Data   RO         7457    .constdata          freertos_cli.o
    0x0809a2c4   0x0809a2c4   0x0000001c   Data   RO         7516    .constdata          cli_task.o
    0x0809a2e0   0x0809a2e0   0x00000050   Data   RO         7564    .constdata          cli_commands.o
    0x0809a330   0x0809a330   0x00000400   Data   RO         7634    .constdata          flash_driver.o
    0x0809a730   0x0809a730   0x0000011c   Data   RO         7754    .constdata          ota_client.o
    0x0809a84c   0x0809a84c   0x00000081   Data   RO         8361    .constdata          mc_w.l(ctype_o.o)
    0x0809a8cd   0x0809a8cd   0x00000003   PAD
    0x0809a8d0   0x0809a8d0   0x00000004   Data   RO         8362    .constdata          mc_w.l(ctype_o.o)
    0x0809a8d4   0x0809a8d4   0x0000030b   Data   RO         7165    .conststring        mqtt_task.o
    0x0809abdf   0x0809abdf   0x00000001   PAD
    0x0809abe0   0x0809abe0   0x0000000a   Data   RO         7284    .conststring        timer_task.o
    0x0809abea   0x0809abea   0x00000002   PAD
    0x0809abec   0x0809abec   0x00000176   Data   RO         7358    .conststring        mqtt_exception.o
    0x0809ad62   0x0809ad62   0x00000002   PAD
    0x0809ad64   0x0809ad64   0x000000dd   Data   RO         7458    .conststring        freertos_cli.o
    0x0809ae41   0x0809ae41   0x00000003   PAD
    0x0809ae44   0x0809ae44   0x00000008   Data   RO         7517    .conststring        cli_task.o
    0x0809ae4c   0x0809ae4c   0x00000191   Data   RO         7565    .conststring        cli_commands.o
    0x0809afdd   0x0809afdd   0x00000003   PAD
    0x0809afe0   0x0809afe0   0x00000052   Data   RO         7635    .conststring        flash_driver.o
    0x0809b032   0x0809b032   0x00000002   PAD
    0x0809b034   0x0809b034   0x00000440   Data   RO         7755    .conststring        ota_client.o
    0x0809b474   0x0809b474   0x00000045   Data   RO         7947    .conststring        ota_params.o
    0x0809b4b9   0x0809b4b9   0x00000003   PAD
    0x0809b4bc   0x0809b4bc   0x00000040   Data   RO         8429    Region$$Table       anon$$obj.o


    Execution Region RW_IRAM1 (Exec base: 0x20000000, Load base: 0x0809b4fc, Size: 0x0001b6c0, Max: 0x0001c000, ABSOLUTE)

    Exec Addr    Load Addr    Size         Type   Attr      Idx    E Section Name        Object

    0x20000000   0x0809b4fc   0x00000004   Data   RW           21    .data               main.o
    0x20000004   0x0809b500   0x00000009   Data   RW         1933    .data               stm32f4xx_hal.o
    0x2000000d   0x0809b509   0x00000003   PAD
    0x20000010   0x0809b50c   0x00000004   Data   RW         3876    .data               system_stm32f4xx.o
    0x20000014   0x0809b510   0x0000000c   Data   RW         5246    .data               port.o
    0x20000020   0x0809b51c   0x00000031   Data   RW         5906    .data               wizchip_conf.o
    0x20000051   0x0809b54d   0x00000003   PAD
    0x20000054   0x0809b550   0x0000000d   Data   RW         6358    .data               dns.o
    0x20000061   0x0809b55d   0x00000003   PAD
    0x20000064   0x0809b560   0x0000001c   Data   RW         7166    .data               mqtt_task.o
    0x20000080   0x0809b57c   0x00000004   Data   RW         7518    .data               cli_task.o
    0x20000084   0x0809b580   0x0000002c   Data   RW         7756    .data               ota_client.o
    0x200000b0   0x0809b5ac   0x00000004   Data   RW         7948    .data               ota_params.o
    0x200000b4        -       0x00000054   Zero   RW           20    .bss                main.o
    0x20000108        -       0x0000025c   Zero   RW          324    .bss                freertos.o
    0x20000364        -       0x00000048   Zero   RW          399    .bss                adc.o
    0x200003ac        -       0x00000048   Zero   RW          650    .bss                stm32f4xx_hal_timebase_tim.o
    0x200003f4        -       0x0000012c   Zero   RW         4491    .bss                tasks.o
    0x20000520        -       0x00010000   Zero   RW         5177    .bss                heap_4.o
    0x20010520        -       0x000084c0   Zero   RW         7067    .bss                mqtt_queue.o
    0x200189e0        -       0x00000c48   Zero   RW         7163    .bss                mqtt_task.o
    0x20019628        -       0x00000010   Zero   RW         7356    .bss                mqtt_exception.o
    0x20019638        -       0x00000014   Zero   RW         7633    .bss                flash_driver.o
    0x2001964c        -       0x0000006e   Zero   RW         7946    .bss                ota_params.o
    0x200196ba   0x0809b5b0   0x00000006   PAD
    0x200196c0        -       0x00002000   Zero   RW            1    STACK               startup_stm32f405xx.o


    Execution Region RW_IRAM2 (Exec base: 0x2001c000, Load base: 0x0809b5b0, Size: 0x000036bc, Max: 0x00004000, ABSOLUTE, COMPRESSED[0x00000040])

    Exec Addr    Load Addr    Size         Type   Attr      Idx    E Section Name        Object

    0x2001c000   COMPRESSED   0x00000020   Data   RW         1137    .data               stm32f4xx_hal_flash.o
    0x2001c020   COMPRESSED   0x0000003c   Data   RW         4492    .data               tasks.o
    0x2001c05c   COMPRESSED   0x00000020   Data   RW         5178    .data               heap_4.o
    0x2001c07c   COMPRESSED   0x0000000e   Data   RW         5632    .data               socket.o
    0x2001c08a   COMPRESSED   0x00000002   PAD
    0x2001c08c   COMPRESSED   0x00000050   Data   RW         6150    .data               dhcp.o
    0x2001c0dc   COMPRESSED   0x00000005   Data   RW         6288    .data               tcp_client.o
    0x2001c0e1   COMPRESSED   0x00000003   PAD
    0x2001c0e4   COMPRESSED   0x00000004   Data   RW         6865    .data               mqttpacket.o
    0x2001c0e8   COMPRESSED   0x0000000c   Data   RW         7068    .data               mqtt_queue.o
    0x2001c0f4   COMPRESSED   0x00000039   Data   RW         7285    .data               timer_task.o
    0x2001c12d   COMPRESSED   0x00000003   PAD
    0x2001c130   COMPRESSED   0x0000000d   Data   RW         7359    .data               mqtt_exception.o
    0x2001c13d   COMPRESSED   0x00000003   PAD
    0x2001c140   COMPRESSED   0x00000014   Data   RW         7459    .data               freertos_cli.o
    0x2001c154   COMPRESSED   0x00000004   Data   RW         7636    .data               flash_driver.o
    0x2001c158   COMPRESSED   0x00000004   Data   RW         8391    .data               mc_w.l(errno.o)
    0x2001c15c        -       0x00000058   Zero   RW          441    .bss                spi.o
    0x2001c1b4        -       0x00000090   Zero   RW          485    .bss                usart.o
    0x2001c244        -       0x00000010   Zero   RW         5631    .bss                socket.o
    0x2001c254        -       0x00003074   Zero   RW         6436    .bss                mqtt_client.o
    0x2001f2c8        -       0x00000280   Zero   RW         7515    .bss                cli_task.o
    0x2001f548        -       0x00000174   Zero   RW         7753    .bss                ota_client.o


==============================================================================

Image component sizes


      Code (inc. data)   RO Data    RW Data    ZI Data      Debug   Object Name

       240         26          0          0         72       1733   adc.o
       844        284        481          0          0      36814   cli_commands.o
       804        198         36          4        640       3917   cli_task.o
       450         10          0          0          0      31639   cmsis_os.o
      4630        354          0         80          0      17758   dhcp.o
      1262         62          0         13          0       9739   dns.o
         0          0          0          0          0      20088   event_groups.o
      2074        598       1106          4         20      11066   flash_driver.o
       552        254          0          0        604       4322   freertos.o
       532         30        237         20          0       6007   freertos_cli.o
       216         12          0          0          0       1003   gpio.o
       748         86          0         32      65536       8644   heap_4.o
       148          0          0          0          0       3586   list.o
      2534        882          0          4         84     718193   main.o
      1500        610         88          0      12404       8201   mqtt_client.o
      3060       1134       1426         13         16      15843   mqtt_exception.o
       326         14          0          0          0       6413   mqtt_port.o
      2040        692          0         12      33984       9540   mqtt_queue.o
     12668       4598        863         28       3144      28019   mqtt_task.o
      2242         18         88          0          0      19783   mqttclient.o
       708         18          0          0          0       5336   mqttconnectclient.o
       276          0          0          0          0       2668   mqttdeserializepublish.o
       600         18          0          4          0      10128   mqttpacket.o
       324          0          0          0          0       2818   mqttserializepublish.o
       368          0          0          0          0       3379   mqttsubscribeclient.o
         0          0          0          0          0       1220   netconf.o
     16368       6166       1372         44        372      28763   ota_client.o
      1008        336         69          4        110       3990   ota_params.o
      1014         92          0         12          0      12081   port.o
      2096         14          0          0          0      18185   queue.o
      3412         78          0         14         16      10724   socket.o
       204         22          0          0         88       1685   spi.o
        36          8        392          0       8192        840   startup_stm32f405xx.o
       136         24          0          9          0       8746   stm32f4xx_hal.o
       852         28          0          0          0       2759   stm32f4xx_hal_adc.o
       304         30          0          0          0      34205   stm32f4xx_hal_cortex.o
       212          0          0          0          0       1967   stm32f4xx_hal_dma.o
       632         64          0         32          0       5994   stm32f4xx_hal_flash.o
       432         28          0          0          0       3270   stm32f4xx_hal_flash_ex.o
       512         46          0          0          0       2120   stm32f4xx_hal_gpio.o
       112          0          0          0          0       1899   stm32f4xx_hal_iwdg.o
        84          6          0          0          0        866   stm32f4xx_hal_msp.o
      1888         94          0          0          0       6313   stm32f4xx_hal_rcc.o
      1582         12          0          0          0       5916   stm32f4xx_hal_spi.o
      1254         76          0          0          0      10430   stm32f4xx_hal_tim.o
       184         30          0          0          0       2541   stm32f4xx_hal_tim_ex.o
       160         20          0          0         72       1439   stm32f4xx_hal_timebase_tim.o
      2488         14          0          0          0      12739   stm32f4xx_hal_uart.o
        86         24          0          0          0       4841   stm32f4xx_it.o
         0          0          0          0          0        392   stream_buffer.o
        32         10         24          4          0       1203   system_stm32f4xx.o
      3388        394          0         60        300      30995   tasks.o
      2356        884          0          5          0      10837   tcp_client.o
       558        156         38         57          0       4910   timer_task.o
       460         44          0          0        144       3707   usart.o
      1090         16          0          0          0       6710   w5500.o
       268         66          0          0          0      10709   w5500_conf.o
       948         90          0         49          0      18478   wizchip_conf.o

    ----------------------------------------------------------------------
     83364      18770       6300        524     125804    1258111   Object Totals
         0          0         64          0          0          0   (incl. Generated)
        62          0         16         20          6          0   (incl. Padding)

    ----------------------------------------------------------------------

      Code (inc. data)   RO Data    RW Data    ZI Data      Debug   Library Member Name

        56          8          0          0          0         84   __0sscanf.o
        86          0          0          0          0          0   __dczerorl2.o
        28          0          0          0          0         68   _chval.o
       816          6          0          0          0        112   _scanf.o
       332          0          0          0          0         96   _scanf_int.o
        64          0          0          0          0         84   _sgetc.o
       158          0          0          0          0         92   _strtoul.o
         8          4        133          0          0         68   ctype_o.o
         0          0          0          0          0          0   entry.o
         0          0          0          0          0          0   entry10a.o
         0          0          0          0          0          0   entry11a.o
         4          0          0          0          0          0   entry12b.o
         8          4          0          0          0          0   entry2.o
         4          0          0          0          0          0   entry5.o
         0          0          0          0          0          0   entry7b.o
         0          0          0          0          0          0   entry8b.o
         8          4          0          0          0          0   entry9a.o
         8          4          0          4          0         68   errno.o
        30          0          0          0          0          0   handlers.o
        36          8          0          0          0         68   init.o
        18          0          0          0          0         76   isspace_o.o
         0          0          0          0          0          0   iusefp.o
        30          0          0          0          0         68   llshl.o
        36          0          0          0          0         68   llsshr.o
        32          0          0          0          0         68   llushr.o
        36          0          0          0          0         68   memcpya.o
        36          0          0          0          0        108   memseta.o
      2312         90          0          0          0        616   printfa.o
        40          8          0          0          0         84   scanf_char.o
        20          0          0          0          0         68   strchr.o
        28          0          0          0          0         76   strcmp.o
        18          0          0          0          0         68   strcpy.o
        14          0          0          0          0         68   strlen.o
        30          0          0          0          0         80   strncmp.o
        24          0          0          0          0         76   strncpy.o
        36          0          0          0          0         80   strstr.o
       114          0          0          0          0         92   strtoul.o
        44          0          0          0          0         80   uidiv.o
        98          0          0          0          0         92   uldiv.o
        48          0          0          0          0         68   cdrcmple.o
       334          0          0          0          0        148   dadd.o
       222          0          0          0          0        100   ddiv.o
       186          0          0          0          0        176   depilogue.o
        48          0          0          0          0         68   dfixul.o
       228          0          0          0          0         96   dmul.o

    ----------------------------------------------------------------------
      5684        136        136          4          0       3332   Library Totals
         6          0          3          0          0          0   (incl. Padding)

    ----------------------------------------------------------------------

      Code (inc. data)   RO Data    RW Data    ZI Data      Debug   Library Name

      4612        136        133          4          0       2676   mc_w.l
      1066          0          0          0          0        656   mf_w.l

    ----------------------------------------------------------------------
      5684        136        136          4          0       3332   Library Totals

    ----------------------------------------------------------------------

==============================================================================


      Code (inc. data)   RO Data    RW Data    ZI Data      Debug   

     89048      18906       6436        528     125804    1218807   Grand Totals
     89048      18906       6436        244     125804    1218807   ELF Image Totals (compressed)
     89048      18906       6436        244          0          0   ROM Totals

==============================================================================

    Total RO  Size (Code + RO Data)                95484 (  93.25kB)
    Total RW  Size (RW Data + ZI Data)            126332 ( 123.37kB)
    Total ROM Size (Code + RO Data + RW Data)      95728 (  93.48kB)

==============================================================================

